Archive member included because of file (symbol)

c:/program files (x86)/atmel/avr tools/avr toolchain/bin/../lib/gcc/avr/4.6.2/../../../../avr/lib/avr5\libm.a(fixsfsi.o)
                              obj_split_keyboard/common/mousekey.o (__fixsfsi)
c:/program files (x86)/atmel/avr tools/avr toolchain/bin/../lib/gcc/avr/4.6.2/../../../../avr/lib/avr5\libm.a(fixunssfsi.o)
                              c:/program files (x86)/atmel/avr tools/avr toolchain/bin/../lib/gcc/avr/4.6.2/../../../../avr/lib/avr5\libm.a(fixsfsi.o) (__fixunssfsi)
c:/program files (x86)/atmel/avr tools/avr toolchain/bin/../lib/gcc/avr/4.6.2/../../../../avr/lib/avr5\libm.a(floatsisf.o)
                              obj_split_keyboard/common/mousekey.o (__floatsisf)
c:/program files (x86)/atmel/avr tools/avr toolchain/bin/../lib/gcc/avr/4.6.2/../../../../avr/lib/avr5\libm.a(fp_split3.o)
                              c:/program files (x86)/atmel/avr tools/avr toolchain/bin/../lib/gcc/avr/4.6.2/../../../../avr/lib/avr5\libm.a(fixunssfsi.o) (__fp_splitA)
c:/program files (x86)/atmel/avr tools/avr toolchain/bin/../lib/gcc/avr/4.6.2/../../../../avr/lib/avr5\libm.a(fp_zero.o)
                              c:/program files (x86)/atmel/avr tools/avr toolchain/bin/../lib/gcc/avr/4.6.2/../../../../avr/lib/avr5\libm.a(fixunssfsi.o) (__fp_zero)
c:/program files (x86)/atmel/avr tools/avr toolchain/bin/../lib/gcc/avr/4.6.2/../../../../avr/lib/avr5\libm.a(mulsf3.o)
                              obj_split_keyboard/common/mousekey.o (__mulsf3)
c:/program files (x86)/atmel/avr tools/avr toolchain/bin/../lib/gcc/avr/4.6.2/../../../../avr/lib/avr5\libm.a(mulsf3x.o)
                              c:/program files (x86)/atmel/avr tools/avr toolchain/bin/../lib/gcc/avr/4.6.2/../../../../avr/lib/avr5\libm.a(mulsf3.o) (__mulsf3x)
c:/program files (x86)/atmel/avr tools/avr toolchain/bin/../lib/gcc/avr/4.6.2/../../../../avr/lib/avr5\libm.a(fp_inf.o)
                              c:/program files (x86)/atmel/avr tools/avr toolchain/bin/../lib/gcc/avr/4.6.2/../../../../avr/lib/avr5\libm.a(mulsf3x.o) (__fp_inf)
c:/program files (x86)/atmel/avr tools/avr toolchain/bin/../lib/gcc/avr/4.6.2/../../../../avr/lib/avr5\libm.a(fp_nan.o)
                              c:/program files (x86)/atmel/avr tools/avr toolchain/bin/../lib/gcc/avr/4.6.2/../../../../avr/lib/avr5\libm.a(mulsf3x.o) (__fp_nan)
c:/program files (x86)/atmel/avr tools/avr toolchain/bin/../lib/gcc/avr/4.6.2/../../../../avr/lib/avr5\libm.a(fp_pscA.o)
                              c:/program files (x86)/atmel/avr tools/avr toolchain/bin/../lib/gcc/avr/4.6.2/../../../../avr/lib/avr5\libm.a(mulsf3x.o) (__fp_pscA)
c:/program files (x86)/atmel/avr tools/avr toolchain/bin/../lib/gcc/avr/4.6.2/../../../../avr/lib/avr5\libm.a(fp_pscB.o)
                              c:/program files (x86)/atmel/avr tools/avr toolchain/bin/../lib/gcc/avr/4.6.2/../../../../avr/lib/avr5\libm.a(mulsf3x.o) (__fp_pscB)
c:/program files (x86)/atmel/avr tools/avr toolchain/bin/../lib/gcc/avr/4.6.2/../../../../avr/lib/avr5\libm.a(fp_round.o)
                              c:/program files (x86)/atmel/avr tools/avr toolchain/bin/../lib/gcc/avr/4.6.2/../../../../avr/lib/avr5\libm.a(mulsf3.o) (__fp_round)
c:/program files (x86)/atmel/avr tools/avr toolchain/bin/../lib/gcc/avr/4.6.2/avr5\libgcc.a(_udivmodqi4.o)
                              obj_split_keyboard/protocol/lufa/lufa.o (__udivmodqi4)
c:/program files (x86)/atmel/avr tools/avr toolchain/bin/../lib/gcc/avr/4.6.2/avr5\libgcc.a(_divmodhi4.o)
                              obj_split_keyboard/common/mousekey.o (__divmodhi4)
c:/program files (x86)/atmel/avr tools/avr toolchain/bin/../lib/gcc/avr/4.6.2/avr5\libgcc.a(_exit.o)
                              c:/program files (x86)/atmel/avr tools/avr toolchain/bin/../lib/gcc/avr/4.6.2/../../../../avr/lib/avr5/crtm32u4.o (exit)
c:/program files (x86)/atmel/avr tools/avr toolchain/bin/../lib/gcc/avr/4.6.2/avr5\libgcc.a(_copy_data.o)
                              obj_split_keyboard/actionmap_plain.o (__do_copy_data)
c:/program files (x86)/atmel/avr tools/avr toolchain/bin/../lib/gcc/avr/4.6.2/avr5\libgcc.a(_clear_bss.o)
                              obj_split_keyboard/actionmap_plain.o (__do_clear_bss)
c:/program files (x86)/atmel/avr tools/avr toolchain/bin/../lib/gcc/avr/4.6.2/avr5\libgcc.a(_udivmodhi4.o)
                              c:/program files (x86)/atmel/avr tools/avr toolchain/bin/../lib/gcc/avr/4.6.2/avr5\libgcc.a(_divmodhi4.o) (__udivmodhi4)
c:/program files (x86)/atmel/avr tools/avr toolchain/bin/../lib/gcc/avr/4.6.2/../../../../avr/lib/avr5\libc.a(eerd_byte_atmega32u4.o)
                              obj_split_keyboard/split-util.o (__eerd_byte_m32u4)
c:/program files (x86)/atmel/avr tools/avr toolchain/bin/../lib/gcc/avr/4.6.2/../../../../avr/lib/avr5\libc.a(eerd_word_atmega32u4.o)
                              obj_split_keyboard/common/avr/eeconfig.o (__eerd_word_m32u4)
[...]
Memory Configuration

Name             Origin             Length             Attributes
text             0x00000000         0x00020000         xr
data             0x00800060         0x0000ffa0         rw !x
eeprom           0x00810000         0x00010000         rw !x
fuse             0x00820000         0x00000400         rw !x
lock             0x00830000         0x00000400         rw !x
signature        0x00840000         0x00000400         rw !x
*default*        0x00000000         0xffffffff

Linker script and memory map

Address of section .data set to 0x800100
LOAD c:/program files (x86)/atmel/avr tools/avr toolchain/bin/../lib/gcc/avr/4.6.2/../../../../avr/lib/avr5/crtm32u4.o
LOAD obj_split_keyboard/actionmap_plain.o
LOAD obj_split_keyboard/matrix.o
LOAD obj_split_keyboard/i2c.o
LOAD obj_split_keyboard/serial.o
LOAD obj_split_keyboard/split-util.o
LOAD obj_split_keyboard/led.o
LOAD obj_split_keyboard/protocol/lufa/lufa.o
LOAD obj_split_keyboard/protocol/lufa/descriptor.o
LOAD obj_split_keyboard/protocol/lufa/LUFA-git/LUFA/Drivers/USB/Class/Common/HIDParser.o
LOAD obj_split_keyboard/protocol/lufa/LUFA-git/LUFA/Drivers/USB/Core/AVR8/Device_AVR8.o
LOAD obj_split_keyboard/protocol/lufa/LUFA-git/LUFA/Drivers/USB/Core/AVR8/EndpointStream_AVR8.o
LOAD obj_split_keyboard/protocol/lufa/LUFA-git/LUFA/Drivers/USB/Core/AVR8/Endpoint_AVR8.o
LOAD obj_split_keyboard/protocol/lufa/LUFA-git/LUFA/Drivers/USB/Core/AVR8/Host_AVR8.o
LOAD obj_split_keyboard/protocol/lufa/LUFA-git/LUFA/Drivers/USB/Core/AVR8/PipeStream_AVR8.o
LOAD obj_split_keyboard/protocol/lufa/LUFA-git/LUFA/Drivers/USB/Core/AVR8/Pipe_AVR8.o
LOAD obj_split_keyboard/protocol/lufa/LUFA-git/LUFA/Drivers/USB/Core/AVR8/USBController_AVR8.o
LOAD obj_split_keyboard/protocol/lufa/LUFA-git/LUFA/Drivers/USB/Core/AVR8/USBInterrupt_AVR8.o
LOAD obj_split_keyboard/protocol/lufa/LUFA-git/LUFA/Drivers/USB/Core/ConfigDescriptors.o
LOAD obj_split_keyboard/protocol/lufa/LUFA-git/LUFA/Drivers/USB/Core/DeviceStandardReq.o
LOAD obj_split_keyboard/protocol/lufa/LUFA-git/LUFA/Drivers/USB/Core/Events.o
LOAD obj_split_keyboard/protocol/lufa/LUFA-git/LUFA/Drivers/USB/Core/HostStandardReq.o
LOAD obj_split_keyboard/protocol/lufa/LUFA-git/LUFA/Drivers/USB/Core/USBTask.o
LOAD obj_split_keyboard/common/host.o
LOAD obj_split_keyboard/common/keyboard.o
LOAD obj_split_keyboard/common/action.o
LOAD obj_split_keyboard/common/action_tapping.o
LOAD obj_split_keyboard/common/action_macro.o
LOAD obj_split_keyboard/common/action_layer.o
LOAD obj_split_keyboard/common/action_util.o
LOAD obj_split_keyboard/common/print.o
LOAD obj_split_keyboard/common/debug.o
LOAD obj_split_keyboard/common/util.o
LOAD obj_split_keyboard/common/avr/suspend.o
LOAD obj_split_keyboard/common/avr/xprintf.o
LOAD obj_split_keyboard/common/avr/timer.o
LOAD obj_split_keyboard/common/avr/bootloader.o
LOAD obj_split_keyboard/common/actionmap.o
LOAD obj_split_keyboard/common/bootmagic.o
LOAD obj_split_keyboard/common/avr/eeconfig.o
LOAD obj_split_keyboard/common/mousekey.o
LOAD obj_split_keyboard/common/command.o
LOAD obj_split_keyboard/common/sleep_led.o
LOAD c:/program files (x86)/atmel/avr tools/avr toolchain/bin/../lib/gcc/avr/4.6.2/../../../../avr/lib/avr5\libm.a
LOAD c:/program files (x86)/atmel/avr tools/avr toolchain/bin/../lib/gcc/avr/4.6.2/avr5\libgcc.a
LOAD c:/program files (x86)/atmel/avr tools/avr toolchain/bin/../lib/gcc/avr/4.6.2/../../../../avr/lib/avr5\libc.a
LOAD c:/program files (x86)/atmel/avr tools/avr toolchain/bin/../lib/gcc/avr/4.6.2/avr5\libgcc.a

.hash
 *(.hash)

.dynsym
 *(.dynsym)

.dynstr
 *(.dynstr)

.gnu.version
 *(.gnu.version)

.gnu.version_d
 *(.gnu.version_d)

.gnu.version_r
 *(.gnu.version_r)

.rel.init
 *(.rel.init)

.rela.init
 *(.rela.init)

.rel.text
 *(.rel.text)
 *(.rel.text.*)
 *(.rel.gnu.linkonce.t*)

.rela.text
 *(.rela.text)
 *(.rela.text.*)
 *(.rela.gnu.linkonce.t*)

.rel.fini
 *(.rel.fini)

.rela.fini
 *(.rela.fini)

.rel.rodata
 *(.rel.rodata)
 *(.rel.rodata.*)
 *(.rel.gnu.linkonce.r*)

.rela.rodata
 *(.rela.rodata)
 *(.rela.rodata.*)
 *(.rela.gnu.linkonce.r*)

.rel.data
 *(.rel.data)
 *(.rel.data.*)
 *(.rel.gnu.linkonce.d*)

.rela.data
 *(.rela.data)
 *(.rela.data.*)
 *(.rela.gnu.linkonce.d*)

.rel.ctors
 *(.rel.ctors)

.rela.ctors
 *(.rela.ctors)

.rel.dtors
 *(.rel.dtors)

.rela.dtors
 *(.rela.dtors)

.rel.got
 *(.rel.got)

.rela.got
 *(.rela.got)

.rel.bss
 *(.rel.bss)

.rela.bss
 *(.rela.bss)

.rel.plt
 *(.rel.plt)

.rela.plt
 *(.rela.plt)

.text           0x00000000     0x5bd4
 *(.vectors)
 .vectors       0x00000000       0xac c:/program files (x86)/atmel/avr tools/avr toolchain/bin/../lib/gcc/avr/4.6.2/../../../../avr/lib/avr5/crtm32u4.o
                0x00000000                __vector_default
                0x00000000                __vectors
 *(.vectors)
 *(.progmem.gcc*)
 *(.progmem*)
 .progmem.data  0x000000ac       0x78 obj_split_keyboard/actionmap_plain.o
                0x000000ac                actionmaps
 .progmem.data  0x00000124       0x27 obj_split_keyboard/matrix.o
 .progmem.data  0x0000014b       0x3a obj_split_keyboard/protocol/lufa/lufa.o
 .progmem.data  0x00000185      0x1ec obj_split_keyboard/protocol/lufa/descriptor.o
                0x00000185                ProductString
                0x000001a5                ManufacturerString
                0x000001b3                LanguageString
                0x000001b7                ConfigurationDescriptor
                0x00000244                DeviceDescriptor
                0x00000256                NKROReport
                0x0000028f                ConsoleReport
                0x000002af                ExtrakeyReport
                0x000002e5                MouseReport
                0x00000332                KeyboardReport
 .progmem.data  0x00000371       0x1a obj_split_keyboard/common/host.o
 .progmem.data  0x0000038b       0x1a obj_split_keyboard/common/keyboard.o
 .progmem.data  0x000003a5       0x3c obj_split_keyboard/common/action_util.o
 .progmem.data  0x000003e1       0x1c obj_split_keyboard/common/bootmagic.o
 .progmem.data  0x000003fd       0x4a obj_split_keyboard/common/mousekey.o
 .progmem.data  0x00000447      0x762 obj_split_keyboard/common/command.o
 .progmem.data  0x00000ba9       0x40 obj_split_keyboard/common/sleep_led.o
                0x00000bea                . = ALIGN (0x2)
 *fill*         0x00000be9        0x1 00
                0x00000bea                __trampolines_start = .
 *(.trampolines)
 .trampolines   0x00000bea        0x0 linker stubs
 *(.trampolines*)
                0x00000bea                __trampolines_end = .
 *(.jumptables)
 *(.jumptables*)
 *(.lowtext)
 *(.lowtext*)
                0x00000bea                __ctors_start = .
 *(.ctors)
                0x00000bea                __ctors_end = .
                0x00000bea                __dtors_start = .
 *(.dtors)
                0x00000bea                __dtors_end = .
 SORT(*)(.ctors)
 SORT(*)(.dtors)
 *(.init0)
 .init0         0x00000bea        0x0 c:/program files (x86)/atmel/avr tools/avr toolchain/bin/../lib/gcc/avr/4.6.2/../../../../avr/lib/avr5/crtm32u4.o
                0x00000bea                __init
 *(.init0)
 *(.init1)
 *(.init1)
 *(.init2)
 .init2         0x00000bea        0xc c:/program files (x86)/atmel/avr tools/avr toolchain/bin/../lib/gcc/avr/4.6.2/../../../../avr/lib/avr5/crtm32u4.o
 *(.init2)
 *(.init3)
 .init3         0x00000bf6       0x54 obj_split_keyboard/common/avr/bootloader.o
                0x00000bf6                bootloader_jump_after_watchdog_reset
 *(.init3)
 *(.init4)
 .init4         0x00000c4a       0x16 c:/program files (x86)/atmel/avr tools/avr toolchain/bin/../lib/gcc/avr/4.6.2/avr5\libgcc.a(_copy_data.o)
                0x00000c4a                __do_copy_data
 .init4         0x00000c60       0x10 c:/program files (x86)/atmel/avr tools/avr toolchain/bin/../lib/gcc/avr/4.6.2/avr5\libgcc.a(_clear_bss.o)
                0x00000c60                __do_clear_bss
 *(.init4)
 *(.init5)
 *(.init5)
 *(.init6)
 *(.init6)
 *(.init7)
 *(.init7)
 *(.init8)
 *(.init8)
 *(.init9)
 .init9         0x00000c70        0x8 c:/program files (x86)/atmel/avr tools/avr toolchain/bin/../lib/gcc/avr/4.6.2/../../../../avr/lib/avr5/crtm32u4.o
 *(.init9)
 *(.text)
 .text          0x00000c78        0x4 c:/program files (x86)/atmel/avr tools/avr toolchain/bin/../lib/gcc/avr/4.6.2/../../../../avr/lib/avr5/crtm32u4.o
                0x00000c78                __vector_38
                0x00000c78                __vector_22
                0x00000c78                __vector_28
                0x00000c78                __vector_32
                0x00000c78                __vector_34
                0x00000c78                __vector_24
                0x00000c78                __vector_12
                0x00000c78                __bad_interrupt
                0x00000c78                __vector_6
                0x00000c78                __vector_31
                0x00000c78                __vector_35
                0x00000c78                __vector_39
                0x00000c78                __vector_3
                0x00000c78                __vector_23
                0x00000c78                __vector_30
                0x00000c78                __vector_25
                0x00000c78                __vector_13
                0x00000c78                __vector_19
                0x00000c78                __vector_7
                0x00000c78                __vector_41
                0x00000c78                __vector_27
                0x00000c78                __vector_5
                0x00000c78                __vector_33
                0x00000c78                __vector_37
                0x00000c78                __vector_4
                0x00000c78                __vector_9
                0x00000c78                __vector_2
                0x00000c78                __vector_15
                0x00000c78                __vector_29
                0x00000c78                __vector_40
                0x00000c78                __vector_8
                0x00000c78                __vector_26
                0x00000c78                __vector_14
                0x00000c78                __vector_16
                0x00000c78                __vector_18
                0x00000c78                __vector_20
                0x00000c78                __vector_42
 .text          0x00000c7c      0x15c obj_split_keyboard/common/avr/xprintf.o
                0x00000c7c                xputc
                0x00000c94                xputs
                0x00000ca2                xitoa
                0x00000dc6                __xprintf
                0x00000dd8                . = ALIGN (0x2)
 *(.text.*)
 .text.promicro_bootloader_jmp
                0x00000dd8       0x2e obj_split_keyboard/actionmap_plain.o
                0x00000dd8                promicro_bootloader_jmp
 .text.action_function
                0x00000e06       0x72 obj_split_keyboard/actionmap_plain.o
                0x00000e06                action_function
 .text.unselect_rows
                0x00000e78       0x48 obj_split_keyboard/matrix.o
 .text.matrix_init
                0x00000ec0       0x6e obj_split_keyboard/matrix.o
                0x00000ec0                matrix_init
 .text._matrix_scan
                0x00000f2e      0x154 obj_split_keyboard/matrix.o
                0x00000f2e                _matrix_scan
 .text.serial_transaction
                0x00001082       0x4e obj_split_keyboard/matrix.o
                0x00001082                serial_transaction
 .text.matrix_scan
                0x000010d0       0x4e obj_split_keyboard/matrix.o
                0x000010d0                matrix_scan
 .text.matrix_slave_scan
                0x0000111e       0x38 obj_split_keyboard/matrix.o
                0x0000111e                matrix_slave_scan
 .text.matrix_get_row
                0x00001156        0xc obj_split_keyboard/matrix.o
                0x00001156                matrix_get_row
 .text.matrix_print
                0x00001162       0x9e obj_split_keyboard/matrix.o
                0x00001162                matrix_print
 .text.__vector_36
                0x00001200       0xd2 obj_split_keyboard/i2c.o
                0x00001200                __vector_36
 .text.serial_output
                0x000012d2        0x4 obj_split_keyboard/serial.o
 .text.serial_input
                0x000012d6        0x6 obj_split_keyboard/serial.o
 .text.serial_high
                0x000012dc        0x4 obj_split_keyboard/serial.o
 .text.sync_recv
                0x000012e0       0x12 obj_split_keyboard/serial.o
 .text.sync_send
                0x000012f2       0x12 obj_split_keyboard/serial.o
 .text.serial_read_byte
                0x00001304       0x24 obj_split_keyboard/serial.o
 .text.serial_write_byte
                0x00001328       0x3e obj_split_keyboard/serial.o
 .text.serial_master_init
                0x00001366        0xa obj_split_keyboard/serial.o
                0x00001366                serial_master_init
 .text.serial_slave_init
                0x00001370       0x12 obj_split_keyboard/serial.o
                0x00001370                serial_slave_init
 .text.__vector_1
                0x00001382       0xe6 obj_split_keyboard/serial.o
                0x00001382                __vector_1
 .text.serial_update_buffers
                0x00001468       0xb8 obj_split_keyboard/serial.o
                0x00001468                serial_update_buffers
 .text.has_usb  0x00001520       0x1a obj_split_keyboard/split-util.o
                0x00001520                has_usb
 .text.split_keyboard_setup
                0x0000153a       0x2a obj_split_keyboard/split-util.o
                0x0000153a                split_keyboard_setup
 .text.keyboard_slave_loop
                0x00001564        0xa obj_split_keyboard/split-util.o
                0x00001564                keyboard_slave_loop
 .text.matrix_setup
                0x0000156e       0x12 obj_split_keyboard/split-util.o
                0x0000156e                matrix_setup
 .text.led_set  0x00001580        0x2 obj_split_keyboard/led.o
                0x00001580                led_set
 .text.keyboard_leds
                0x00001582        0x6 obj_split_keyboard/protocol/lufa/lufa.o
 .text.sendchar
                0x00001588       0xcc obj_split_keyboard/protocol/lufa/lufa.o
                0x00001588                sendchar
 .text.send_consumer
                0x00001654       0x68 obj_split_keyboard/protocol/lufa/lufa.o
 .text.send_system
                0x000016bc       0x6a obj_split_keyboard/protocol/lufa/lufa.o
 .text.send_mouse
                0x00001726       0x48 obj_split_keyboard/protocol/lufa/lufa.o
 .text.send_keyboard
                0x0000176e       0xae obj_split_keyboard/protocol/lufa/lufa.o
 .text.EVENT_USB_Device_Connect
                0x0000181c       0x24 obj_split_keyboard/protocol/lufa/lufa.o
                0x0000181c                EVENT_USB_Device_Connect
 .text.EVENT_USB_Device_Disconnect
                0x00001840        0xe obj_split_keyboard/protocol/lufa/lufa.o
                0x00001840                EVENT_USB_Device_Disconnect
 .text.EVENT_USB_Device_Reset
                0x0000184e        0xa obj_split_keyboard/protocol/lufa/lufa.o
                0x0000184e                EVENT_USB_Device_Reset
 .text.EVENT_USB_Device_Suspend
                0x00001858        0xe obj_split_keyboard/protocol/lufa/lufa.o
                0x00001858                EVENT_USB_Device_Suspend
 .text.EVENT_USB_Device_WakeUp
                0x00001866       0x1a obj_split_keyboard/protocol/lufa/lufa.o
                0x00001866                EVENT_USB_Device_WakeUp
 .text.EVENT_USB_Device_StartOfFrame
                0x00001880       0x80 obj_split_keyboard/protocol/lufa/lufa.o
                0x00001880                EVENT_USB_Device_StartOfFrame
 .text.EVENT_USB_Device_ConfigurationChanged
                0x00001900       0x34 obj_split_keyboard/protocol/lufa/lufa.o
                0x00001900                EVENT_USB_Device_ConfigurationChanged
 .text.EVENT_USB_Device_ControlRequest
                0x00001934      0x17e obj_split_keyboard/protocol/lufa/lufa.o
                0x00001934                EVENT_USB_Device_ControlRequest
 .text.startup.main
                0x00001ab2       0xa0 obj_split_keyboard/protocol/lufa/lufa.o
                0x00001ab2                main
 .text.CALLBACK_USB_GetDescriptor
                0x00001b52       0xa6 obj_split_keyboard/protocol/lufa/descriptor.o
                0x00001b52                CALLBACK_USB_GetDescriptor
 .text.USB_Device_SendRemoteWakeup
                0x00001bf8       0x2c obj_split_keyboard/protocol/lufa/LUFA-git/LUFA/Drivers/USB/Core/AVR8/Device_AVR8.o
                0x00001bf8                USB_Device_SendRemoteWakeup
 .text.Endpoint_Write_Stream_LE
                0x00001c24       0xa2 obj_split_keyboard/protocol/lufa/LUFA-git/LUFA/Drivers/USB/Core/AVR8/EndpointStream_AVR8.o
                0x00001c24                Endpoint_Write_Stream_LE
 .text.Endpoint_Write_Control_Stream_LE
                0x00001cc6       0xcc obj_split_keyboard/protocol/lufa/LUFA-git/LUFA/Drivers/USB/Core/AVR8/EndpointStream_AVR8.o
                0x00001cc6                Endpoint_Write_Control_Stream_LE
 .text.Endpoint_Write_Control_PStream_LE
                0x00001d92       0xce obj_split_keyboard/protocol/lufa/LUFA-git/LUFA/Drivers/USB/Core/AVR8/EndpointStream_AVR8.o
                0x00001d92                Endpoint_Write_Control_PStream_LE
 .text.Endpoint_ConfigureEndpoint_Prv
                0x00001e60       0x6a obj_split_keyboard/protocol/lufa/LUFA-git/LUFA/Drivers/USB/Core/AVR8/Endpoint_AVR8.o
                0x00001e60                Endpoint_ConfigureEndpoint_Prv
 .text.Endpoint_ClearStatusStage
                0x00001eca       0x42 obj_split_keyboard/protocol/lufa/LUFA-git/LUFA/Drivers/USB/Core/AVR8/Endpoint_AVR8.o
                0x00001eca                Endpoint_ClearStatusStage
 .text.Endpoint_WaitUntilReady
                0x00001f0c       0x66 obj_split_keyboard/protocol/lufa/LUFA-git/LUFA/Drivers/USB/Core/AVR8/Endpoint_AVR8.o
                0x00001f0c                Endpoint_WaitUntilReady
 .text.USB_Disable
                0x00001f72       0x34 obj_split_keyboard/protocol/lufa/LUFA-git/LUFA/Drivers/USB/Core/AVR8/USBController_AVR8.o
                0x00001f72                USB_Disable
 .text.USB_ResetInterface
                0x00001fa6       0x86 obj_split_keyboard/protocol/lufa/LUFA-git/LUFA/Drivers/USB/Core/AVR8/USBController_AVR8.o
                0x00001fa6                USB_ResetInterface
 .text.USB_Init
                0x0000202c       0x24 obj_split_keyboard/protocol/lufa/LUFA-git/LUFA/Drivers/USB/Core/AVR8/USBController_AVR8.o
                0x0000202c                USB_Init
 .text.USB_INT_DisableAllInterrupts
                0x00002050       0x10 obj_split_keyboard/protocol/lufa/LUFA-git/LUFA/Drivers/USB/Core/AVR8/USBInterrupt_AVR8.o
                0x00002050                USB_INT_DisableAllInterrupts
 .text.USB_INT_ClearAllInterrupts
                0x00002060        0xa obj_split_keyboard/protocol/lufa/LUFA-git/LUFA/Drivers/USB/Core/AVR8/USBInterrupt_AVR8.o
                0x00002060                USB_INT_ClearAllInterrupts
 .text.__vector_10
                0x0000206a      0x1a4 obj_split_keyboard/protocol/lufa/LUFA-git/LUFA/Drivers/USB/Core/AVR8/USBInterrupt_AVR8.o
                0x0000206a                __vector_10
 .text.__vector_11
                0x0000220e       0x78 obj_split_keyboard/protocol/lufa/LUFA-git/LUFA/Drivers/USB/Core/AVR8/USBInterrupt_AVR8.o
                0x0000220e                __vector_11
 .text.USB_Device_ProcessControlRequest
                0x00002286      0x2dc obj_split_keyboard/protocol/lufa/LUFA-git/LUFA/Drivers/USB/Core/DeviceStandardReq.o
                0x00002286                USB_Device_ProcessControlRequest
 .text.host_set_driver
                0x00002562        0xa obj_split_keyboard/common/host.o
                0x00002562                host_set_driver
 .text.host_keyboard_leds
                0x0000256c       0x1a obj_split_keyboard/common/host.o
                0x0000256c                host_keyboard_leds
 .text.host_keyboard_send
                0x00002586       0x96 obj_split_keyboard/common/host.o
                0x00002586                host_keyboard_send
 .text.host_mouse_send
                0x0000261c       0x16 obj_split_keyboard/common/host.o
                0x0000261c                host_mouse_send
 .text.host_system_send
                0x00002632       0x2c obj_split_keyboard/common/host.o
                0x00002632                host_system_send
 .text.host_consumer_send
                0x0000265e       0x2c obj_split_keyboard/common/host.o
                0x0000265e                host_consumer_send
 .text.keyboard_setup
                0x0000268a        0x6 obj_split_keyboard/common/keyboard.o
                0x0000268a                keyboard_setup
 .text.keyboard_init
                0x00002690        0xe obj_split_keyboard/common/keyboard.o
                0x00002690                keyboard_init
 .text.keyboard_set_leds
                0x0000269e       0x64 obj_split_keyboard/common/keyboard.o
                0x0000269e                keyboard_set_leds
 .text.keyboard_task
                0x00002702      0x128 obj_split_keyboard/common/keyboard.o
                0x00002702                keyboard_task
 .text.action_exec
                0x0000282a       0x64 obj_split_keyboard/common/action.o
                0x0000282a                action_exec
 .text.register_code
                0x0000288e      0x1a6 obj_split_keyboard/common/action.o
                0x0000288e                register_code
 .text.unregister_code
                0x00002a34       0xa4 obj_split_keyboard/common/action.o
                0x00002a34                unregister_code
 .text.register_mods
                0x00002ad8        0xe obj_split_keyboard/common/action.o
                0x00002ad8                register_mods
 .text.unregister_mods
                0x00002ae6        0xe obj_split_keyboard/common/action.o
                0x00002ae6                unregister_mods
 .text.process_action
                0x00002af4      0x50c obj_split_keyboard/common/action.o
                0x00002af4                process_action
 .text.clear_keyboard_but_mods
                0x00003000       0x26 obj_split_keyboard/common/action.o
                0x00003000                clear_keyboard_but_mods
 .text.clear_keyboard
                0x00003026        0xa obj_split_keyboard/common/action.o
                0x00003026                clear_keyboard
 .text.is_tap_key
                0x00003030       0x58 obj_split_keyboard/common/action.o
                0x00003030                is_tap_key
 .text.debug_event
                0x00003088       0x1e obj_split_keyboard/common/action.o
                0x00003088                debug_event
 .text.debug_record
                0x000030a6       0x20 obj_split_keyboard/common/action.o
                0x000030a6                debug_record
 .text.debug_waiting_buffer
                0x000030c6       0x40 obj_split_keyboard/common/action_tapping.o
 .text.debug_tapping_key
                0x00003106       0x1e obj_split_keyboard/common/action_tapping.o
 .text.IS_NOEVENT.isra.0
                0x00003124       0x26 obj_split_keyboard/common/action_tapping.o
 .text.waiting_buffer_scan_tap
                0x0000314a       0xe6 obj_split_keyboard/common/action_tapping.o
 .text.process_tapping
                0x00003230      0x3f8 obj_split_keyboard/common/action_tapping.o
 .text.action_tapping_process
                0x00003628      0x17a obj_split_keyboard/common/action_tapping.o
                0x00003628                action_tapping_process
 .text.action_macro_play
                0x000037a2      0x104 obj_split_keyboard/common/action_macro.o
                0x000037a2                action_macro_play
 .text.default_layer_state_set
                0x000038a6       0x1a obj_split_keyboard/common/action_layer.o
 .text.layer_state_set
                0x000038c0       0x1a obj_split_keyboard/common/action_layer.o
 .text.default_layer_debug
                0x000038da        0x2 obj_split_keyboard/common/action_layer.o
                0x000038da                default_layer_debug
 .text.default_layer_set
                0x000038dc        0x6 obj_split_keyboard/common/action_layer.o
                0x000038dc                default_layer_set
 .text.default_layer_or
                0x000038e2       0x26 obj_split_keyboard/common/action_layer.o
                0x000038e2                default_layer_or
 .text.default_layer_and
                0x00003908       0x26 obj_split_keyboard/common/action_layer.o
                0x00003908                default_layer_and
 .text.default_layer_xor
                0x0000392e       0x26 obj_split_keyboard/common/action_layer.o
                0x0000392e                default_layer_xor
 .text.layer_clear
                0x00003954        0xc obj_split_keyboard/common/action_layer.o
                0x00003954                layer_clear
 .text.layer_move
                0x00003960       0x20 obj_split_keyboard/common/action_layer.o
                0x00003960                layer_move
 .text.layer_on
                0x00003980       0x38 obj_split_keyboard/common/action_layer.o
                0x00003980                layer_on
 .text.layer_off
                0x000039b8       0x40 obj_split_keyboard/common/action_layer.o
                0x000039b8                layer_off
 .text.layer_invert
                0x000039f8       0x38 obj_split_keyboard/common/action_layer.o
                0x000039f8                layer_invert
 .text.layer_or
                0x00003a30       0x26 obj_split_keyboard/common/action_layer.o
                0x00003a30                layer_or
 .text.layer_and
                0x00003a56       0x26 obj_split_keyboard/common/action_layer.o
                0x00003a56                layer_and
 .text.layer_xor
                0x00003a7c       0x26 obj_split_keyboard/common/action_layer.o
                0x00003a7c                layer_xor
 .text.layer_debug
                0x00003aa2        0x2 obj_split_keyboard/common/action_layer.o
                0x00003aa2                layer_debug
 .text.layer_switch_get_action
                0x00003aa4       0x8c obj_split_keyboard/common/action_layer.o
                0x00003aa4                layer_switch_get_action
 .text.get_oneshot_locked_mods
                0x00003b30        0x6 obj_split_keyboard/common/action_util.o
                0x00003b30                get_oneshot_locked_mods
 .text.set_oneshot_locked_mods
                0x00003b36        0x6 obj_split_keyboard/common/action_util.o
                0x00003b36                set_oneshot_locked_mods
 .text.clear_oneshot_locked_mods
                0x00003b3c        0x6 obj_split_keyboard/common/action_util.o
                0x00003b3c                clear_oneshot_locked_mods
 .text.get_oneshot_layer
                0x00003b42        0xc obj_split_keyboard/common/action_util.o
                0x00003b42                get_oneshot_layer
 .text.get_oneshot_layer_state
                0x00003b4e        0x8 obj_split_keyboard/common/action_util.o
                0x00003b4e                get_oneshot_layer_state
 .text.set_oneshot_layer
                0x00003b56       0x14 obj_split_keyboard/common/action_util.o
                0x00003b56                set_oneshot_layer
 .text.reset_oneshot_layer
                0x00003b6a        0x6 obj_split_keyboard/common/action_util.o
                0x00003b6a                reset_oneshot_layer
 .text.clear_oneshot_layer_state
                0x00003b70       0x2e obj_split_keyboard/common/action_util.o
                0x00003b70                clear_oneshot_layer_state
 .text.is_oneshot_layer_active
                0x00003b9e        0xe obj_split_keyboard/common/action_util.o
                0x00003b9e                is_oneshot_layer_active
 .text.add_key  0x00003bac       0xbc obj_split_keyboard/common/action_util.o
                0x00003bac                add_key
 .text.del_key  0x00003c68       0x96 obj_split_keyboard/common/action_util.o
                0x00003c68                del_key
 .text.clear_keys
                0x00003cfe       0x1c obj_split_keyboard/common/action_util.o
                0x00003cfe                clear_keys
 .text.get_mods
                0x00003d1a        0x6 obj_split_keyboard/common/action_util.o
                0x00003d1a                get_mods
 .text.add_mods
                0x00003d20        0xc obj_split_keyboard/common/action_util.o
                0x00003d20                add_mods
 .text.del_mods
                0x00003d2c        0xe obj_split_keyboard/common/action_util.o
                0x00003d2c                del_mods
 .text.clear_mods
                0x00003d3a        0x6 obj_split_keyboard/common/action_util.o
                0x00003d3a                clear_mods
 .text.add_weak_mods
                0x00003d40        0xc obj_split_keyboard/common/action_util.o
                0x00003d40                add_weak_mods
 .text.del_weak_mods
                0x00003d4c        0xe obj_split_keyboard/common/action_util.o
                0x00003d4c                del_weak_mods
 .text.clear_weak_mods
                0x00003d5a        0x6 obj_split_keyboard/common/action_util.o
                0x00003d5a                clear_weak_mods
 .text.set_oneshot_mods
                0x00003d60        0x6 obj_split_keyboard/common/action_util.o
                0x00003d60                set_oneshot_mods
 .text.clear_oneshot_mods
                0x00003d66        0x6 obj_split_keyboard/common/action_util.o
                0x00003d66                clear_oneshot_mods
 .text.has_anykey
                0x00003d6c       0x26 obj_split_keyboard/common/action_util.o
                0x00003d6c                has_anykey
 .text.send_keyboard_report
                0x00003d92       0x50 obj_split_keyboard/common/action_util.o
                0x00003d92                send_keyboard_report
 .text.print_set_sendchar
                0x00003de2        0xa obj_split_keyboard/common/print.o
                0x00003de2                print_set_sendchar
 .text.bitrev   0x00003dec       0x38 obj_split_keyboard/common/util.o
                0x00003dec                bitrev
 .text.bitrev16
                0x00003e24       0x30 obj_split_keyboard/common/util.o
                0x00003e24                bitrev16
 .text.suspend_power_down
                0x00003e54       0x4c obj_split_keyboard/common/avr/suspend.o
                0x00003e54                suspend_power_down
 .text.matrix_power_up
                0x00003ea0        0x2 obj_split_keyboard/common/avr/suspend.o
                0x00003ea0                matrix_power_up
 .text.matrix_power_down
                0x00003ea2        0x2 obj_split_keyboard/common/avr/suspend.o
                0x00003ea2                matrix_power_down
 .text.suspend_wakeup_condition
                0x00003ea4       0x28 obj_split_keyboard/common/avr/suspend.o
                0x00003ea4                suspend_wakeup_condition
 .text.suspend_wakeup_init
                0x00003ecc        0x6 obj_split_keyboard/common/avr/suspend.o
                0x00003ecc                suspend_wakeup_init
 .text.timer_init
                0x00003ed2       0x12 obj_split_keyboard/common/avr/timer.o
                0x00003ed2                timer_init
 .text.timer_read
                0x00003ee4       0x1a obj_split_keyboard/common/avr/timer.o
                0x00003ee4                timer_read
 .text.timer_elapsed
                0x00003efe       0x4c obj_split_keyboard/common/avr/timer.o
                0x00003efe                timer_elapsed
 .text.__vector_21
                0x00003f4a       0x4a obj_split_keyboard/common/avr/timer.o
                0x00003f4a                __vector_21
 .text.bootloader_jump
                0x00003f94       0x46 obj_split_keyboard/common/avr/bootloader.o
                0x00003f94                bootloader_jump
 .text.action_for_key
                0x00003fda       0x38 obj_split_keyboard/common/actionmap.o
                0x00003fda                action_for_key
 .text.action_get_macro
                0x00004012        0x6 obj_split_keyboard/common/actionmap.o
                0x00004012                action_get_macro
 .text.scan_key
                0x00004018       0x8a obj_split_keyboard/common/bootmagic.o
 .text.bootmagic_scan_key
                0x000040a2       0x22 obj_split_keyboard/common/bootmagic.o
                0x000040a2                bootmagic_scan_key
 .text.bootmagic
                0x000040c4      0x280 obj_split_keyboard/common/bootmagic.o
                0x000040c4                bootmagic
 .text.eeconfig_init
                0x00004344       0x36 obj_split_keyboard/common/avr/eeconfig.o
                0x00004344                eeconfig_init
 .text.eeconfig_is_enabled
                0x0000437a       0x18 obj_split_keyboard/common/avr/eeconfig.o
                0x0000437a                eeconfig_is_enabled
 .text.eeconfig_read_debug
                0x00004392        0xa obj_split_keyboard/common/avr/eeconfig.o
                0x00004392                eeconfig_read_debug
 .text.eeconfig_write_debug
                0x0000439c        0xc obj_split_keyboard/common/avr/eeconfig.o
                0x0000439c                eeconfig_write_debug
 .text.eeconfig_read_default_layer
                0x000043a8        0xa obj_split_keyboard/common/avr/eeconfig.o
                0x000043a8                eeconfig_read_default_layer
 .text.eeconfig_write_default_layer
                0x000043b2        0xc obj_split_keyboard/common/avr/eeconfig.o
                0x000043b2                eeconfig_write_default_layer
 .text.eeconfig_read_keymap
                0x000043be        0xa obj_split_keyboard/common/avr/eeconfig.o
                0x000043be                eeconfig_read_keymap
 .text.eeconfig_write_keymap
                0x000043c8        0xc obj_split_keyboard/common/avr/eeconfig.o
                0x000043c8                eeconfig_write_keymap
 .text.move_unit
                0x000043d4       0xb8 obj_split_keyboard/common/mousekey.o
 .text.wheel_unit
                0x0000448c       0x76 obj_split_keyboard/common/mousekey.o
 .text.mousekey_on
                0x00004502       0xd4 obj_split_keyboard/common/mousekey.o
                0x00004502                mousekey_on
 .text.mousekey_off
                0x000045d6      0x10c obj_split_keyboard/common/mousekey.o
                0x000045d6                mousekey_off
 .text.mousekey_send
                0x000046e2      0x1a0 obj_split_keyboard/common/mousekey.o
                0x000046e2                mousekey_send
 .text.mousekey_task
                0x00004882      0x14e obj_split_keyboard/common/mousekey.o
                0x00004882                mousekey_task
 .text.mousekey_clear
                0x000049d0       0x18 obj_split_keyboard/common/mousekey.o
                0x000049d0                mousekey_clear
 .text.command_console_help
                0x000049e8        0xa obj_split_keyboard/common/command.o
 .text.mousekey_console_help
                0x000049f2       0x4a obj_split_keyboard/common/command.o
 .text.mousekey_param_inc
                0x00004a3c      0x1ca obj_split_keyboard/common/command.o
 .text.mousekey_param_dec
                0x00004c06      0x182 obj_split_keyboard/common/command.o
 .text.switch_default_layer
                0x00004d88       0x62 obj_split_keyboard/common/command.o
 .text.command_common
                0x00004dea      0x6ba obj_split_keyboard/common/command.o
 .text.command_extra
                0x000054a4        0x4 obj_split_keyboard/common/command.o
                0x000054a4                command_extra
 .text.command_console_extra
                0x000054a8        0x4 obj_split_keyboard/common/command.o
                0x000054a8                command_console_extra
 .text.command_proc
                0x000054ac      0x350 obj_split_keyboard/common/command.o
                0x000054ac                command_proc
 .text.sleep_led_init
                0x000057fc       0x24 obj_split_keyboard/common/sleep_led.o
                0x000057fc                sleep_led_init
 .text.sleep_led_enable
                0x00005820        0xc obj_split_keyboard/common/sleep_led.o
                0x00005820                sleep_led_enable
 .text.sleep_led_disable
                0x0000582c        0xc obj_split_keyboard/common/sleep_led.o
                0x0000582c                sleep_led_disable
 .text.sleep_led_toggle
                0x00005838        0xe obj_split_keyboard/common/sleep_led.o
                0x00005838                sleep_led_toggle
 .text.__vector_17
                0x00005846       0x7e obj_split_keyboard/common/sleep_led.o
                0x00005846                __vector_17
 .text.avr-libc.fplib
                0x000058c4        0xa c:/program files (x86)/atmel/avr tools/avr toolchain/bin/../lib/gcc/avr/4.6.2/../../../../avr/lib/avr5\libm.a(fixsfsi.o)
                0x000058c4                __fixsfsi
 .text.avr-libc.fplib
                0x000058ce       0x58 c:/program files (x86)/atmel/avr tools/avr toolchain/bin/../lib/gcc/avr/4.6.2/../../../../avr/lib/avr5\libm.a(fixunssfsi.o)
                0x000058ce                __fixunssfsi
 .text.avr-libc.fplib
                0x00005926       0x7a c:/program files (x86)/atmel/avr tools/avr toolchain/bin/../lib/gcc/avr/4.6.2/../../../../avr/lib/avr5\libm.a(floatsisf.o)
                0x00005926                __floatunsisf
                0x0000592a                __floatsisf
 .text.avr-libc.fplib
                0x000059a0       0x44 c:/program files (x86)/atmel/avr tools/avr toolchain/bin/../lib/gcc/avr/4.6.2/../../../../avr/lib/avr5\libm.a(fp_split3.o)
                0x000059a0                __fp_split3
                0x000059b0                __fp_splitA
 .text.avr-libc.fplib
                0x000059e4        0xe c:/program files (x86)/atmel/avr tools/avr toolchain/bin/../lib/gcc/avr/4.6.2/../../../../avr/lib/avr5\libm.a(fp_zero.o)
                0x000059e4                __fp_zero
                0x000059e6                __fp_szero
 .text.avr-libc.fplib
                0x000059f2        0x4 c:/program files (x86)/atmel/avr tools/avr toolchain/bin/../lib/gcc/avr/4.6.2/../../../../avr/lib/avr5\libm.a(mulsf3.o)
                0x000059f2                __mulsf3
 .text.avr-libc.fplib
                0x000059f6       0xc2 c:/program files (x86)/atmel/avr tools/avr toolchain/bin/../lib/gcc/avr/4.6.2/../../../../avr/lib/avr5\libm.a(mulsf3x.o)
                0x00005a0a                __mulsf3x
                0x00005a0e                __mulsf3_pse
 .text.avr-libc.fplib
                0x00005ab8        0xc c:/program files (x86)/atmel/avr tools/avr toolchain/bin/../lib/gcc/avr/4.6.2/../../../../avr/lib/avr5\libm.a(fp_inf.o)
                0x00005ab8                __fp_inf
 .text.avr-libc.fplib
                0x00005ac4        0x6 c:/program files (x86)/atmel/avr tools/avr toolchain/bin/../lib/gcc/avr/4.6.2/../../../../avr/lib/avr5\libm.a(fp_nan.o)
                0x00005ac4                __fp_nan
 .text.avr-libc.fplib
                0x00005aca        0xe c:/program files (x86)/atmel/avr tools/avr toolchain/bin/../lib/gcc/avr/4.6.2/../../../../avr/lib/avr5\libm.a(fp_pscA.o)
                0x00005aca                __fp_pscA
 .text.avr-libc.fplib
                0x00005ad8        0xe c:/program files (x86)/atmel/avr tools/avr toolchain/bin/../lib/gcc/avr/4.6.2/../../../../avr/lib/avr5\libm.a(fp_pscB.o)
                0x00005ad8                __fp_pscB
 .text.avr-libc.fplib
                0x00005ae6       0x22 c:/program files (x86)/atmel/avr tools/avr toolchain/bin/../lib/gcc/avr/4.6.2/../../../../avr/lib/avr5\libm.a(fp_round.o)
                0x00005ae6                __fp_round
 .text.libgcc   0x00005b08       0x18 c:/program files (x86)/atmel/avr tools/avr toolchain/bin/../lib/gcc/avr/4.6.2/avr5\libgcc.a(_udivmodqi4.o)
                0x00005b08                __udivmodqi4
 .text.libgcc   0x00005b20       0x26 c:/program files (x86)/atmel/avr tools/avr toolchain/bin/../lib/gcc/avr/4.6.2/avr5\libgcc.a(_divmodhi4.o)
                0x00005b20                _div
                0x00005b20                __divmodhi4
 .text.libgcc   0x00005b46       0x28 c:/program files (x86)/atmel/avr tools/avr toolchain/bin/../lib/gcc/avr/4.6.2/avr5\libgcc.a(_udivmodhi4.o)
                0x00005b46                __udivmodhi4
 .text.avr-libc
                0x00005b6e       0x10 c:/program files (x86)/atmel/avr tools/avr toolchain/bin/../lib/gcc/avr/4.6.2/../../../../avr/lib/avr5\libc.a(eerd_byte_atmega32u4.o)
                0x00005b6e                __eerd_byte_m32u4
 .text.avr-libc
                0x00005b7e        0xc c:/program files (x86)/atmel/avr tools/avr toolchain/bin/../lib/gcc/avr/4.6.2/../../../../avr/lib/avr5\libc.a(eerd_word_atmega32u4.o)
                0x00005b7e                __eerd_word_m32u4
 .text.avr-libc
                0x00005b8a       0x1c c:/program files (x86)/atmel/avr tools/avr toolchain/bin/../lib/gcc/avr/4.6.2/../../../../avr/lib/avr5\libc.a(eewr_byte_atmega32u4.o)
                0x00005b8a                __eewr_byte_m32u4
                0x00005b8c                __eewr_r18_m32u4
 .text.avr-libc
                0x00005ba6        0xa c:/program files (x86)/atmel/avr tools/avr toolchain/bin/../lib/gcc/avr/4.6.2/../../../../avr/lib/avr5\libc.a(eewr_word_atmega32u4.o)
                0x00005ba6                __eewr_word_m32u4
 .text.avr-libc
                0x00005bb0       0x20 c:/program files (x86)/atmel/avr tools/avr toolchain/bin/../lib/gcc/avr/4.6.2/../../../../avr/lib/avr5\libc.a(eerd_block_atmega32u4.o)
                0x00005bb0                __eerd_block_m32u4
                0x00005bb4                __eerd_blraw_m32u4
                0x00005bd0                . = ALIGN (0x2)
 *(.fini9)
 .fini9         0x00005bd0        0x0 c:/program files (x86)/atmel/avr tools/avr toolchain/bin/../lib/gcc/avr/4.6.2/avr5\libgcc.a(_exit.o)
                0x00005bd0                _exit
                0x00005bd0                exit
 *(.fini9)
 *(.fini8)
 *(.fini8)
 *(.fini7)
 *(.fini7)
 *(.fini6)
 *(.fini6)
 *(.fini5)
 *(.fini5)
 *(.fini4)
 *(.fini4)
 *(.fini3)
 *(.fini3)
 *(.fini2)
 *(.fini2)
 *(.fini1)
 *(.fini1)
 *(.fini0)
 .fini0         0x00005bd0        0x4 c:/program files (x86)/atmel/avr tools/avr toolchain/bin/../lib/gcc/avr/4.6.2/avr5\libgcc.a(_exit.o)
 *(.fini0)
                0x00005bd4                _etext = .

.data           0x00800100       0x4a load address 0x00005bd4
                0x00800100                PROVIDE (__data_start, .)
 *(.data)
 .data          0x00800100        0x0 c:/program files (x86)/atmel/avr tools/avr toolchain/bin/../lib/gcc/avr/4.6.2/../../../../avr/lib/avr5/crtm32u4.o
 .data          0x00800100        0x0 obj_split_keyboard/actionmap_plain.o
 .data          0x00800100        0x0 obj_split_keyboard/matrix.o
 .data          0x00800100        0x0 obj_split_keyboard/i2c.o
 .data          0x00800100        0x0 obj_split_keyboard/serial.o
 .data          0x00800100        0x0 obj_split_keyboard/split-util.o
 .data          0x00800100        0x0 obj_split_keyboard/led.o
 .data          0x00800100        0x0 obj_split_keyboard/protocol/lufa/lufa.o
 .data          0x00800100        0x0 obj_split_keyboard/protocol/lufa/descriptor.o
 .data          0x00800100        0x0 obj_split_keyboard/protocol/lufa/LUFA-git/LUFA/Drivers/USB/Class/Common/HIDParser.o
 .data          0x00800100        0x0 obj_split_keyboard/protocol/lufa/LUFA-git/LUFA/Drivers/USB/Core/AVR8/Device_AVR8.o
 .data          0x00800100        0x0 obj_split_keyboard/protocol/lufa/LUFA-git/LUFA/Drivers/USB/Core/AVR8/EndpointStream_AVR8.o
 .data          0x00800100        0x0 obj_split_keyboard/protocol/lufa/LUFA-git/LUFA/Drivers/USB/Core/AVR8/Endpoint_AVR8.o
 .data          0x00800100        0x0 obj_split_keyboard/protocol/lufa/LUFA-git/LUFA/Drivers/USB/Core/AVR8/Host_AVR8.o
 .data          0x00800100        0x0 obj_split_keyboard/protocol/lufa/LUFA-git/LUFA/Drivers/USB/Core/AVR8/PipeStream_AVR8.o
 .data          0x00800100        0x0 obj_split_keyboard/protocol/lufa/LUFA-git/LUFA/Drivers/USB/Core/AVR8/Pipe_AVR8.o
 .data          0x00800100        0x0 obj_split_keyboard/protocol/lufa/LUFA-git/LUFA/Drivers/USB/Core/AVR8/USBController_AVR8.o
 .data          0x00800100        0x0 obj_split_keyboard/protocol/lufa/LUFA-git/LUFA/Drivers/USB/Core/AVR8/USBInterrupt_AVR8.o
 .data          0x00800100        0x0 obj_split_keyboard/protocol/lufa/LUFA-git/LUFA/Drivers/USB/Core/ConfigDescriptors.o
 .data          0x00800100        0x0 obj_split_keyboard/protocol/lufa/LUFA-git/LUFA/Drivers/USB/Core/DeviceStandardReq.o
 .data          0x00800100        0x0 obj_split_keyboard/protocol/lufa/LUFA-git/LUFA/Drivers/USB/Core/Events.o
 .data          0x00800100        0x0 obj_split_keyboard/protocol/lufa/LUFA-git/LUFA/Drivers/USB/Core/HostStandardReq.o
 .data          0x00800100        0x0 obj_split_keyboard/protocol/lufa/LUFA-git/LUFA/Drivers/USB/Core/USBTask.o
 .data          0x00800100        0x0 obj_split_keyboard/common/host.o
 .data          0x00800100        0x0 obj_split_keyboard/common/keyboard.o
 .data          0x00800100        0x0 obj_split_keyboard/common/action.o
 .data          0x00800100        0x0 obj_split_keyboard/common/action_tapping.o
 .data          0x00800100        0x0 obj_split_keyboard/common/action_macro.o
 .data          0x00800100        0x0 obj_split_keyboard/common/action_layer.o
 .data          0x00800100        0x0 obj_split_keyboard/common/action_util.o
 .data          0x00800100        0x0 obj_split_keyboard/common/print.o
 .data          0x00800100        0x0 obj_split_keyboard/common/debug.o
 .data          0x00800100        0x0 obj_split_keyboard/common/util.o
 .data          0x00800100        0x0 obj_split_keyboard/common/avr/suspend.o
 .data          0x00800100        0x0 obj_split_keyboard/common/avr/xprintf.o
 .data          0x00800100        0x0 obj_split_keyboard/common/avr/timer.o
 .data          0x00800100        0x0 obj_split_keyboard/common/avr/bootloader.o
 .data          0x00800100        0x0 obj_split_keyboard/common/actionmap.o
 .data          0x00800100        0x0 obj_split_keyboard/common/bootmagic.o
 .data          0x00800100        0x0 obj_split_keyboard/common/avr/eeconfig.o
 .data          0x00800100        0x0 obj_split_keyboard/common/mousekey.o
 .data          0x00800100        0x0 obj_split_keyboard/common/command.o
 .data          0x00800100        0x0 obj_split_keyboard/common/sleep_led.o
 .data          0x00800100        0x0 c:/program files (x86)/atmel/avr tools/avr toolchain/bin/../lib/gcc/avr/4.6.2/../../../../avr/lib/avr5\libm.a(fixsfsi.o)
 .data          0x00800100        0x0 c:/program files (x86)/atmel/avr tools/avr toolchain/bin/../lib/gcc/avr/4.6.2/../../../../avr/lib/avr5\libm.a(fixunssfsi.o)
 .data          0x00800100        0x0 c:/program files (x86)/atmel/avr tools/avr toolchain/bin/../lib/gcc/avr/4.6.2/../../../../avr/lib/avr5\libm.a(floatsisf.o)
 .data          0x00800100        0x0 c:/program files (x86)/atmel/avr tools/avr toolchain/bin/../lib/gcc/avr/4.6.2/../../../../avr/lib/avr5\libm.a(fp_split3.o)
 .data          0x00800100        0x0 c:/program files (x86)/atmel/avr tools/avr toolchain/bin/../lib/gcc/avr/4.6.2/../../../../avr/lib/avr5\libm.a(fp_zero.o)
 .data          0x00800100        0x0 c:/program files (x86)/atmel/avr tools/avr toolchain/bin/../lib/gcc/avr/4.6.2/../../../../avr/lib/avr5\libm.a(mulsf3.o)
 .data          0x00800100        0x0 c:/program files (x86)/atmel/avr tools/avr toolchain/bin/../lib/gcc/avr/4.6.2/../../../../avr/lib/avr5\libm.a(mulsf3x.o)
 .data          0x00800100        0x0 c:/program files (x86)/atmel/avr tools/avr toolchain/bin/../lib/gcc/avr/4.6.2/../../../../avr/lib/avr5\libm.a(fp_inf.o)
 .data          0x00800100        0x0 c:/program files (x86)/atmel/avr tools/avr toolchain/bin/../lib/gcc/avr/4.6.2/../../../../avr/lib/avr5\libm.a(fp_nan.o)
 .data          0x00800100        0x0 c:/program files (x86)/atmel/avr tools/avr toolchain/bin/../lib/gcc/avr/4.6.2/../../../../avr/lib/avr5\libm.a(fp_pscA.o)
 .data          0x00800100        0x0 c:/program files (x86)/atmel/avr tools/avr toolchain/bin/../lib/gcc/avr/4.6.2/../../../../avr/lib/avr5\libm.a(fp_pscB.o)
 .data          0x00800100        0x0 c:/program files (x86)/atmel/avr tools/avr toolchain/bin/../lib/gcc/avr/4.6.2/../../../../avr/lib/avr5\libm.a(fp_round.o)
 .data          0x00800100        0x0 c:/program files (x86)/atmel/avr tools/avr toolchain/bin/../lib/gcc/avr/4.6.2/avr5\libgcc.a(_udivmodqi4.o)
 .data          0x00800100        0x0 c:/program files (x86)/atmel/avr tools/avr toolchain/bin/../lib/gcc/avr/4.6.2/avr5\libgcc.a(_divmodhi4.o)
 .data          0x00800100        0x0 c:/program files (x86)/atmel/avr tools/avr toolchain/bin/../lib/gcc/avr/4.6.2/avr5\libgcc.a(_exit.o)
 .data          0x00800100        0x0 c:/program files (x86)/atmel/avr tools/avr toolchain/bin/../lib/gcc/avr/4.6.2/avr5\libgcc.a(_copy_data.o)
 .data          0x00800100        0x0 c:/program files (x86)/atmel/avr tools/avr toolchain/bin/../lib/gcc/avr/4.6.2/avr5\libgcc.a(_clear_bss.o)
 .data          0x00800100        0x0 c:/program files (x86)/atmel/avr tools/avr toolchain/bin/../lib/gcc/avr/4.6.2/avr5\libgcc.a(_udivmodhi4.o)
 .data          0x00800100        0x0 c:/program files (x86)/atmel/avr tools/avr toolchain/bin/../lib/gcc/avr/4.6.2/../../../../avr/lib/avr5\libc.a(eerd_byte_atmega32u4.o)
 .data          0x00800100        0x0 c:/program files (x86)/atmel/avr tools/avr toolchain/bin/../lib/gcc/avr/4.6.2/../../../../avr/lib/avr5\libc.a(eerd_word_atmega32u4.o)
 .data          0x00800100        0x0 c:/program files (x86)/atmel/avr tools/avr toolchain/bin/../lib/gcc/avr/4.6.2/../../../../avr/lib/avr5\libc.a(eeupd_byte_atmega32u4.o)
 .data          0x00800100        0x0 c:/program files (x86)/atmel/avr tools/avr toolchain/bin/../lib/gcc/avr/4.6.2/../../../../avr/lib/avr5\libc.a(eewr_byte_atmega32u4.o)
 .data          0x00800100        0x0 c:/program files (x86)/atmel/avr tools/avr toolchain/bin/../lib/gcc/avr/4.6.2/../../../../avr/lib/avr5\libc.a(eewr_word_atmega32u4.o)
 .data          0x00800100        0x0 c:/program files (x86)/atmel/avr tools/avr toolchain/bin/../lib/gcc/avr/4.6.2/../../../../avr/lib/avr5\libc.a(eerd_block_atmega32u4.o)
 *(.data*)
 .data.debouncing
                0x00800100        0x1 obj_split_keyboard/matrix.o
 .data.isLeftHand
                0x00800101        0x1 obj_split_keyboard/split-util.o
                0x00800101                isLeftHand
 .data.lufa_driver
                0x00800102        0xa obj_split_keyboard/protocol/lufa/lufa.o
                0x00800102                lufa_driver
 .data.keyboard_protocol
                0x0080010c        0x1 obj_split_keyboard/protocol/lufa/lufa.o
                0x0080010c                keyboard_protocol
 .data.keyboard_nkro
                0x0080010d        0x1 obj_split_keyboard/common/host.o
                0x0080010d                keyboard_nkro
 .data.keyboard_report
                0x0080010e        0x2 obj_split_keyboard/common/action_util.o
                0x0080010e                keyboard_report
 .data.mk_wheel_time_to_max
                0x00800110        0x1 obj_split_keyboard/common/mousekey.o
                0x00800110                mk_wheel_time_to_max
 .data.mk_wheel_max_speed
                0x00800111        0x1 obj_split_keyboard/common/mousekey.o
                0x00800111                mk_wheel_max_speed
 .data.mk_time_to_max
                0x00800112        0x1 obj_split_keyboard/common/mousekey.o
                0x00800112                mk_time_to_max
 .data.mk_max_speed
                0x00800113        0x1 obj_split_keyboard/common/mousekey.o
                0x00800113                mk_max_speed
 .data.mk_interval
                0x00800114        0x1 obj_split_keyboard/common/mousekey.o
                0x00800114                mk_interval
 .data.mk_delay
                0x00800115        0x1 obj_split_keyboard/common/mousekey.o
                0x00800115                mk_delay
 *(.rodata)
 *(.rodata*)
 .rodata.row_pins
                0x00800116        0xa obj_split_keyboard/matrix.o
 .rodata.col_pins
                0x00800120        0x6 obj_split_keyboard/matrix.o
 .rodata.CSWTCH.1
                0x00800126        0xa obj_split_keyboard/protocol/lufa/descriptor.o
 .rodata.CSWTCH.3
                0x00800130        0xa obj_split_keyboard/protocol/lufa/descriptor.o
 .rodata.CSWTCH.4
                0x0080013a        0x5 obj_split_keyboard/protocol/lufa/descriptor.o
 .rodata.CSWTCH.43
                0x0080013f        0xa obj_split_keyboard/common/command.o
 *(.gnu.linkonce.d*)
                0x0080014a                . = ALIGN (0x2)
 *fill*         0x00800149        0x1 00
                0x0080014a                _edata = .
                0x0080014a                PROVIDE (__data_end, .)

.bss            0x0080014a       0xfc
                0x0080014a                PROVIDE (__bss_start, .)
 *(.bss)
 .bss           0x0080014a        0x2 obj_split_keyboard/common/avr/xprintf.o
                0x0080014a                xfunc_out
 *(.bss*)
 .bss.matrix    0x0080014c        0xa obj_split_keyboard/matrix.o
 .bss.matrix_debouncing
                0x00800156        0xa obj_split_keyboard/matrix.o
 .bss.error_count
                0x00800160        0x1 obj_split_keyboard/matrix.o
 .bss.slave_has_register_set
                0x00800161        0x1 obj_split_keyboard/i2c.o
 .bss.slave_buffer_pos
                0x00800162        0x1 obj_split_keyboard/i2c.o
 .bss.i2c_slave_buffer
                0x00800163       0x40 obj_split_keyboard/i2c.o
 .bss.status    0x008001a3        0x1 obj_split_keyboard/serial.o
                0x008001a3                status
 .bss.serial_master_buffer
                0x008001a4        0x1 obj_split_keyboard/serial.o
                0x008001a4                serial_master_buffer
 .bss.serial_slave_buffer
                0x008001a5        0x5 obj_split_keyboard/serial.o
                0x008001a5                serial_slave_buffer
 .bss.keyboard_idle
                0x008001aa        0x1 obj_split_keyboard/protocol/lufa/lufa.o
                0x008001aa                keyboard_idle
 .bss.keyboard_report_sent
                0x008001ab       0x10 obj_split_keyboard/protocol/lufa/lufa.o
 .bss.keyboard_led_stats
                0x008001bb        0x1 obj_split_keyboard/protocol/lufa/lufa.o
 .bss.count.4446
                0x008001bc        0x1 obj_split_keyboard/protocol/lufa/lufa.o
 .bss.console_flush
                0x008001bd        0x1 obj_split_keyboard/protocol/lufa/lufa.o
 .bss.timeouted.4516
                0x008001be        0x1 obj_split_keyboard/protocol/lufa/lufa.o
 .bss.driver    0x008001bf        0x2 obj_split_keyboard/common/host.o
 .bss.last_system_report
                0x008001c1        0x2 obj_split_keyboard/common/host.o
 .bss.last_consumer_report
                0x008001c3        0x2 obj_split_keyboard/common/host.o
 .bss.matrix_prev.4500
                0x008001c5        0xa obj_split_keyboard/common/keyboard.o
 .bss.led_status.4501
                0x008001cf        0x1 obj_split_keyboard/common/keyboard.o
 .bss.tapping_key
                0x008001d0        0x6 obj_split_keyboard/common/action_tapping.o
 .bss.waiting_buffer_tail
                0x008001d6        0x1 obj_split_keyboard/common/action_tapping.o
 .bss.waiting_buffer
                0x008001d7       0x30 obj_split_keyboard/common/action_tapping.o
 .bss.waiting_buffer_head
                0x00800207        0x1 obj_split_keyboard/common/action_tapping.o
 .bss.layer_state
                0x00800208        0x4 obj_split_keyboard/common/action_layer.o
                0x00800208                layer_state
 .bss.default_layer_state
                0x0080020c        0x4 obj_split_keyboard/common/action_layer.o
                0x0080020c                default_layer_state
 .bss.oneshot_locked_mods
                0x00800210        0x1 obj_split_keyboard/common/action_util.o
 .bss.oneshot_layer_data
                0x00800211        0x1 obj_split_keyboard/common/action_util.o
 .bss.real_mods
                0x00800212        0x1 obj_split_keyboard/common/action_util.o
 .bss.weak_mods
                0x00800213        0x1 obj_split_keyboard/common/action_util.o
 .bss.oneshot_mods
                0x00800214        0x1 obj_split_keyboard/common/action_util.o
 .bss.__compound_literal.0
                0x00800215       0x10 obj_split_keyboard/common/action_util.o
 .bss.debug_config
                0x00800225        0x1 obj_split_keyboard/common/debug.o
                0x00800225                debug_config
 .bss.wdt_timeout
                0x00800226        0x1 obj_split_keyboard/common/avr/suspend.o
 .bss.timer_count
                0x00800227        0x4 obj_split_keyboard/common/avr/timer.o
                0x00800227                timer_count
 .bss.last_timer
                0x0080022b        0x2 obj_split_keyboard/common/mousekey.o
 .bss.mousekey_repeat
                0x0080022d        0x1 obj_split_keyboard/common/mousekey.o
 .bss.mouse_report
                0x0080022e        0x5 obj_split_keyboard/common/mousekey.o
 .bss.mousekey_accel
                0x00800233        0x1 obj_split_keyboard/common/mousekey.o
 .bss.command_state
                0x00800234        0x1 obj_split_keyboard/common/command.o
                0x00800234                command_state
 .bss.mousekey_param
                0x00800235        0x1 obj_split_keyboard/common/command.o
 .bss.timer.1463
                0x00800236        0x2 obj_split_keyboard/common/sleep_led.o
 *(COMMON)
 COMMON         0x00800238        0x3 obj_split_keyboard/protocol/lufa/LUFA-git/LUFA/Drivers/USB/Core/DeviceStandardReq.o
                0x00800238                USB_Device_ConfigurationNumber
                0x00800239                USB_Device_CurrentlySelfPowered
                0x0080023a                USB_Device_RemoteWakeupEnabled
 COMMON         0x0080023b        0xa obj_split_keyboard/protocol/lufa/LUFA-git/LUFA/Drivers/USB/Core/USBTask.o
                0x0080023b                USB_IsInitialized
                0x0080023c                USB_DeviceState
                0x0080023d                USB_ControlRequest
 COMMON         0x00800245        0x1 obj_split_keyboard/common/keyboard.o
                0x00800245                keymap_config
                0x00800246                PROVIDE (__bss_end, .)
                0x00005bd4                __data_load_start = LOADADDR (.data)
                0x00005c1e                __data_load_end = (__data_load_start + SIZEOF (.data))

.noinit         0x00800246        0x4
                0x00800246                PROVIDE (__noinit_start, .)
 *(.noinit*)
 .noinit        0x00800246        0x4 obj_split_keyboard/common/avr/bootloader.o
                0x00800246                reset_key
                0x0080024a                PROVIDE (__noinit_end, .)
                0x0080024a                _end = .
                0x0080024a                PROVIDE (__heap_start, .)

.eeprom         0x00810000        0x0
 *(.eeprom*)
                0x00810000                __eeprom_end = .

.fuse
 *(.fuse)
 *(.lfuse)
 *(.hfuse)
 *(.efuse)

.lock
 *(.lock*)

.signature
 *(.signature*)

.stab           0x00000000     0x23dc
 *(.stab)
 .stab          0x00000000      0x6cc c:/program files (x86)/atmel/avr tools/avr toolchain/bin/../lib/gcc/avr/4.6.2/../../../../avr/lib/avr5/crtm32u4.o
 .stab          0x000006cc      0x8ac obj_split_keyboard/common/avr/xprintf.o
                                0x8b8 (size before relaxing)
 .stab          0x00000f78       0x6c c:/program files (x86)/atmel/avr tools/avr toolchain/bin/../lib/gcc/avr/4.6.2/../../../../avr/lib/avr5\libm.a(fixsfsi.o)
                                 0x78 (size before relaxing)
 .stab          0x00000fe4      0x240 c:/program files (x86)/atmel/avr tools/avr toolchain/bin/../lib/gcc/avr/4.6.2/../../../../avr/lib/avr5\libm.a(fixunssfsi.o)
                                0x24c (size before relaxing)
 .stab          0x00001224      0x318 c:/program files (x86)/atmel/avr tools/avr toolchain/bin/../lib/gcc/avr/4.6.2/../../../../avr/lib/avr5\libm.a(floatsisf.o)
                                0x324 (size before relaxing)
 .stab          0x0000153c      0x1d4 c:/program files (x86)/atmel/avr tools/avr toolchain/bin/../lib/gcc/avr/4.6.2/../../../../avr/lib/avr5\libm.a(fp_split3.o)
                                0x1e0 (size before relaxing)
 .stab          0x00001710       0x90 c:/program files (x86)/atmel/avr tools/avr toolchain/bin/../lib/gcc/avr/4.6.2/../../../../avr/lib/avr5\libm.a(fp_zero.o)
                                 0x9c (size before relaxing)
 .stab          0x000017a0       0x48 c:/program files (x86)/atmel/avr tools/avr toolchain/bin/../lib/gcc/avr/4.6.2/../../../../avr/lib/avr5\libm.a(mulsf3.o)
                                 0x54 (size before relaxing)
 .stab          0x000017e8      0x4d4 c:/program files (x86)/atmel/avr tools/avr toolchain/bin/../lib/gcc/avr/4.6.2/../../../../avr/lib/avr5\libm.a(mulsf3x.o)
                                0x4e0 (size before relaxing)
 .stab          0x00001cbc       0x78 c:/program files (x86)/atmel/avr tools/avr toolchain/bin/../lib/gcc/avr/4.6.2/../../../../avr/lib/avr5\libm.a(fp_inf.o)
                                 0x84 (size before relaxing)
 .stab          0x00001d34       0x54 c:/program files (x86)/atmel/avr tools/avr toolchain/bin/../lib/gcc/avr/4.6.2/../../../../avr/lib/avr5\libm.a(fp_nan.o)
                                 0x60 (size before relaxing)
 .stab          0x00001d88       0x84 c:/program files (x86)/atmel/avr tools/avr toolchain/bin/../lib/gcc/avr/4.6.2/../../../../avr/lib/avr5\libm.a(fp_pscA.o)
                                 0x90 (size before relaxing)
 .stab          0x00001e0c       0x84 c:/program files (x86)/atmel/avr tools/avr toolchain/bin/../lib/gcc/avr/4.6.2/../../../../avr/lib/avr5\libm.a(fp_pscB.o)
                                 0x90 (size before relaxing)
 .stab          0x00001e90       0xfc c:/program files (x86)/atmel/avr tools/avr toolchain/bin/../lib/gcc/avr/4.6.2/../../../../avr/lib/avr5\libm.a(fp_round.o)
                                0x108 (size before relaxing)
 .stab          0x00001f8c       0x90 c:/program files (x86)/atmel/avr tools/avr toolchain/bin/../lib/gcc/avr/4.6.2/../../../../avr/lib/avr5\libc.a(eerd_byte_atmega32u4.o)
                                 0x9c (size before relaxing)
 .stab          0x0000201c       0x6c c:/program files (x86)/atmel/avr tools/avr toolchain/bin/../lib/gcc/avr/4.6.2/../../../../avr/lib/avr5\libc.a(eerd_word_atmega32u4.o)
                                 0x78 (size before relaxing)
 .stab          0x00002088      0x114 c:/program files (x86)/atmel/avr tools/avr toolchain/bin/../lib/gcc/avr/4.6.2/../../../../avr/lib/avr5\libc.a(eeupd_byte_atmega32u4.o)
                                0x120 (size before relaxing)
 .stab          0x0000219c       0xe4 c:/program files (x86)/atmel/avr tools/avr toolchain/bin/../lib/gcc/avr/4.6.2/../../../../avr/lib/avr5\libc.a(eewr_byte_atmega32u4.o)
                                 0xf0 (size before relaxing)
 .stab          0x00002280       0x54 c:/program files (x86)/atmel/avr tools/avr toolchain/bin/../lib/gcc/avr/4.6.2/../../../../avr/lib/avr5\libc.a(eewr_word_atmega32u4.o)
                                 0x60 (size before relaxing)
 .stab          0x000022d4      0x108 c:/program files (x86)/atmel/avr tools/avr toolchain/bin/../lib/gcc/avr/4.6.2/../../../../avr/lib/avr5\libc.a(eerd_block_atmega32u4.o)
                                0x114 (size before relaxing)

.stabstr        0x00000000      0x7e9
 *(.stabstr)
 .stabstr       0x00000000      0x7e9 c:/program files (x86)/atmel/avr tools/avr toolchain/bin/../lib/gcc/avr/4.6.2/../../../../avr/lib/avr5/crtm32u4.o

.stab.excl
 *(.stab.excl)

.stab.exclstr
 *(.stab.exclstr)

.stab.index
 *(.stab.index)

.stab.indexstr
 *(.stab.indexstr)

.comment
 *(.comment)

.debug
 *(.debug)

.line
 *(.line)

.debug_srcinfo
 *(.debug_srcinfo)

.debug_sfnames
 *(.debug_sfnames)

.debug_aranges  0x00000000      0xbe8
 *(.debug_aranges)
 .debug_aranges
                0x00000000       0x38 obj_split_keyboard/actionmap_plain.o
 .debug_aranges
                0x00000038       0x88 obj_split_keyboard/matrix.o
 .debug_aranges
                0x000000c0       0x78 obj_split_keyboard/i2c.o
 .debug_aranges
                0x00000138       0x70 obj_split_keyboard/serial.o
 .debug_aranges
                0x000001a8       0x38 obj_split_keyboard/split-util.o
 .debug_aranges
                0x000001e0       0x20 obj_split_keyboard/led.o
 .debug_aranges
                0x00000200       0x90 obj_split_keyboard/protocol/lufa/lufa.o
 .debug_aranges
                0x00000290       0x20 obj_split_keyboard/protocol/lufa/descriptor.o
 .debug_aranges
                0x000002b0       0x38 obj_split_keyboard/protocol/lufa/LUFA-git/LUFA/Drivers/USB/Class/Common/HIDParser.o
 .debug_aranges
                0x000002e8       0x20 obj_split_keyboard/protocol/lufa/LUFA-git/LUFA/Drivers/USB/Core/AVR8/Device_AVR8.o
 .debug_aranges
                0x00000308       0xc8 obj_split_keyboard/protocol/lufa/LUFA-git/LUFA/Drivers/USB/Core/AVR8/EndpointStream_AVR8.o
 .debug_aranges
                0x000003d0       0x40 obj_split_keyboard/protocol/lufa/LUFA-git/LUFA/Drivers/USB/Core/AVR8/Endpoint_AVR8.o
 .debug_aranges
                0x00000410       0x30 obj_split_keyboard/protocol/lufa/LUFA-git/LUFA/Drivers/USB/Core/AVR8/USBController_AVR8.o
 .debug_aranges
                0x00000440       0x38 obj_split_keyboard/protocol/lufa/LUFA-git/LUFA/Drivers/USB/Core/AVR8/USBInterrupt_AVR8.o
 .debug_aranges
                0x00000478       0x38 obj_split_keyboard/protocol/lufa/LUFA-git/LUFA/Drivers/USB/Core/ConfigDescriptors.o
 .debug_aranges
                0x000004b0       0x20 obj_split_keyboard/protocol/lufa/LUFA-git/LUFA/Drivers/USB/Core/DeviceStandardReq.o
 .debug_aranges
                0x000004d0       0x20 obj_split_keyboard/protocol/lufa/LUFA-git/LUFA/Drivers/USB/Core/Events.o
 .debug_aranges
                0x000004f0       0x20 obj_split_keyboard/protocol/lufa/LUFA-git/LUFA/Drivers/USB/Core/USBTask.o
 .debug_aranges
                0x00000510       0x60 obj_split_keyboard/common/host.o
 .debug_aranges
                0x00000570       0x40 obj_split_keyboard/common/keyboard.o
 .debug_aranges
                0x000005b0       0x78 obj_split_keyboard/common/action.o
 .debug_aranges
                0x00000628       0x48 obj_split_keyboard/common/action_tapping.o
 .debug_aranges
                0x00000670       0x20 obj_split_keyboard/common/action_macro.o
 .debug_aranges
                0x00000690       0xa0 obj_split_keyboard/common/action_layer.o
 .debug_aranges
                0x00000730      0x100 obj_split_keyboard/common/action_util.o
 .debug_aranges
                0x00000830       0x20 obj_split_keyboard/common/print.o
 .debug_aranges
                0x00000850       0x60 obj_split_keyboard/common/util.o
 .debug_aranges
                0x000008b0       0x48 obj_split_keyboard/common/avr/suspend.o
 .debug_aranges
                0x000008f8       0x50 obj_split_keyboard/common/avr/timer.o
 .debug_aranges
                0x00000948       0x28 obj_split_keyboard/common/avr/bootloader.o
 .debug_aranges
                0x00000970       0x30 obj_split_keyboard/common/actionmap.o
 .debug_aranges
                0x000009a0       0x30 obj_split_keyboard/common/bootmagic.o
 .debug_aranges
                0x000009d0       0x68 obj_split_keyboard/common/avr/eeconfig.o
 .debug_aranges
                0x00000a38       0x50 obj_split_keyboard/common/mousekey.o
 .debug_aranges
                0x00000a88       0x60 obj_split_keyboard/common/command.o
 .debug_aranges
                0x00000ae8       0x40 obj_split_keyboard/common/sleep_led.o
 .debug_aranges
                0x00000b28       0x20 c:/program files (x86)/atmel/avr tools/avr toolchain/bin/../lib/gcc/avr/4.6.2/avr5\libgcc.a(_udivmodqi4.o)
 .debug_aranges
                0x00000b48       0x20 c:/program files (x86)/atmel/avr tools/avr toolchain/bin/../lib/gcc/avr/4.6.2/avr5\libgcc.a(_divmodhi4.o)
 .debug_aranges
                0x00000b68       0x20 c:/program files (x86)/atmel/avr tools/avr toolchain/bin/../lib/gcc/avr/4.6.2/avr5\libgcc.a(_exit.o)
 .debug_aranges
                0x00000b88       0x20 c:/program files (x86)/atmel/avr tools/avr toolchain/bin/../lib/gcc/avr/4.6.2/avr5\libgcc.a(_copy_data.o)
 .debug_aranges
                0x00000ba8       0x20 c:/program files (x86)/atmel/avr tools/avr toolchain/bin/../lib/gcc/avr/4.6.2/avr5\libgcc.a(_clear_bss.o)
 .debug_aranges
                0x00000bc8       0x20 c:/program files (x86)/atmel/avr tools/avr toolchain/bin/../lib/gcc/avr/4.6.2/avr5\libgcc.a(_udivmodhi4.o)

.debug_pubnames
 *(.debug_pubnames)

.debug_info     0x00000000     0xf15a
 *(.debug_info)
 .debug_info    0x00000000      0x926 obj_split_keyboard/actionmap_plain.o
 .debug_info    0x00000926      0x80f obj_split_keyboard/matrix.o
 .debug_info    0x00001135      0x36b obj_split_keyboard/i2c.o
 .debug_info    0x000014a0      0x649 obj_split_keyboard/serial.o
 .debug_info    0x00001ae9      0x1d7 obj_split_keyboard/split-util.o
 .debug_info    0x00001cc0       0x90 obj_split_keyboard/led.o
 .debug_info    0x00001d50     0x11ec obj_split_keyboard/protocol/lufa/lufa.o
 .debug_info    0x00002f3c      0x8bd obj_split_keyboard/protocol/lufa/descriptor.o
 .debug_info    0x000037f9      0x6fc obj_split_keyboard/protocol/lufa/LUFA-git/LUFA/Drivers/USB/Class/Common/HIDParser.o
 .debug_info    0x00003ef5       0xca obj_split_keyboard/protocol/lufa/LUFA-git/LUFA/Drivers/USB/Core/AVR8/Device_AVR8.o
 .debug_info    0x00003fbf     0x15d4 obj_split_keyboard/protocol/lufa/LUFA-git/LUFA/Drivers/USB/Core/AVR8/EndpointStream_AVR8.o
 .debug_info    0x00005593      0x618 obj_split_keyboard/protocol/lufa/LUFA-git/LUFA/Drivers/USB/Core/AVR8/Endpoint_AVR8.o
 .debug_info    0x00005bab       0x5e obj_split_keyboard/protocol/lufa/LUFA-git/LUFA/Drivers/USB/Core/AVR8/Host_AVR8.o
 .debug_info    0x00005c09       0x5e obj_split_keyboard/protocol/lufa/LUFA-git/LUFA/Drivers/USB/Core/AVR8/PipeStream_AVR8.o
 .debug_info    0x00005c67       0x5e obj_split_keyboard/protocol/lufa/LUFA-git/LUFA/Drivers/USB/Core/AVR8/Pipe_AVR8.o
 .debug_info    0x00005cc5      0x487 obj_split_keyboard/protocol/lufa/LUFA-git/LUFA/Drivers/USB/Core/AVR8/USBController_AVR8.o
 .debug_info    0x0000614c      0x707 obj_split_keyboard/protocol/lufa/LUFA-git/LUFA/Drivers/USB/Core/AVR8/USBInterrupt_AVR8.o
 .debug_info    0x00006853      0x382 obj_split_keyboard/protocol/lufa/LUFA-git/LUFA/Drivers/USB/Core/ConfigDescriptors.o
 .debug_info    0x00006bd5      0x98c obj_split_keyboard/protocol/lufa/LUFA-git/LUFA/Drivers/USB/Core/DeviceStandardReq.o
 .debug_info    0x00007561       0x77 obj_split_keyboard/protocol/lufa/LUFA-git/LUFA/Drivers/USB/Core/Events.o
 .debug_info    0x000075d8       0x5e obj_split_keyboard/protocol/lufa/LUFA-git/LUFA/Drivers/USB/Core/HostStandardReq.o
 .debug_info    0x00007636      0x25b obj_split_keyboard/protocol/lufa/LUFA-git/LUFA/Drivers/USB/Core/USBTask.o
 .debug_info    0x00007891      0x491 obj_split_keyboard/common/host.o
 .debug_info    0x00007d22      0x388 obj_split_keyboard/common/keyboard.o
 .debug_info    0x000080aa      0xf2d obj_split_keyboard/common/action.o
 .debug_info    0x00008fd7      0xb62 obj_split_keyboard/common/action_tapping.o
 .debug_info    0x00009b39      0x797 obj_split_keyboard/common/action_macro.o
 .debug_info    0x0000a2d0      0x64b obj_split_keyboard/common/action_layer.o
 .debug_info    0x0000a91b      0x844 obj_split_keyboard/common/action_util.o
 .debug_info    0x0000b15f       0xe6 obj_split_keyboard/common/print.o
 .debug_info    0x0000b245      0x104 obj_split_keyboard/common/debug.o
 .debug_info    0x0000b349      0x262 obj_split_keyboard/common/util.o
 .debug_info    0x0000b5ab      0x1d7 obj_split_keyboard/common/avr/suspend.o
 .debug_info    0x0000b782      0x207 obj_split_keyboard/common/avr/timer.o
 .debug_info    0x0000b989      0x18b obj_split_keyboard/common/avr/bootloader.o
 .debug_info    0x0000bb14      0x582 obj_split_keyboard/common/actionmap.o
 .debug_info    0x0000c096      0xb68 obj_split_keyboard/common/bootmagic.o
 .debug_info    0x0000cbfe      0x199 obj_split_keyboard/common/avr/eeconfig.o
 .debug_info    0x0000cd97      0x764 obj_split_keyboard/common/mousekey.o
 .debug_info    0x0000d4fb     0x1583 obj_split_keyboard/common/command.o
 .debug_info    0x0000ea7e      0x1ae obj_split_keyboard/common/sleep_led.o
 .debug_info    0x0000ec2c       0xdd c:/program files (x86)/atmel/avr tools/avr toolchain/bin/../lib/gcc/avr/4.6.2/avr5\libgcc.a(_udivmodqi4.o)
 .debug_info    0x0000ed09       0xdd c:/program files (x86)/atmel/avr tools/avr toolchain/bin/../lib/gcc/avr/4.6.2/avr5\libgcc.a(_divmodhi4.o)
 .debug_info    0x0000ede6       0xdd c:/program files (x86)/atmel/avr tools/avr toolchain/bin/../lib/gcc/avr/4.6.2/avr5\libgcc.a(_exit.o)
 .debug_info    0x0000eec3       0xdd c:/program files (x86)/atmel/avr tools/avr toolchain/bin/../lib/gcc/avr/4.6.2/avr5\libgcc.a(_copy_data.o)
 .debug_info    0x0000efa0       0xdd c:/program files (x86)/atmel/avr tools/avr toolchain/bin/../lib/gcc/avr/4.6.2/avr5\libgcc.a(_clear_bss.o)
 .debug_info    0x0000f07d       0xdd c:/program files (x86)/atmel/avr tools/avr toolchain/bin/../lib/gcc/avr/4.6.2/avr5\libgcc.a(_udivmodhi4.o)
 *(.gnu.linkonce.wi.*)

.debug_abbrev   0x00000000     0x3b4b
 *(.debug_abbrev)
 .debug_abbrev  0x00000000      0x1ba obj_split_keyboard/actionmap_plain.o
 .debug_abbrev  0x000001ba      0x302 obj_split_keyboard/matrix.o
 .debug_abbrev  0x000004bc      0x17b obj_split_keyboard/i2c.o
 .debug_abbrev  0x00000637      0x21a obj_split_keyboard/serial.o
 .debug_abbrev  0x00000851      0x142 obj_split_keyboard/split-util.o
 .debug_abbrev  0x00000993       0x5d obj_split_keyboard/led.o
 .debug_abbrev  0x000009f0      0x3d4 obj_split_keyboard/protocol/lufa/lufa.o
 .debug_abbrev  0x00000dc4      0x185 obj_split_keyboard/protocol/lufa/descriptor.o
 .debug_abbrev  0x00000f49      0x1ec obj_split_keyboard/protocol/lufa/LUFA-git/LUFA/Drivers/USB/Class/Common/HIDParser.o
 .debug_abbrev  0x00001135       0x7d obj_split_keyboard/protocol/lufa/LUFA-git/LUFA/Drivers/USB/Core/AVR8/Device_AVR8.o
 .debug_abbrev  0x000011b2      0x1c9 obj_split_keyboard/protocol/lufa/LUFA-git/LUFA/Drivers/USB/Core/AVR8/EndpointStream_AVR8.o
 .debug_abbrev  0x0000137b      0x20e obj_split_keyboard/protocol/lufa/LUFA-git/LUFA/Drivers/USB/Core/AVR8/Endpoint_AVR8.o
 .debug_abbrev  0x00001589       0x2a obj_split_keyboard/protocol/lufa/LUFA-git/LUFA/Drivers/USB/Core/AVR8/Host_AVR8.o
 .debug_abbrev  0x000015b3       0x2a obj_split_keyboard/protocol/lufa/LUFA-git/LUFA/Drivers/USB/Core/AVR8/PipeStream_AVR8.o
 .debug_abbrev  0x000015dd       0x2a obj_split_keyboard/protocol/lufa/LUFA-git/LUFA/Drivers/USB/Core/AVR8/Pipe_AVR8.o
 .debug_abbrev  0x00001607      0x135 obj_split_keyboard/protocol/lufa/LUFA-git/LUFA/Drivers/USB/Core/AVR8/USBController_AVR8.o
 .debug_abbrev  0x0000173c      0x1e9 obj_split_keyboard/protocol/lufa/LUFA-git/LUFA/Drivers/USB/Core/AVR8/USBInterrupt_AVR8.o
 .debug_abbrev  0x00001925      0x155 obj_split_keyboard/protocol/lufa/LUFA-git/LUFA/Drivers/USB/Core/ConfigDescriptors.o
 .debug_abbrev  0x00001a7a      0x234 obj_split_keyboard/protocol/lufa/LUFA-git/LUFA/Drivers/USB/Core/DeviceStandardReq.o
 .debug_abbrev  0x00001cae       0x41 obj_split_keyboard/protocol/lufa/LUFA-git/LUFA/Drivers/USB/Core/Events.o
 .debug_abbrev  0x00001cef       0x2a obj_split_keyboard/protocol/lufa/LUFA-git/LUFA/Drivers/USB/Core/HostStandardReq.o
 .debug_abbrev  0x00001d19      0x15c obj_split_keyboard/protocol/lufa/LUFA-git/LUFA/Drivers/USB/Core/USBTask.o
 .debug_abbrev  0x00001e75      0x18e obj_split_keyboard/common/host.o
 .debug_abbrev  0x00002003      0x15a obj_split_keyboard/common/keyboard.o
 .debug_abbrev  0x0000215d      0x254 obj_split_keyboard/common/action.o
 .debug_abbrev  0x000023b1      0x251 obj_split_keyboard/common/action_tapping.o
 .debug_abbrev  0x00002602      0x145 obj_split_keyboard/common/action_macro.o
 .debug_abbrev  0x00002747      0x18d obj_split_keyboard/common/action_layer.o
 .debug_abbrev  0x000028d4      0x2ce obj_split_keyboard/common/action_util.o
 .debug_abbrev  0x00002ba2       0x94 obj_split_keyboard/common/print.o
 .debug_abbrev  0x00002c36       0x8b obj_split_keyboard/common/debug.o
 .debug_abbrev  0x00002cc1       0xa0 obj_split_keyboard/common/util.o
 .debug_abbrev  0x00002d61      0x11a obj_split_keyboard/common/avr/suspend.o
 .debug_abbrev  0x00002e7b      0x120 obj_split_keyboard/common/avr/timer.o
 .debug_abbrev  0x00002f9b      0x10b obj_split_keyboard/common/avr/bootloader.o
 .debug_abbrev  0x000030a6      0x194 obj_split_keyboard/common/actionmap.o
 .debug_abbrev  0x0000323a      0x1ec obj_split_keyboard/common/bootmagic.o
 .debug_abbrev  0x00003426       0xa0 obj_split_keyboard/common/avr/eeconfig.o
 .debug_abbrev  0x000034c6      0x1da obj_split_keyboard/common/mousekey.o
 .debug_abbrev  0x000036a0      0x32e obj_split_keyboard/common/command.o
 .debug_abbrev  0x000039ce      0x105 obj_split_keyboard/common/sleep_led.o
 .debug_abbrev  0x00003ad3       0x14 c:/program files (x86)/atmel/avr tools/avr toolchain/bin/../lib/gcc/avr/4.6.2/avr5\libgcc.a(_udivmodqi4.o)
 .debug_abbrev  0x00003ae7       0x14 c:/program files (x86)/atmel/avr tools/avr toolchain/bin/../lib/gcc/avr/4.6.2/avr5\libgcc.a(_divmodhi4.o)
 .debug_abbrev  0x00003afb       0x14 c:/program files (x86)/atmel/avr tools/avr toolchain/bin/../lib/gcc/avr/4.6.2/avr5\libgcc.a(_exit.o)
 .debug_abbrev  0x00003b0f       0x14 c:/program files (x86)/atmel/avr tools/avr toolchain/bin/../lib/gcc/avr/4.6.2/avr5\libgcc.a(_copy_data.o)
 .debug_abbrev  0x00003b23       0x14 c:/program files (x86)/atmel/avr tools/avr toolchain/bin/../lib/gcc/avr/4.6.2/avr5\libgcc.a(_clear_bss.o)
 .debug_abbrev  0x00003b37       0x14 c:/program files (x86)/atmel/avr tools/avr toolchain/bin/../lib/gcc/avr/4.6.2/avr5\libgcc.a(_udivmodhi4.o)

.debug_line     0x00000000     0x67bc
 *(.debug_line)
 .debug_line    0x00000000      0x266 obj_split_keyboard/actionmap_plain.o
 .debug_line    0x00000266      0x374 obj_split_keyboard/matrix.o
 .debug_line    0x000005da      0x1f3 obj_split_keyboard/i2c.o
 .debug_line    0x000007cd      0x2e8 obj_split_keyboard/serial.o
 .debug_line    0x00000ab5      0x183 obj_split_keyboard/split-util.o
 .debug_line    0x00000c38       0xa5 obj_split_keyboard/led.o
 .debug_line    0x00000cdd      0x7a2 obj_split_keyboard/protocol/lufa/lufa.o
 .debug_line    0x0000147f      0x256 obj_split_keyboard/protocol/lufa/descriptor.o
 .debug_line    0x000016d5      0x2b9 obj_split_keyboard/protocol/lufa/LUFA-git/LUFA/Drivers/USB/Class/Common/HIDParser.o
 .debug_line    0x0000198e      0x179 obj_split_keyboard/protocol/lufa/LUFA-git/LUFA/Drivers/USB/Core/AVR8/Device_AVR8.o
 .debug_line    0x00001b07      0xd17 obj_split_keyboard/protocol/lufa/LUFA-git/LUFA/Drivers/USB/Core/AVR8/EndpointStream_AVR8.o
 .debug_line    0x0000281e      0x43f obj_split_keyboard/protocol/lufa/LUFA-git/LUFA/Drivers/USB/Core/AVR8/Endpoint_AVR8.o
 .debug_line    0x00002c5d       0x1a obj_split_keyboard/protocol/lufa/LUFA-git/LUFA/Drivers/USB/Core/AVR8/Host_AVR8.o
 .debug_line    0x00002c77       0x1a obj_split_keyboard/protocol/lufa/LUFA-git/LUFA/Drivers/USB/Core/AVR8/PipeStream_AVR8.o
 .debug_line    0x00002c91       0x1a obj_split_keyboard/protocol/lufa/LUFA-git/LUFA/Drivers/USB/Core/AVR8/Pipe_AVR8.o
 .debug_line    0x00002cab      0x345 obj_split_keyboard/protocol/lufa/LUFA-git/LUFA/Drivers/USB/Core/AVR8/USBController_AVR8.o
 .debug_line    0x00002ff0      0x4c2 obj_split_keyboard/protocol/lufa/LUFA-git/LUFA/Drivers/USB/Core/AVR8/USBInterrupt_AVR8.o
 .debug_line    0x000034b2      0x1e1 obj_split_keyboard/protocol/lufa/LUFA-git/LUFA/Drivers/USB/Core/ConfigDescriptors.o
 .debug_line    0x00003693      0x3be obj_split_keyboard/protocol/lufa/LUFA-git/LUFA/Drivers/USB/Core/DeviceStandardReq.o
 .debug_line    0x00003a51       0x72 obj_split_keyboard/protocol/lufa/LUFA-git/LUFA/Drivers/USB/Core/Events.o
 .debug_line    0x00003ac3       0x1a obj_split_keyboard/protocol/lufa/LUFA-git/LUFA/Drivers/USB/Core/HostStandardReq.o
 .debug_line    0x00003add      0x1da obj_split_keyboard/protocol/lufa/LUFA-git/LUFA/Drivers/USB/Core/USBTask.o
 .debug_line    0x00003cb7      0x1e5 obj_split_keyboard/common/host.o
 .debug_line    0x00003e9c      0x1cf obj_split_keyboard/common/keyboard.o
 .debug_line    0x0000406b      0x3c5 obj_split_keyboard/common/action.o
 .debug_line    0x00004430      0x29a obj_split_keyboard/common/action_tapping.o
 .debug_line    0x000046ca      0x1db obj_split_keyboard/common/action_macro.o
 .debug_line    0x000048a5      0x21c obj_split_keyboard/common/action_layer.o
 .debug_line    0x00004ac1      0x3a5 obj_split_keyboard/common/action_util.o
 .debug_line    0x00004e66       0xe5 obj_split_keyboard/common/print.o
 .debug_line    0x00004f4b       0xb8 obj_split_keyboard/common/debug.o
 .debug_line    0x00005003      0x1ca obj_split_keyboard/common/util.o
 .debug_line    0x000051cd      0x1c9 obj_split_keyboard/common/avr/suspend.o
 .debug_line    0x00005396      0x184 obj_split_keyboard/common/avr/timer.o
 .debug_line    0x0000551a      0x1b1 obj_split_keyboard/common/avr/bootloader.o
 .debug_line    0x000056cb      0x178 obj_split_keyboard/common/actionmap.o
 .debug_line    0x00005843      0x2a3 obj_split_keyboard/common/bootmagic.o
 .debug_line    0x00005ae6      0x15a obj_split_keyboard/common/avr/eeconfig.o
 .debug_line    0x00005c40      0x363 obj_split_keyboard/common/mousekey.o
 .debug_line    0x00005fa3      0x39b obj_split_keyboard/common/command.o
 .debug_line    0x0000633e      0x112 obj_split_keyboard/common/sleep_led.o
 .debug_line    0x00006450       0x92 c:/program files (x86)/atmel/avr tools/avr toolchain/bin/../lib/gcc/avr/4.6.2/avr5\libgcc.a(_udivmodqi4.o)
 .debug_line    0x000064e2       0x99 c:/program files (x86)/atmel/avr tools/avr toolchain/bin/../lib/gcc/avr/4.6.2/avr5\libgcc.a(_divmodhi4.o)
 .debug_line    0x0000657b       0x88 c:/program files (x86)/atmel/avr tools/avr toolchain/bin/../lib/gcc/avr/4.6.2/avr5\libgcc.a(_exit.o)
 .debug_line    0x00006603       0x91 c:/program files (x86)/atmel/avr tools/avr toolchain/bin/../lib/gcc/avr/4.6.2/avr5\libgcc.a(_copy_data.o)
 .debug_line    0x00006694       0x8e c:/program files (x86)/atmel/avr tools/avr toolchain/bin/../lib/gcc/avr/4.6.2/avr5\libgcc.a(_clear_bss.o)
 .debug_line    0x00006722       0x9a c:/program files (x86)/atmel/avr tools/avr toolchain/bin/../lib/gcc/avr/4.6.2/avr5\libgcc.a(_udivmodhi4.o)

.debug_frame    0x00000000     0x2034
 *(.debug_frame)
 .debug_frame   0x00000000       0x6c obj_split_keyboard/actionmap_plain.o
 .debug_frame   0x0000006c      0x1c8 obj_split_keyboard/matrix.o
 .debug_frame   0x00000234      0x178 obj_split_keyboard/i2c.o
 .debug_frame   0x000003ac      0x18c obj_split_keyboard/serial.o
 .debug_frame   0x00000538       0x54 obj_split_keyboard/split-util.o
 .debug_frame   0x0000058c       0x24 obj_split_keyboard/led.o
 .debug_frame   0x000005b0      0x138 obj_split_keyboard/protocol/lufa/lufa.o
 .debug_frame   0x000006e8       0x24 obj_split_keyboard/protocol/lufa/descriptor.o
 .debug_frame   0x0000070c      0x134 obj_split_keyboard/protocol/lufa/LUFA-git/LUFA/Drivers/USB/Class/Common/HIDParser.o
 .debug_frame   0x00000840       0x24 obj_split_keyboard/protocol/lufa/LUFA-git/LUFA/Drivers/USB/Core/AVR8/Device_AVR8.o
 .debug_frame   0x00000864      0x4a4 obj_split_keyboard/protocol/lufa/LUFA-git/LUFA/Drivers/USB/Core/AVR8/EndpointStream_AVR8.o
 .debug_frame   0x00000d08       0x7c obj_split_keyboard/protocol/lufa/LUFA-git/LUFA/Drivers/USB/Core/AVR8/Endpoint_AVR8.o
 .debug_frame   0x00000d84       0x5c obj_split_keyboard/protocol/lufa/LUFA-git/LUFA/Drivers/USB/Core/AVR8/USBController_AVR8.o
 .debug_frame   0x00000de0      0x104 obj_split_keyboard/protocol/lufa/LUFA-git/LUFA/Drivers/USB/Core/AVR8/USBInterrupt_AVR8.o
 .debug_frame   0x00000ee4       0xc8 obj_split_keyboard/protocol/lufa/LUFA-git/LUFA/Drivers/USB/Core/ConfigDescriptors.o
 .debug_frame   0x00000fac       0x3c obj_split_keyboard/protocol/lufa/LUFA-git/LUFA/Drivers/USB/Core/DeviceStandardReq.o
 .debug_frame   0x00000fe8       0x24 obj_split_keyboard/protocol/lufa/LUFA-git/LUFA/Drivers/USB/Core/Events.o
 .debug_frame   0x0000100c       0x2c obj_split_keyboard/protocol/lufa/LUFA-git/LUFA/Drivers/USB/Core/USBTask.o
 .debug_frame   0x00001038       0xd0 obj_split_keyboard/common/host.o
 .debug_frame   0x00001108       0xb4 obj_split_keyboard/common/keyboard.o
 .debug_frame   0x000011bc      0x15c obj_split_keyboard/common/action.o
 .debug_frame   0x00001318      0x12c obj_split_keyboard/common/action_tapping.o
 .debug_frame   0x00001444       0x50 obj_split_keyboard/common/action_macro.o
 .debug_frame   0x00001494      0x19c obj_split_keyboard/common/action_layer.o
 .debug_frame   0x00001630      0x208 obj_split_keyboard/common/action_util.o
 .debug_frame   0x00001838       0x24 obj_split_keyboard/common/print.o
 .debug_frame   0x0000185c      0x104 obj_split_keyboard/common/util.o
 .debug_frame   0x00001960       0x7c obj_split_keyboard/common/avr/suspend.o
 .debug_frame   0x000019dc       0xcc obj_split_keyboard/common/avr/timer.o
 .debug_frame   0x00001aa8       0x34 obj_split_keyboard/common/avr/bootloader.o
 .debug_frame   0x00001adc       0x44 obj_split_keyboard/common/actionmap.o
 .debug_frame   0x00001b20       0x84 obj_split_keyboard/common/bootmagic.o
 .debug_frame   0x00001ba4       0xb4 obj_split_keyboard/common/avr/eeconfig.o
 .debug_frame   0x00001c58       0xe0 obj_split_keyboard/common/mousekey.o
 .debug_frame   0x00001d38      0x244 obj_split_keyboard/common/command.o
 .debug_frame   0x00001f7c       0xb8 obj_split_keyboard/common/sleep_led.o

.debug_str      0x00000000     0x4a25
 *(.debug_str)
 .debug_str     0x00000000      0x95c obj_split_keyboard/actionmap_plain.o
                                0x9b2 (size before relaxing)
 .debug_str     0x0000095c      0x19d obj_split_keyboard/matrix.o
                                0x2fe (size before relaxing)
 .debug_str     0x00000af9       0xf7 obj_split_keyboard/i2c.o
                                0x1d0 (size before relaxing)
 .debug_str     0x00000bf0      0x117 obj_split_keyboard/serial.o
                                0x24f (size before relaxing)
 .debug_str     0x00000d07       0x87 obj_split_keyboard/split-util.o
                                0x1ab (size before relaxing)
 .debug_str     0x00000d8e       0x10 obj_split_keyboard/led.o
                                 0xd6 (size before relaxing)
 .debug_str     0x00000d9e      0x6a2 obj_split_keyboard/protocol/lufa/lufa.o
                                0x86d (size before relaxing)
 .debug_str     0x00001440      0x7d7 obj_split_keyboard/protocol/lufa/descriptor.o
                                0x910 (size before relaxing)
 .debug_str     0x00001c17      0x49b obj_split_keyboard/protocol/lufa/LUFA-git/LUFA/Drivers/USB/Class/Common/HIDParser.o
                                0x5fa (size before relaxing)
 .debug_str     0x000020b2       0x97 obj_split_keyboard/protocol/lufa/LUFA-git/LUFA/Drivers/USB/Core/AVR8/Device_AVR8.o
                                0x15d (size before relaxing)
 .debug_str     0x00002149      0x4fb obj_split_keyboard/protocol/lufa/LUFA-git/LUFA/Drivers/USB/Core/AVR8/EndpointStream_AVR8.o
                                0x783 (size before relaxing)
 .debug_str     0x00002644      0x27b obj_split_keyboard/protocol/lufa/LUFA-git/LUFA/Drivers/USB/Core/AVR8/Endpoint_AVR8.o
                                0x57f (size before relaxing)
 .debug_str     0x000028bf       0x4d obj_split_keyboard/protocol/lufa/LUFA-git/LUFA/Drivers/USB/Core/AVR8/Host_AVR8.o
                                0x105 (size before relaxing)
 .debug_str     0x0000290c       0x53 obj_split_keyboard/protocol/lufa/LUFA-git/LUFA/Drivers/USB/Core/AVR8/PipeStream_AVR8.o
                                0x10b (size before relaxing)
 .debug_str     0x0000295f       0x4d obj_split_keyboard/protocol/lufa/LUFA-git/LUFA/Drivers/USB/Core/AVR8/Pipe_AVR8.o
                                0x105 (size before relaxing)
 .debug_str     0x000029ac      0x1ba obj_split_keyboard/protocol/lufa/LUFA-git/LUFA/Drivers/USB/Core/AVR8/USBController_AVR8.o
                                0x467 (size before relaxing)
 .debug_str     0x00002b66      0x140 obj_split_keyboard/protocol/lufa/LUFA-git/LUFA/Drivers/USB/Core/AVR8/USBInterrupt_AVR8.o
                                0x462 (size before relaxing)
 .debug_str     0x00002ca6      0x247 obj_split_keyboard/protocol/lufa/LUFA-git/LUFA/Drivers/USB/Core/ConfigDescriptors.o
                                0x345 (size before relaxing)
 .debug_str     0x00002eed      0x429 obj_split_keyboard/protocol/lufa/LUFA-git/LUFA/Drivers/USB/Core/DeviceStandardReq.o
                                0x873 (size before relaxing)
 .debug_str     0x00003316       0x54 obj_split_keyboard/protocol/lufa/LUFA-git/LUFA/Drivers/USB/Core/Events.o
                                0x10c (size before relaxing)
 .debug_str     0x0000336a       0x4e obj_split_keyboard/protocol/lufa/LUFA-git/LUFA/Drivers/USB/Core/HostStandardReq.o
                                0x106 (size before relaxing)
 .debug_str     0x000033b8       0x6e obj_split_keyboard/protocol/lufa/LUFA-git/LUFA/Drivers/USB/Core/USBTask.o
                                0x2c3 (size before relaxing)
 .debug_str     0x00003426       0xdd obj_split_keyboard/common/host.o
                                0x2c7 (size before relaxing)
 .debug_str     0x00003503      0x124 obj_split_keyboard/common/keyboard.o
                                0x29e (size before relaxing)
 .debug_str     0x00003627      0x5a1 obj_split_keyboard/common/action.o
                                0xe7f (size before relaxing)
 .debug_str     0x00003bc8      0x103 obj_split_keyboard/common/action_tapping.o
                                0x9d5 (size before relaxing)
 .debug_str     0x00003ccb       0x76 obj_split_keyboard/common/action_macro.o
                                0x78a (size before relaxing)
 .debug_str     0x00003d41      0x102 obj_split_keyboard/common/action_layer.o
                                0x325 (size before relaxing)
 .debug_str     0x00003e43      0x292 obj_split_keyboard/common/action_util.o
                                0x4a2 (size before relaxing)
 .debug_str     0x000040d5       0x49 obj_split_keyboard/common/print.o
                                0x110 (size before relaxing)
 .debug_str     0x0000411e       0x1e obj_split_keyboard/common/debug.o
                                0x126 (size before relaxing)
 .debug_str     0x0000413c       0x65 obj_split_keyboard/common/util.o
                                0x13c (size before relaxing)
 .debug_str     0x000041a1       0xa4 obj_split_keyboard/common/avr/suspend.o
                                0x234 (size before relaxing)
 .debug_str     0x00004245       0x8c obj_split_keyboard/common/avr/timer.o
                                0x163 (size before relaxing)
 .debug_str     0x000042d1       0x66 obj_split_keyboard/common/avr/bootloader.o
                                0x19d (size before relaxing)
 .debug_str     0x00004337       0x42 obj_split_keyboard/common/actionmap.o
                                0x2a4 (size before relaxing)
 .debug_str     0x00004379       0x3f obj_split_keyboard/common/bootmagic.o
                                0xa0a (size before relaxing)
 .debug_str     0x000043b8       0xf5 obj_split_keyboard/common/avr/eeconfig.o
                                0x1c4 (size before relaxing)
 .debug_str     0x000044ad      0x141 obj_split_keyboard/common/mousekey.o
                                0x5e1 (size before relaxing)
 .debug_str     0x000045ee      0x3a7 obj_split_keyboard/common/command.o
                                0xcce (size before relaxing)
 .debug_str     0x00004995       0x90 obj_split_keyboard/common/sleep_led.o
                                0x17c (size before relaxing)

.debug_loc      0x00000000     0x78f3
 *(.debug_loc)
 .debug_loc     0x00000000      0x394 obj_split_keyboard/actionmap_plain.o
 .debug_loc     0x00000394      0x59c obj_split_keyboard/matrix.o
 .debug_loc     0x00000930      0x436 obj_split_keyboard/i2c.o
 .debug_loc     0x00000d66      0x3ac obj_split_keyboard/serial.o
 .debug_loc     0x00001112      0x55f obj_split_keyboard/protocol/lufa/lufa.o
 .debug_loc     0x00001671      0x1ac obj_split_keyboard/protocol/lufa/descriptor.o
 .debug_loc     0x0000181d      0xb47 obj_split_keyboard/protocol/lufa/LUFA-git/LUFA/Drivers/USB/Class/Common/HIDParser.o