Archive member included to satisfy reference by file (symbol)

c:/program files/avr8-gnu-toolchain/bin/../lib/gcc/avr/4.9.2/../../../../avr/lib/avr5\libm.a(fixsfsi.o)
                              obj_split_keyboard/common/mousekey.o (__fixsfsi)
c:/program files/avr8-gnu-toolchain/bin/../lib/gcc/avr/4.9.2/../../../../avr/lib/avr5\libm.a(fixunssfsi.o)
                              c:/program files/avr8-gnu-toolchain/bin/../lib/gcc/avr/4.9.2/../../../../avr/lib/avr5\libm.a(fixsfsi.o) (__fixunssfsi)
c:/program files/avr8-gnu-toolchain/bin/../lib/gcc/avr/4.9.2/../../../../avr/lib/avr5\libm.a(floatsisf.o)
                              obj_split_keyboard/common/mousekey.o (__floatsisf)
c:/program files/avr8-gnu-toolchain/bin/../lib/gcc/avr/4.9.2/../../../../avr/lib/avr5\libm.a(fp_split3.o)
                              c:/program files/avr8-gnu-toolchain/bin/../lib/gcc/avr/4.9.2/../../../../avr/lib/avr5\libm.a(fixunssfsi.o) (__fp_splitA)
c:/program files/avr8-gnu-toolchain/bin/../lib/gcc/avr/4.9.2/../../../../avr/lib/avr5\libm.a(fp_zero.o)
                              c:/program files/avr8-gnu-toolchain/bin/../lib/gcc/avr/4.9.2/../../../../avr/lib/avr5\libm.a(fixunssfsi.o) (__fp_zero)
c:/program files/avr8-gnu-toolchain/bin/../lib/gcc/avr/4.9.2/../../../../avr/lib/avr5\libm.a(mulsf3.o)
                              obj_split_keyboard/common/mousekey.o (__mulsf3)
c:/program files/avr8-gnu-toolchain/bin/../lib/gcc/avr/4.9.2/../../../../avr/lib/avr5\libm.a(mulsf3x.o)
                              c:/program files/avr8-gnu-toolchain/bin/../lib/gcc/avr/4.9.2/../../../../avr/lib/avr5\libm.a(mulsf3.o) (__mulsf3x)
c:/program files/avr8-gnu-toolchain/bin/../lib/gcc/avr/4.9.2/../../../../avr/lib/avr5\libm.a(fp_inf.o)
                              c:/program files/avr8-gnu-toolchain/bin/../lib/gcc/avr/4.9.2/../../../../avr/lib/avr5\libm.a(mulsf3x.o) (__fp_inf)
c:/program files/avr8-gnu-toolchain/bin/../lib/gcc/avr/4.9.2/../../../../avr/lib/avr5\libm.a(fp_nan.o)
                              c:/program files/avr8-gnu-toolchain/bin/../lib/gcc/avr/4.9.2/../../../../avr/lib/avr5\libm.a(mulsf3x.o) (__fp_nan)
c:/program files/avr8-gnu-toolchain/bin/../lib/gcc/avr/4.9.2/../../../../avr/lib/avr5\libm.a(fp_pscA.o)
                              c:/program files/avr8-gnu-toolchain/bin/../lib/gcc/avr/4.9.2/../../../../avr/lib/avr5\libm.a(mulsf3x.o) (__fp_pscA)
c:/program files/avr8-gnu-toolchain/bin/../lib/gcc/avr/4.9.2/../../../../avr/lib/avr5\libm.a(fp_pscB.o)
                              c:/program files/avr8-gnu-toolchain/bin/../lib/gcc/avr/4.9.2/../../../../avr/lib/avr5\libm.a(mulsf3x.o) (__fp_pscB)
c:/program files/avr8-gnu-toolchain/bin/../lib/gcc/avr/4.9.2/../../../../avr/lib/avr5\libm.a(fp_round.o)
                              c:/program files/avr8-gnu-toolchain/bin/../lib/gcc/avr/4.9.2/../../../../avr/lib/avr5\libm.a(mulsf3.o) (__fp_round)
c:/program files/avr8-gnu-toolchain/bin/../lib/gcc/avr/4.9.2/avr5\libgcc.a(_udivmodqi4.o)
                              obj_split_keyboard/protocol/lufa/lufa.o (__udivmodqi4)
c:/program files/avr8-gnu-toolchain/bin/../lib/gcc/avr/4.9.2/avr5\libgcc.a(_divmodhi4.o)
                              obj_split_keyboard/common/mousekey.o (__divmodhi4)
c:/program files/avr8-gnu-toolchain/bin/../lib/gcc/avr/4.9.2/avr5\libgcc.a(_exit.o)
                              c:/program files/avr8-gnu-toolchain/bin/../lib/gcc/avr/4.9.2/../../../../avr/lib/avr5/crtatmega32u4.o (exit)
c:/program files/avr8-gnu-toolchain/bin/../lib/gcc/avr/4.9.2/avr5\libgcc.a(_tablejump2.o)
                              obj_split_keyboard/protocol/lufa/LUFA-git/LUFA/Drivers/USB/Core/DeviceStandardReq.o (__tablejump2__)
c:/program files/avr8-gnu-toolchain/bin/../lib/gcc/avr/4.9.2/avr5\libgcc.a(_copy_data.o)
                              obj_split_keyboard/actionmap_plain.o (__do_copy_data)
c:/program files/avr8-gnu-toolchain/bin/../lib/gcc/avr/4.9.2/avr5\libgcc.a(_clear_bss.o)
                              obj_split_keyboard/matrix.o (__do_clear_bss)
c:/program files/avr8-gnu-toolchain/bin/../lib/gcc/avr/4.9.2/avr5\libgcc.a(_udivmodhi4.o)
                              c:/program files/avr8-gnu-toolchain/bin/../lib/gcc/avr/4.9.2/avr5\libgcc.a(_divmodhi4.o) (__udivmodhi4)
c:/program files/avr8-gnu-toolchain/bin/../lib/gcc/avr/4.9.2/../../../../avr/lib/avr5\libatmega32u4.a(eerd_byte.o)
                              obj_split_keyboard/split-util.o (eeprom_read_byte)
c:/program files/avr8-gnu-toolchain/bin/../lib/gcc/avr/4.9.2/../../../../avr/lib/avr5\libatmega32u4.a(eerd_word.o)
                              obj_split_keyboard/common/avr/eeconfig.o (eeprom_read_word)
c:/program files/avr8-gnu-toolchain/bin/../lib/gcc/avr/4.9.2/../../../../avr/lib/avr5\libatmega32u4.a(eeupd_byte.o)
                              obj_split_keyboard/protocol/lufa/LUFA-git/LUFA/Drivers/USB/Core/AVR8/EndpointStream_AVR8.o (eeprom_update_byte)
[...]
Memory Configuration

Name             Origin             Length             Attributes
text             0x00000000         0x00020000         xr
data             0x00800060         0x0000ffa0         rw !x
eeprom           0x00810000         0x00010000         rw !x
fuse             0x00820000         0x00000003         rw !x
lock             0x00830000         0x00000400         rw !x
signature        0x00840000         0x00000400         rw !x
user_signatures  0x00850000         0x00000400         rw !x
*default*        0x00000000         0xffffffff

Linker script and memory map

Address of section .data set to 0x800100
LOAD c:/program files/avr8-gnu-toolchain/bin/../lib/gcc/avr/4.9.2/../../../../avr/lib/avr5/crtatmega32u4.o
LOAD obj_split_keyboard/actionmap_plain.o
LOAD obj_split_keyboard/matrix.o
LOAD obj_split_keyboard/i2c.o
LOAD obj_split_keyboard/serial.o
LOAD obj_split_keyboard/split-util.o
LOAD obj_split_keyboard/led.o
LOAD obj_split_keyboard/protocol/lufa/lufa.o
LOAD obj_split_keyboard/protocol/lufa/descriptor.o
LOAD obj_split_keyboard/protocol/lufa/LUFA-git/LUFA/Drivers/USB/Class/Common/HIDParser.o
LOAD obj_split_keyboard/protocol/lufa/LUFA-git/LUFA/Drivers/USB/Core/AVR8/Device_AVR8.o
LOAD obj_split_keyboard/protocol/lufa/LUFA-git/LUFA/Drivers/USB/Core/AVR8/EndpointStream_AVR8.o
LOAD obj_split_keyboard/protocol/lufa/LUFA-git/LUFA/Drivers/USB/Core/AVR8/Endpoint_AVR8.o
LOAD obj_split_keyboard/protocol/lufa/LUFA-git/LUFA/Drivers/USB/Core/AVR8/Host_AVR8.o
LOAD obj_split_keyboard/protocol/lufa/LUFA-git/LUFA/Drivers/USB/Core/AVR8/PipeStream_AVR8.o
LOAD obj_split_keyboard/protocol/lufa/LUFA-git/LUFA/Drivers/USB/Core/AVR8/Pipe_AVR8.o
LOAD obj_split_keyboard/protocol/lufa/LUFA-git/LUFA/Drivers/USB/Core/AVR8/USBController_AVR8.o
LOAD obj_split_keyboard/protocol/lufa/LUFA-git/LUFA/Drivers/USB/Core/AVR8/USBInterrupt_AVR8.o
LOAD obj_split_keyboard/protocol/lufa/LUFA-git/LUFA/Drivers/USB/Core/ConfigDescriptors.o
LOAD obj_split_keyboard/protocol/lufa/LUFA-git/LUFA/Drivers/USB/Core/DeviceStandardReq.o
LOAD obj_split_keyboard/protocol/lufa/LUFA-git/LUFA/Drivers/USB/Core/Events.o
LOAD obj_split_keyboard/protocol/lufa/LUFA-git/LUFA/Drivers/USB/Core/HostStandardReq.o
LOAD obj_split_keyboard/protocol/lufa/LUFA-git/LUFA/Drivers/USB/Core/USBTask.o
LOAD obj_split_keyboard/common/host.o
LOAD obj_split_keyboard/common/keyboard.o
LOAD obj_split_keyboard/common/action.o
LOAD obj_split_keyboard/common/action_tapping.o
LOAD obj_split_keyboard/common/action_macro.o
LOAD obj_split_keyboard/common/action_layer.o
LOAD obj_split_keyboard/common/action_util.o
LOAD obj_split_keyboard/common/print.o
LOAD obj_split_keyboard/common/debug.o
LOAD obj_split_keyboard/common/util.o
LOAD obj_split_keyboard/common/avr/suspend.o
LOAD obj_split_keyboard/common/avr/xprintf.o
LOAD obj_split_keyboard/common/avr/timer.o
LOAD obj_split_keyboard/common/avr/bootloader.o
LOAD obj_split_keyboard/common/actionmap.o
LOAD obj_split_keyboard/common/bootmagic.o
LOAD obj_split_keyboard/common/avr/eeconfig.o
LOAD obj_split_keyboard/common/mousekey.o
LOAD obj_split_keyboard/common/command.o
LOAD obj_split_keyboard/common/sleep_led.o
LOAD c:/program files/avr8-gnu-toolchain/bin/../lib/gcc/avr/4.9.2/../../../../avr/lib/avr5\libm.a
START GROUP
LOAD c:/program files/avr8-gnu-toolchain/bin/../lib/gcc/avr/4.9.2/avr5\libgcc.a
LOAD c:/program files/avr8-gnu-toolchain/bin/../lib/gcc/avr/4.9.2/../../../../avr/lib/avr5\libm.a
LOAD c:/program files/avr8-gnu-toolchain/bin/../lib/gcc/avr/4.9.2/../../../../avr/lib/avr5\libc.a
LOAD c:/program files/avr8-gnu-toolchain/bin/../lib/gcc/avr/4.9.2/../../../../avr/lib/avr5\libatmega32u4.a
END GROUP
                0x00020000                __TEXT_REGION_LENGTH__ = DEFINED (__TEXT_REGION_LENGTH__)?__TEXT_REGION_LENGTH__:0x20000
                0x0000ffa0                __DATA_REGION_LENGTH__ = DEFINED (__DATA_REGION_LENGTH__)?__DATA_REGION_LENGTH__:0xffa0
                0x00010000                __EEPROM_REGION_LENGTH__ = DEFINED (__EEPROM_REGION_LENGTH__)?__EEPROM_REGION_LENGTH__:0x10000
                [0x00000003]                __FUSE_REGION_LENGTH__ = DEFINED (__FUSE_REGION_LENGTH__)?__FUSE_REGION_LENGTH__:0x400
                0x00000400                __LOCK_REGION_LENGTH__ = DEFINED (__LOCK_REGION_LENGTH__)?__LOCK_REGION_LENGTH__:0x400
                0x00000400                __SIGNATURE_REGION_LENGTH__ = DEFINED (__SIGNATURE_REGION_LENGTH__)?__SIGNATURE_REGION_LENGTH__:0x400
                0x00000400                __USER_SIGNATURE_REGION_LENGTH__ = DEFINED (__USER_SIGNATURE_REGION_LENGTH__)?__USER_SIGNATURE_REGION_LENGTH__:0x400

.hash
 *(.hash)

.dynsym
 *(.dynsym)

.dynstr
 *(.dynstr)

.gnu.version
 *(.gnu.version)

.gnu.version_d
 *(.gnu.version_d)

.gnu.version_r
 *(.gnu.version_r)

.rel.init
 *(.rel.init)

.rela.init
 *(.rela.init)

.rel.text
 *(.rel.text)
 *(.rel.text.*)
 *(.rel.gnu.linkonce.t*)

.rela.text
 *(.rela.text)
 *(.rela.text.*)
 *(.rela.gnu.linkonce.t*)

.rel.fini
 *(.rel.fini)

.rela.fini
 *(.rela.fini)

.rel.rodata
 *(.rel.rodata)
 *(.rel.rodata.*)
 *(.rel.gnu.linkonce.r*)

.rela.rodata
 *(.rela.rodata)
 *(.rela.rodata.*)
 *(.rela.gnu.linkonce.r*)

.rel.data
 *(.rel.data)
 *(.rel.data.*)
 *(.rel.gnu.linkonce.d*)

.rela.data
 *(.rela.data)
 *(.rela.data.*)
 *(.rela.gnu.linkonce.d*)

.rel.ctors
 *(.rel.ctors)

.rela.ctors
 *(.rela.ctors)

.rel.dtors
 *(.rel.dtors)

.rela.dtors
 *(.rela.dtors)

.rel.got
 *(.rel.got)

.rela.got
 *(.rela.got)

.rel.bss
 *(.rel.bss)

.rela.bss
 *(.rela.bss)

.rel.plt
 *(.rel.plt)

.rela.plt
 *(.rela.plt)

.text           0x00000000     0x581c
 *(.vectors)
 .vectors       0x00000000       0xac c:/program files/avr8-gnu-toolchain/bin/../lib/gcc/avr/4.9.2/../../../../avr/lib/avr5/crtatmega32u4.o
                0x00000000                __vector_default
                0x00000000                __vectors
 *(.vectors)
 *(.progmem.gcc*)
 .progmem.gcc_sw_table.USB_Device_ProcessControlRequest
                0x000000ac       0x14 obj_split_keyboard/protocol/lufa/LUFA-git/LUFA/Drivers/USB/Core/DeviceStandardReq.o
 .progmem.gcc_sw_table.process_action
                0x000000c0       0x4a obj_split_keyboard/common/action.o
                0x0000010a                . = ALIGN (0x2)
                0x0000010a                __trampolines_start = .
 *(.trampolines)
 .trampolines   0x0000010a        0x0 linker stubs
 *(.trampolines*)
                0x0000010a                __trampolines_end = .
 *libprintf_flt.a:*(.progmem.data)
 *libc.a:*(.progmem.data)
 *(.progmem*)
 .progmem.data.actionmaps
                0x0000010a      0x240 obj_split_keyboard/actionmap_plain.o
                0x0000010a                actionmaps
 .progmem.data.__c.2017
                0x0000034a        0x2 obj_split_keyboard/matrix.o
 .progmem.data.__c.2015
                0x0000034c        0x6 obj_split_keyboard/matrix.o
 .progmem.data.__c.2013
                0x00000352        0x3 obj_split_keyboard/matrix.o
 .progmem.data.__c.2011
                0x00000355        0x5 obj_split_keyboard/matrix.o
 .progmem.data.__c.2008
                0x0000035a       0x17 obj_split_keyboard/matrix.o
 .progmem.data.__c.4842
                0x00000371        0x4 obj_split_keyboard/protocol/lufa/lufa.o
 .progmem.data.__c.4840
                0x00000375       0x11 obj_split_keyboard/protocol/lufa/lufa.o
 .progmem.data.__c.4838
                0x00000386       0x11 obj_split_keyboard/protocol/lufa/lufa.o
 .progmem.data.__c.4736
                0x00000397        0x4 obj_split_keyboard/protocol/lufa/lufa.o
 .progmem.data.__c.4732
                0x0000039b        0x4 obj_split_keyboard/protocol/lufa/lufa.o
 .progmem.data.__c.4728
                0x0000039f        0x4 obj_split_keyboard/protocol/lufa/lufa.o
 .progmem.data.__c.4723
                0x000003a3        0x4 obj_split_keyboard/protocol/lufa/lufa.o
 .progmem.data.__c.4718
                0x000003a7        0x4 obj_split_keyboard/protocol/lufa/lufa.o
 .progmem.data.ProductString
                0x000003ab       0x2a obj_split_keyboard/protocol/lufa/descriptor.o
                0x000003ab                ProductString
 .progmem.data.ManufacturerString
                0x000003d5       0x16 obj_split_keyboard/protocol/lufa/descriptor.o
                0x000003d5                ManufacturerString
 .progmem.data.LanguageString
                0x000003eb        0x4 obj_split_keyboard/protocol/lufa/descriptor.o
                0x000003eb                LanguageString
 .progmem.data.ConfigurationDescriptor
                0x000003ef       0x8d obj_split_keyboard/protocol/lufa/descriptor.o
                0x000003ef                ConfigurationDescriptor
 .progmem.data.DeviceDescriptor
                0x0000047c       0x12 obj_split_keyboard/protocol/lufa/descriptor.o
                0x0000047c                DeviceDescriptor
 .progmem.data.NKROReport
                0x0000048e       0x39 obj_split_keyboard/protocol/lufa/descriptor.o
                0x0000048e                NKROReport
 .progmem.data.ConsoleReport
                0x000004c7       0x20 obj_split_keyboard/protocol/lufa/descriptor.o
                0x000004c7                ConsoleReport
 .progmem.data.ExtrakeyReport
                0x000004e7       0x36 obj_split_keyboard/protocol/lufa/descriptor.o
                0x000004e7                ExtrakeyReport
 .progmem.data.MouseReport
                0x0000051d       0x4d obj_split_keyboard/protocol/lufa/descriptor.o
                0x0000051d                MouseReport
 .progmem.data.KeyboardReport
                0x0000056a       0x3f obj_split_keyboard/protocol/lufa/descriptor.o
                0x0000056a                KeyboardReport
 .progmem.data.__c.4472
                0x000005a9        0x2 obj_split_keyboard/common/host.o
 .progmem.data.__c.4467
                0x000005ab        0x6 obj_split_keyboard/common/host.o
 .progmem.data.__c.4464
                0x000005b1       0x12 obj_split_keyboard/common/host.o
 .progmem.data.__c.4810
                0x000005c3        0x2 obj_split_keyboard/common/keyboard.o
 .progmem.data.__c.4808
                0x000005c5        0x5 obj_split_keyboard/common/keyboard.o
 .progmem.data.__c.4806
                0x000005ca       0x13 obj_split_keyboard/common/keyboard.o
 .progmem.data.__c.4898
                0x000005dd       0x1e obj_split_keyboard/common/action_util.o
 .progmem.data.__c.4893
                0x000005fb       0x1e obj_split_keyboard/common/action_util.o
 .progmem.data.__c.4751
                0x00000619        0x7 obj_split_keyboard/common/bootmagic.o
 .progmem.data.__c.4745
                0x00000620       0x15 obj_split_keyboard/common/bootmagic.o
 .progmem.data.__c.4544
                0x00000635        0x3 obj_split_keyboard/common/mousekey.o
 .progmem.data.__c.4542
                0x00000638        0x3 obj_split_keyboard/common/mousekey.o
 .progmem.data.__c.4540
                0x0000063b        0x2 obj_split_keyboard/common/mousekey.o
 .progmem.data.__c.4538
                0x0000063d        0x3 obj_split_keyboard/common/mousekey.o
 .progmem.data.__c.4536
                0x00000640        0x3 obj_split_keyboard/common/mousekey.o
 .progmem.data.__c.4534
                0x00000643        0x3 obj_split_keyboard/common/mousekey.o
 .progmem.data.__c.4532
                0x00000646        0x2 obj_split_keyboard/common/mousekey.o
 .progmem.data.__c.4530
                0x00000648        0x3 obj_split_keyboard/common/mousekey.o
 .progmem.data.__c.4528
                0x0000064b        0x2 obj_split_keyboard/common/mousekey.o
 .progmem.data.__c.4526
                0x0000064d        0x3 obj_split_keyboard/common/mousekey.o
 .progmem.data.__c.4524
                0x00000650        0x2 obj_split_keyboard/common/mousekey.o
 .progmem.data.__c.4522
                0x00000652        0x3 obj_split_keyboard/common/mousekey.o
 .progmem.data.__c.4520
                0x00000655        0x2 obj_split_keyboard/common/mousekey.o
 .progmem.data.__c.4518
                0x00000657        0x5 obj_split_keyboard/common/mousekey.o
 .progmem.data.__c.4516
                0x0000065c       0x23 obj_split_keyboard/common/mousekey.o
 .progmem.data.__c.5181
                0x0000067f       0x1b obj_split_keyboard/common/command.o
 .progmem.data.__c.5178
                0x0000069a       0x19 obj_split_keyboard/common/command.o
 .progmem.data.__c.5175
                0x000006b3       0x15 obj_split_keyboard/common/command.o
 .progmem.data.__c.5172
                0x000006c8       0x13 obj_split_keyboard/common/command.o
 .progmem.data.__c.5169
                0x000006db       0x12 obj_split_keyboard/common/command.o
 .progmem.data.__c.5165
                0x000006ed        0xf obj_split_keyboard/common/command.o
 .progmem.data.__c.5158
                0x000006fc       0x1b obj_split_keyboard/common/command.o
 .progmem.data.__c.5155
                0x00000717       0x19 obj_split_keyboard/common/command.o
 .progmem.data.__c.5152
                0x00000730       0x15 obj_split_keyboard/common/command.o
 .progmem.data.__c.5149
                0x00000745       0x13 obj_split_keyboard/common/command.o
 .progmem.data.__c.5146
                0x00000758       0x12 obj_split_keyboard/common/command.o
 .progmem.data.__c.5142
                0x0000076a        0xf obj_split_keyboard/common/command.o
 .progmem.data.__c.5135
                0x00000779        0x2 obj_split_keyboard/common/command.o
 .progmem.data.__c.5133
                0x0000077b        0x3 obj_split_keyboard/common/command.o
 .progmem.data.__c.5131
                0x0000077e       0x17 obj_split_keyboard/common/command.o
 .progmem.data.__c.5129
                0x00000795        0x2 obj_split_keyboard/common/command.o
 .progmem.data.__c.5127
                0x00000797        0x3 obj_split_keyboard/common/command.o
 .progmem.data.__c.5125
                0x0000079a       0x15 obj_split_keyboard/common/command.o
 .progmem.data.__c.5123
                0x000007af        0x2 obj_split_keyboard/common/command.o
 .progmem.data.__c.5121
                0x000007b1        0x3 obj_split_keyboard/common/command.o
 .progmem.data.__c.5119
                0x000007b4       0x11 obj_split_keyboard/common/command.o
 .progmem.data.__c.5117
                0x000007c5        0x2 obj_split_keyboard/common/command.o
 .progmem.data.__c.5115
                0x000007c7        0x3 obj_split_keyboard/common/command.o
 .progmem.data.__c.5113
                0x000007ca        0xf obj_split_keyboard/common/command.o
 .progmem.data.__c.5111
                0x000007d9        0x2 obj_split_keyboard/common/command.o
 .progmem.data.__c.5109
                0x000007db        0x3 obj_split_keyboard/common/command.o
 .progmem.data.__c.5107
                0x000007de       0x12 obj_split_keyboard/common/command.o
 .progmem.data.__c.5105
                0x000007f0        0x2 obj_split_keyboard/common/command.o
 .progmem.data.__c.5103
                0x000007f2        0x3 obj_split_keyboard/common/command.o
 .progmem.data.__c.5101
                0x000007f5       0x12 obj_split_keyboard/common/command.o
 .progmem.data.__c.5099
                0x00000807        0xe obj_split_keyboard/common/command.o
 .progmem.data.__c.5219
                0x00000815        0x3 obj_split_keyboard/common/command.o
 .progmem.data.__c.5217
                0x00000818        0x6 obj_split_keyboard/common/command.o
 .progmem.data.__c.5215
                0x0000081e        0x2 obj_split_keyboard/common/command.o
 .progmem.data.__c.5212
                0x00000820        0xd obj_split_keyboard/common/command.o
 .progmem.data.__c.5198
                0x0000082d        0x4 obj_split_keyboard/common/command.o
 .progmem.data.__c.5188
                0x00000831       0x4e obj_split_keyboard/common/command.o
 .progmem.data.__c.5186
                0x0000087f       0xfb obj_split_keyboard/common/command.o
 .progmem.data.__c.5091
                0x0000097a        0x2 obj_split_keyboard/common/command.o
 .progmem.data.__c.5088
                0x0000097c        0x4 obj_split_keyboard/common/command.o
 .progmem.data.__c.5093
                0x00000980        0x4 obj_split_keyboard/common/command.o
 .progmem.data.__c.5237
                0x00000984        0x5 obj_split_keyboard/common/command.o
 .progmem.data.__c.5077
                0x00000989       0x27 obj_split_keyboard/common/command.o
 .progmem.data.__c.4898
                0x000009b0       0xb7 obj_split_keyboard/common/command.o
 .progmem.data.__c.4993
                0x00000a67        0x2 obj_split_keyboard/common/command.o
 .progmem.data.__c.4991
                0x00000a69        0x3 obj_split_keyboard/common/command.o
 .progmem.data.__c.4989
                0x00000a6c        0x8 obj_split_keyboard/common/command.o
 .progmem.data.__c.4987
                0x00000a74        0x2 obj_split_keyboard/common/command.o
 .progmem.data.__c.4985
                0x00000a76        0x3 obj_split_keyboard/common/command.o
 .progmem.data.__c.4983
                0x00000a79       0x1c obj_split_keyboard/common/command.o
 .progmem.data.__c.4981
                0x00000a95        0x2 obj_split_keyboard/common/command.o
 .progmem.data.__c.4979
                0x00000a97        0x3 obj_split_keyboard/common/command.o
 .progmem.data.__c.4977
                0x00000a9a       0x12 obj_split_keyboard/common/command.o
 .progmem.data.__c.4975
                0x00000aac        0x2 obj_split_keyboard/common/command.o
 .progmem.data.__c.4973
                0x00000aae        0x3 obj_split_keyboard/common/command.o
 .progmem.data.__c.4971
                0x00000ab1        0xa obj_split_keyboard/common/command.o
 .progmem.data.__c.4969
                0x00000abb        0x2 obj_split_keyboard/common/command.o
 .progmem.data.__c.4967
                0x00000abd        0x3 obj_split_keyboard/common/command.o
 .progmem.data.__c.4965
                0x00000ac0       0x12 obj_split_keyboard/common/command.o
 .progmem.data.__c.4963
                0x00000ad2        0x2 obj_split_keyboard/common/command.o
 .progmem.data.__c.4961
                0x00000ad4        0x3 obj_split_keyboard/common/command.o
 .progmem.data.__c.4959
                0x00000ad7       0x12 obj_split_keyboard/common/command.o
 .progmem.data.__c.4957
                0x00000ae9        0x2 obj_split_keyboard/common/command.o
 .progmem.data.__c.4955
                0x00000aeb        0x3 obj_split_keyboard/common/command.o
 .progmem.data.__c.4953
                0x00000aee       0x17 obj_split_keyboard/common/command.o
 .progmem.data.__c.4951
                0x00000b05        0x2 obj_split_keyboard/common/command.o
 .progmem.data.__c.4949
                0x00000b07        0x3 obj_split_keyboard/common/command.o
 .progmem.data.__c.4947
                0x00000b0a       0x19 obj_split_keyboard/common/command.o
 .progmem.data.__c.4945
                0x00000b23        0x2 obj_split_keyboard/common/command.o
 .progmem.data.__c.4943
                0x00000b25        0x5 obj_split_keyboard/common/command.o
 .progmem.data.__c.4941
                0x00000b2a       0x14 obj_split_keyboard/common/command.o
 .progmem.data.__c.4938
                0x00000b3e        0x2 obj_split_keyboard/common/command.o
 .progmem.data.__c.4936
                0x00000b40        0x3 obj_split_keyboard/common/command.o
 .progmem.data.__c.4934
                0x00000b43        0x9 obj_split_keyboard/common/command.o
 .progmem.data.__c.4932
                0x00000b4c        0x2 obj_split_keyboard/common/command.o
 .progmem.data.__c.4930
                0x00000b4e        0x3 obj_split_keyboard/common/command.o
 .progmem.data.__c.4928
                0x00000b51        0xc obj_split_keyboard/common/command.o
 .progmem.data.__c.4926
                0x00000b5d        0x2 obj_split_keyboard/common/command.o
 .progmem.data.__c.4924
                0x00000b5f        0x3 obj_split_keyboard/common/command.o
 .progmem.data.__c.4922
                0x00000b62        0xa obj_split_keyboard/common/command.o
 .progmem.data.__c.4920
                0x00000b6c        0x2 obj_split_keyboard/common/command.o
 .progmem.data.__c.4918
                0x00000b6e        0x3 obj_split_keyboard/common/command.o
 .progmem.data.__c.4916
                0x00000b71        0xa obj_split_keyboard/common/command.o
 .progmem.data.__c.4914
                0x00000b7b        0x2 obj_split_keyboard/common/command.o
 .progmem.data.__c.4912
                0x00000b7d        0x5 obj_split_keyboard/common/command.o
 .progmem.data.__c.4910
                0x00000b82       0x13 obj_split_keyboard/common/command.o
 .progmem.data.__c.4907
                0x00000b95        0x2 obj_split_keyboard/common/command.o
 .progmem.data.__c.4905
                0x00000b97        0x3 obj_split_keyboard/common/command.o
 .progmem.data.__c.4903
                0x00000b9a       0x10 obj_split_keyboard/common/command.o
 .progmem.data.__c.5072
                0x00000baa        0x2 obj_split_keyboard/common/command.o
 .progmem.data.__c.5063
                0x00000bac        0xb obj_split_keyboard/common/command.o
 .progmem.data.__c.5061
                0x00000bb7        0xa obj_split_keyboard/common/command.o
 .progmem.data.__c.5058
                0x00000bc1       0x14 obj_split_keyboard/common/command.o
 .progmem.data.__c.5056
                0x00000bd5       0x13 obj_split_keyboard/common/command.o
 .progmem.data.__c.5054
                0x00000be8       0x13 obj_split_keyboard/common/command.o
 .progmem.data.__c.5052
                0x00000bfb       0x17 obj_split_keyboard/common/command.o
 .progmem.data.__c.5050
                0x00000c12       0x1a obj_split_keyboard/common/command.o
 .progmem.data.__c.5048
                0x00000c2c        0xe obj_split_keyboard/common/command.o
 .progmem.data.__c.5045
                0x00000c3a       0x2b obj_split_keyboard/common/command.o
 .progmem.data.__c.5043
                0x00000c65       0x45 obj_split_keyboard/common/command.o
 .progmem.data.__c.5041
                0x00000caa       0x27 obj_split_keyboard/common/command.o
 .progmem.data.__c.5039
                0x00000cd1       0x45 obj_split_keyboard/common/command.o
 .progmem.data.__c.5037
                0x00000d16       0x23 obj_split_keyboard/common/command.o
 .progmem.data.__c.5035
                0x00000d39        0xf obj_split_keyboard/common/command.o
 .progmem.data.__c.5032
                0x00000d48        0xd obj_split_keyboard/common/command.o
 .progmem.data.__c.5030
                0x00000d55        0xc obj_split_keyboard/common/command.o
 .progmem.data.__c.5027
                0x00000d61       0x10 obj_split_keyboard/common/command.o
 .progmem.data.__c.5025
                0x00000d71        0xf obj_split_keyboard/common/command.o
 .progmem.data.__c.5022
                0x00000d80        0xe obj_split_keyboard/common/command.o
 .progmem.data.__c.5020
                0x00000d8e        0xd obj_split_keyboard/common/command.o
 .progmem.data.__c.5017
                0x00000d9b        0xc obj_split_keyboard/common/command.o
 .progmem.data.__c.5015
                0x00000da7        0xd obj_split_keyboard/common/command.o
 .progmem.data.__c.5012
                0x00000db4       0x11 obj_split_keyboard/common/command.o
 .progmem.data.__c.5009
                0x00000dc5        0x4 obj_split_keyboard/common/command.o
 .progmem.data.__c.5004
                0x00000dc9        0xb obj_split_keyboard/common/command.o
 .progmem.data.__c.5000
                0x00000dd4       0x10 obj_split_keyboard/common/command.o
 .progmem.data.breathing_table
                0x00000de4       0x40 obj_split_keyboard/common/sleep_led.o
                0x00000e24                . = ALIGN (0x2)
 *(.jumptables)
 *(.jumptables*)
 *(.lowtext)
 *(.lowtext*)
                0x00000e24                __ctors_start = .
 *(.ctors)
                0x00000e24                __ctors_end = .
                0x00000e24                __dtors_start = .
 *(.dtors)
                0x00000e24                __dtors_end = .
 SORT(*)(.ctors)
 SORT(*)(.dtors)
 *(.init0)
 .init0         0x00000e24        0x0 c:/program files/avr8-gnu-toolchain/bin/../lib/gcc/avr/4.9.2/../../../../avr/lib/avr5/crtatmega32u4.o
                0x00000e24                __init
 *(.init0)
 *(.init1)
 *(.init1)
 *(.init2)
 .init2         0x00000e24        0xc c:/program files/avr8-gnu-toolchain/bin/../lib/gcc/avr/4.9.2/../../../../avr/lib/avr5/crtatmega32u4.o
 *(.init2)
 *(.init3)
 .init3         0x00000e30       0x54 obj_split_keyboard/common/avr/bootloader.o
                0x00000e30                bootloader_jump_after_watchdog_reset
 *(.init3)
 *(.init4)
 .init4         0x00000e84       0x16 c:/program files/avr8-gnu-toolchain/bin/../lib/gcc/avr/4.9.2/avr5\libgcc.a(_copy_data.o)
                0x00000e84                __do_copy_data
 .init4         0x00000e9a       0x10 c:/program files/avr8-gnu-toolchain/bin/../lib/gcc/avr/4.9.2/avr5\libgcc.a(_clear_bss.o)
                0x00000e9a                __do_clear_bss
 *(.init4)
 *(.init5)
 *(.init5)
 *(.init6)
 *(.init6)
 *(.init7)
 *(.init7)
 *(.init8)
 *(.init8)
 *(.init9)
 .init9         0x00000eaa        0x8 c:/program files/avr8-gnu-toolchain/bin/../lib/gcc/avr/4.9.2/../../../../avr/lib/avr5/crtatmega32u4.o
 *(.init9)
 *(.text)
 .text          0x00000eb2        0x4 c:/program files/avr8-gnu-toolchain/bin/../lib/gcc/avr/4.9.2/../../../../avr/lib/avr5/crtatmega32u4.o
                0x00000eb2                __vector_38
                0x00000eb2                __vector_22
                0x00000eb2                __vector_28
                0x00000eb2                __vector_32
                0x00000eb2                __vector_34
                0x00000eb2                __vector_24
                0x00000eb2                __vector_12
                0x00000eb2                __bad_interrupt
                0x00000eb2                __vector_6
                0x00000eb2                __vector_31
                0x00000eb2                __vector_35
                0x00000eb2                __vector_39
                0x00000eb2                __vector_3
                0x00000eb2                __vector_23
                0x00000eb2                __vector_30
                0x00000eb2                __vector_25
                0x00000eb2                __vector_13
                0x00000eb2                __vector_19
                0x00000eb2                __vector_7
                0x00000eb2                __vector_41
                0x00000eb2                __vector_27
                0x00000eb2                __vector_5
                0x00000eb2                __vector_33
                0x00000eb2                __vector_37
                0x00000eb2                __vector_4
                0x00000eb2                __vector_9
                0x00000eb2                __vector_2
                0x00000eb2                __vector_15
                0x00000eb2                __vector_29
                0x00000eb2                __vector_40
                0x00000eb2                __vector_8
                0x00000eb2                __vector_26
                0x00000eb2                __vector_14
                0x00000eb2                __vector_16
                0x00000eb2                __vector_18
                0x00000eb2                __vector_20
                0x00000eb2                __vector_42
 .text          0x00000eb6      0x15c obj_split_keyboard/common/avr/xprintf.o
                0x00000eb6                xputc
                0x00000ece                xputs
                0x00000edc                xitoa
                0x00001000                __xprintf
                0x00001012                . = ALIGN (0x2)
 *(.text.*)
 .text.promicro_bootloader_jmp
                0x00001012       0x2c obj_split_keyboard/actionmap_plain.o
                0x00001012                promicro_bootloader_jmp
 .text.action_function
                0x0000103e       0x6a obj_split_keyboard/actionmap_plain.o
                0x0000103e                action_function
 .text.unselect_rows
                0x000010a8       0x3c obj_split_keyboard/matrix.o
 .text.matrix_init
                0x000010e4       0x64 obj_split_keyboard/matrix.o
                0x000010e4                matrix_init
 .text._matrix_scan
                0x00001148      0x130 obj_split_keyboard/matrix.o
                0x00001148                _matrix_scan
 .text.serial_transaction
                0x00001278       0x46 obj_split_keyboard/matrix.o
                0x00001278                serial_transaction
 .text.matrix_scan
                0x000012be       0x4c obj_split_keyboard/matrix.o
                0x000012be                matrix_scan
 .text.matrix_slave_scan
                0x0000130a       0x32 obj_split_keyboard/matrix.o
                0x0000130a                matrix_slave_scan
 .text.matrix_get_row
                0x0000133c        0xc obj_split_keyboard/matrix.o
                0x0000133c                matrix_get_row
 .text.matrix_print
                0x00001348       0x8e obj_split_keyboard/matrix.o
                0x00001348                matrix_print
 .text.__vector_36
                0x000013d6       0xc0 obj_split_keyboard/i2c.o
                0x000013d6                __vector_36
 .text.serial_output
                0x00001496        0x4 obj_split_keyboard/serial.o
 .text.serial_input
                0x0000149a        0x6 obj_split_keyboard/serial.o
 .text.serial_high
                0x000014a0        0x4 obj_split_keyboard/serial.o
 .text.sync_send
                0x000014a4       0x10 obj_split_keyboard/serial.o
 .text.sync_recv
                0x000014b4       0x10 obj_split_keyboard/serial.o
 .text.serial_read_byte
                0x000014c4       0x24 obj_split_keyboard/serial.o
 .text.serial_write_byte
                0x000014e8       0x3e obj_split_keyboard/serial.o
 .text.serial_master_init
                0x00001526        0x8 obj_split_keyboard/serial.o
                0x00001526                serial_master_init
 .text.serial_slave_init
                0x0000152e       0x12 obj_split_keyboard/serial.o
                0x0000152e                serial_slave_init
 .text.__vector_1
                0x00001540       0xe6 obj_split_keyboard/serial.o
                0x00001540                __vector_1
 .text.serial_update_buffers
                0x00001626       0xb6 obj_split_keyboard/serial.o
                0x00001626                serial_update_buffers
 .text.has_usb  0x000016dc       0x1a obj_split_keyboard/split-util.o
                0x000016dc                has_usb
 .text.split_keyboard_setup
                0x000016f6       0x2a obj_split_keyboard/split-util.o
                0x000016f6                split_keyboard_setup
 .text.keyboard_slave_loop
                0x00001720        0xa obj_split_keyboard/split-util.o
                0x00001720                keyboard_slave_loop
 .text.matrix_setup
                0x0000172a       0x12 obj_split_keyboard/split-util.o
                0x0000172a                matrix_setup
 .text.led_set  0x0000173c        0x2 obj_split_keyboard/led.o
                0x0000173c                led_set
 .text.keyboard_leds
                0x0000173e        0x6 obj_split_keyboard/protocol/lufa/lufa.o
 .text.sendchar
                0x00001744       0xc6 obj_split_keyboard/protocol/lufa/lufa.o
                0x00001744                sendchar
 .text.send_consumer
                0x0000180a       0x68 obj_split_keyboard/protocol/lufa/lufa.o
 .text.send_system
                0x00001872       0x68 obj_split_keyboard/protocol/lufa/lufa.o
 .text.send_mouse
                0x000018da       0x46 obj_split_keyboard/protocol/lufa/lufa.o
 .text.send_keyboard
                0x00001920       0xa4 obj_split_keyboard/protocol/lufa/lufa.o
 .text.EVENT_USB_Device_Connect
                0x000019c4       0x24 obj_split_keyboard/protocol/lufa/lufa.o
                0x000019c4                EVENT_USB_Device_Connect
 .text.EVENT_USB_Device_Disconnect
                0x000019e8        0xe obj_split_keyboard/protocol/lufa/lufa.o
                0x000019e8                EVENT_USB_Device_Disconnect
 .text.EVENT_USB_Device_Reset
                0x000019f6        0x8 obj_split_keyboard/protocol/lufa/lufa.o
                0x000019f6                EVENT_USB_Device_Reset
 .text.EVENT_USB_Device_Suspend
                0x000019fe        0xc obj_split_keyboard/protocol/lufa/lufa.o
                0x000019fe                EVENT_USB_Device_Suspend
 .text.EVENT_USB_Device_WakeUp
                0x00001a0a       0x18 obj_split_keyboard/protocol/lufa/lufa.o
                0x00001a0a                EVENT_USB_Device_WakeUp
 .text.EVENT_USB_Device_StartOfFrame
                0x00001a22       0x82 obj_split_keyboard/protocol/lufa/lufa.o
                0x00001a22                EVENT_USB_Device_StartOfFrame
 .text.EVENT_USB_Device_ConfigurationChanged
                0x00001aa4       0x32 obj_split_keyboard/protocol/lufa/lufa.o
                0x00001aa4                EVENT_USB_Device_ConfigurationChanged
 .text.EVENT_USB_Device_ControlRequest
                0x00001ad6      0x164 obj_split_keyboard/protocol/lufa/lufa.o
                0x00001ad6                EVENT_USB_Device_ControlRequest
 .text.startup.main
                0x00001c3a       0xa6 obj_split_keyboard/protocol/lufa/lufa.o
                0x00001c3a                main
 .text.CALLBACK_USB_GetDescriptor
                0x00001ce0       0xb0 obj_split_keyboard/protocol/lufa/descriptor.o
                0x00001ce0                CALLBACK_USB_GetDescriptor
 .text.USB_Device_SendRemoteWakeup
                0x00001d90       0x2c obj_split_keyboard/protocol/lufa/LUFA-git/LUFA/Drivers/USB/Core/AVR8/Device_AVR8.o
                0x00001d90                USB_Device_SendRemoteWakeup
 .text.Endpoint_Write_Stream_LE
                0x00001dbc       0x96 obj_split_keyboard/protocol/lufa/LUFA-git/LUFA/Drivers/USB/Core/AVR8/EndpointStream_AVR8.o
                0x00001dbc                Endpoint_Write_Stream_LE
 .text.Endpoint_Write_Control_Stream_LE
                0x00001e52       0xc6 obj_split_keyboard/protocol/lufa/LUFA-git/LUFA/Drivers/USB/Core/AVR8/EndpointStream_AVR8.o
                0x00001e52                Endpoint_Write_Control_Stream_LE
 .text.Endpoint_Write_Control_PStream_LE
                0x00001f18       0xc2 obj_split_keyboard/protocol/lufa/LUFA-git/LUFA/Drivers/USB/Core/AVR8/EndpointStream_AVR8.o
                0x00001f18                Endpoint_Write_Control_PStream_LE
 .text.Endpoint_ConfigureEndpoint_Prv
                0x00001fda       0x6a obj_split_keyboard/protocol/lufa/LUFA-git/LUFA/Drivers/USB/Core/AVR8/Endpoint_AVR8.o
                0x00001fda                Endpoint_ConfigureEndpoint_Prv
 .text.Endpoint_ClearStatusStage
                0x00002044       0x3e obj_split_keyboard/protocol/lufa/LUFA-git/LUFA/Drivers/USB/Core/AVR8/Endpoint_AVR8.o
                0x00002044                Endpoint_ClearStatusStage
 .text.Endpoint_WaitUntilReady
                0x00002082       0x64 obj_split_keyboard/protocol/lufa/LUFA-git/LUFA/Drivers/USB/Core/AVR8/Endpoint_AVR8.o
                0x00002082                Endpoint_WaitUntilReady
 .text.USB_Disable
                0x000020e6       0x34 obj_split_keyboard/protocol/lufa/LUFA-git/LUFA/Drivers/USB/Core/AVR8/USBController_AVR8.o
                0x000020e6                USB_Disable
 .text.USB_ResetInterface
                0x0000211a       0x86 obj_split_keyboard/protocol/lufa/LUFA-git/LUFA/Drivers/USB/Core/AVR8/USBController_AVR8.o
                0x0000211a                USB_ResetInterface
 .text.USB_Init
                0x000021a0       0x22 obj_split_keyboard/protocol/lufa/LUFA-git/LUFA/Drivers/USB/Core/AVR8/USBController_AVR8.o
                0x000021a0                USB_Init
 .text.USB_INT_DisableAllInterrupts
                0x000021c2       0x10 obj_split_keyboard/protocol/lufa/LUFA-git/LUFA/Drivers/USB/Core/AVR8/USBInterrupt_AVR8.o
                0x000021c2                USB_INT_DisableAllInterrupts
 .text.USB_INT_ClearAllInterrupts
                0x000021d2        0xa obj_split_keyboard/protocol/lufa/LUFA-git/LUFA/Drivers/USB/Core/AVR8/USBInterrupt_AVR8.o
                0x000021d2                USB_INT_ClearAllInterrupts
 .text.__vector_10
                0x000021dc      0x1a4 obj_split_keyboard/protocol/lufa/LUFA-git/LUFA/Drivers/USB/Core/AVR8/USBInterrupt_AVR8.o
                0x000021dc                __vector_10
 .text.__vector_11
                0x00002380       0x88 obj_split_keyboard/protocol/lufa/LUFA-git/LUFA/Drivers/USB/Core/AVR8/USBInterrupt_AVR8.o
                0x00002380                __vector_11
 .text.USB_Device_ProcessControlRequest
                0x00002408      0x2a2 obj_split_keyboard/protocol/lufa/LUFA-git/LUFA/Drivers/USB/Core/DeviceStandardReq.o
                0x00002408                USB_Device_ProcessControlRequest
 .text.host_set_driver
                0x000026aa        0xa obj_split_keyboard/common/host.o
                0x000026aa                host_set_driver
 .text.host_keyboard_leds
                0x000026b4       0x18 obj_split_keyboard/common/host.o
                0x000026b4                host_keyboard_leds
 .text.host_keyboard_send
                0x000026cc       0x92 obj_split_keyboard/common/host.o
                0x000026cc                host_keyboard_send
 .text.host_mouse_send
                0x0000275e       0x16 obj_split_keyboard/common/host.o
                0x0000275e                host_mouse_send
 .text.host_system_send
                0x00002774       0x2c obj_split_keyboard/common/host.o
                0x00002774                host_system_send
 .text.host_consumer_send
                0x000027a0       0x2c obj_split_keyboard/common/host.o
                0x000027a0                host_consumer_send
 .text.keyboard_setup
                0x000027cc        0x4 obj_split_keyboard/common/keyboard.o
                0x000027cc                keyboard_setup
 .text.keyboard_init
                0x000027d0        0xc obj_split_keyboard/common/keyboard.o
                0x000027d0                keyboard_init
 .text.keyboard_set_leds
                0x000027dc       0x50 obj_split_keyboard/common/keyboard.o
                0x000027dc                keyboard_set_leds
 .text.keyboard_task
                0x0000282c      0x146 obj_split_keyboard/common/keyboard.o
                0x0000282c                keyboard_task
 .text.action_exec
                0x00002972       0x5c obj_split_keyboard/common/action.o
                0x00002972                action_exec
 .text.register_code
                0x000029ce      0x1a6 obj_split_keyboard/common/action.o
                0x000029ce                register_code
 .text.unregister_code
                0x00002b74       0x9e obj_split_keyboard/common/action.o
                0x00002b74                unregister_code
 .text.register_mods
                0x00002c12        0xe obj_split_keyboard/common/action.o
                0x00002c12                register_mods
 .text.unregister_mods
                0x00002c20        0xe obj_split_keyboard/common/action.o
                0x00002c20                unregister_mods
 .text.process_action
                0x00002c2e      0x524 obj_split_keyboard/common/action.o
                0x00002c2e                process_action
 .text.clear_keyboard_but_mods
                0x00003152       0x24 obj_split_keyboard/common/action.o
                0x00003152                clear_keyboard_but_mods
 .text.clear_keyboard
                0x00003176        0x8 obj_split_keyboard/common/action.o
                0x00003176                clear_keyboard
 .text.is_tap_key
                0x0000317e       0x54 obj_split_keyboard/common/action.o
                0x0000317e                is_tap_key
 .text.debug_event
                0x000031d2       0x1e obj_split_keyboard/common/action.o
                0x000031d2                debug_event
 .text.debug_record
                0x000031f0       0x20 obj_split_keyboard/common/action.o
                0x000031f0                debug_record
 .text.debug_waiting_buffer
                0x00003210       0x42 obj_split_keyboard/common/action_tapping.o
 .text.debug_tapping_key
                0x00003252       0x1c obj_split_keyboard/common/action_tapping.o
 .text.waiting_buffer_scan_tap
                0x0000326e       0xb6 obj_split_keyboard/common/action_tapping.o
 .text.process_tapping
                0x00003324      0x38e obj_split_keyboard/common/action_tapping.o
 .text.action_tapping_process
                0x000036b2      0x148 obj_split_keyboard/common/action_tapping.o
                0x000036b2                action_tapping_process
 .text.action_macro_play
                0x000037fa       0xfa obj_split_keyboard/common/action_macro.o
                0x000037fa                action_macro_play
 .text.default_layer_debug
                0x000038f4        0x2 obj_split_keyboard/common/action_layer.o
                0x000038f4                default_layer_debug
 .text.default_layer_set
                0x000038f6       0x14 obj_split_keyboard/common/action_layer.o
                0x000038f6                default_layer_set
 .text.default_layer_or
                0x0000390a       0x38 obj_split_keyboard/common/action_layer.o
                0x0000390a                default_layer_or
 .text.default_layer_and
                0x00003942       0x38 obj_split_keyboard/common/action_layer.o
                0x00003942                default_layer_and
 .text.default_layer_xor
                0x0000397a       0x38 obj_split_keyboard/common/action_layer.o
                0x0000397a                default_layer_xor
 .text.layer_clear
                0x000039b2       0x14 obj_split_keyboard/common/action_layer.o
                0x000039b2                layer_clear
 .text.layer_move
                0x000039c6       0x2a obj_split_keyboard/common/action_layer.o
                0x000039c6                layer_move
 .text.layer_on
                0x000039f0       0x42 obj_split_keyboard/common/action_layer.o
                0x000039f0                layer_on
 .text.layer_off
                0x00003a32       0x4a obj_split_keyboard/common/action_layer.o
                0x00003a32                layer_off
 .text.layer_invert
                0x00003a7c       0x42 obj_split_keyboard/common/action_layer.o
                0x00003a7c                layer_invert
 .text.layer_or
                0x00003abe       0x38 obj_split_keyboard/common/action_layer.o
                0x00003abe                layer_or
 .text.layer_and
                0x00003af6       0x38 obj_split_keyboard/common/action_layer.o
                0x00003af6                layer_and
 .text.layer_xor
                0x00003b2e       0x38 obj_split_keyboard/common/action_layer.o
                0x00003b2e                layer_xor
 .text.layer_debug
                0x00003b66        0x2 obj_split_keyboard/common/action_layer.o
                0x00003b66                layer_debug
 .text.layer_switch_get_action
                0x00003b68       0x82 obj_split_keyboard/common/action_layer.o
                0x00003b68                layer_switch_get_action
 .text.get_oneshot_locked_mods
                0x00003bea        0x6 obj_split_keyboard/common/action_util.o
                0x00003bea                get_oneshot_locked_mods
 .text.set_oneshot_locked_mods
                0x00003bf0        0x6 obj_split_keyboard/common/action_util.o
                0x00003bf0                set_oneshot_locked_mods
 .text.clear_oneshot_locked_mods
                0x00003bf6        0x6 obj_split_keyboard/common/action_util.o
                0x00003bf6                clear_oneshot_locked_mods
 .text.get_oneshot_layer
                0x00003bfc        0xc obj_split_keyboard/common/action_util.o
                0x00003bfc                get_oneshot_layer
 .text.get_oneshot_layer_state
                0x00003c08        0x8 obj_split_keyboard/common/action_util.o
                0x00003c08                get_oneshot_layer_state
 .text.set_oneshot_layer
                0x00003c10       0x12 obj_split_keyboard/common/action_util.o
                0x00003c10                set_oneshot_layer
 .text.reset_oneshot_layer
                0x00003c22        0x6 obj_split_keyboard/common/action_util.o
                0x00003c22                reset_oneshot_layer
 .text.clear_oneshot_layer_state
                0x00003c28       0x2e obj_split_keyboard/common/action_util.o
                0x00003c28                clear_oneshot_layer_state
 .text.is_oneshot_layer_active
                0x00003c56        0xe obj_split_keyboard/common/action_util.o
                0x00003c56                is_oneshot_layer_active
 .text.add_key  0x00003c64       0xa6 obj_split_keyboard/common/action_util.o
                0x00003c64                add_key
 .text.del_key  0x00003d0a       0x8e obj_split_keyboard/common/action_util.o
                0x00003d0a                del_key
 .text.clear_keys
                0x00003d98       0x1c obj_split_keyboard/common/action_util.o
                0x00003d98                clear_keys
 .text.get_mods
                0x00003db4        0x6 obj_split_keyboard/common/action_util.o
                0x00003db4                get_mods
 .text.add_mods
                0x00003dba        0xc obj_split_keyboard/common/action_util.o
                0x00003dba                add_mods
 .text.del_mods
                0x00003dc6        0xe obj_split_keyboard/common/action_util.o
                0x00003dc6                del_mods
 .text.clear_mods
                0x00003dd4        0x6 obj_split_keyboard/common/action_util.o
                0x00003dd4                clear_mods
 .text.add_weak_mods
                0x00003dda        0xc obj_split_keyboard/common/action_util.o
                0x00003dda                add_weak_mods
 .text.del_weak_mods
                0x00003de6        0xe obj_split_keyboard/common/action_util.o
                0x00003de6                del_weak_mods
 .text.clear_weak_mods
                0x00003df4        0x6 obj_split_keyboard/common/action_util.o
                0x00003df4                clear_weak_mods
 .text.set_oneshot_mods
                0x00003dfa        0x6 obj_split_keyboard/common/action_util.o
                0x00003dfa                set_oneshot_mods
 .text.clear_oneshot_mods
                0x00003e00        0x6 obj_split_keyboard/common/action_util.o
                0x00003e00                clear_oneshot_mods
 .text.has_anykey
                0x00003e06       0x22 obj_split_keyboard/common/action_util.o
                0x00003e06                has_anykey
 .text.send_keyboard_report
                0x00003e28       0x4c obj_split_keyboard/common/action_util.o
                0x00003e28                send_keyboard_report
 .text.print_set_sendchar
                0x00003e74        0xa obj_split_keyboard/common/print.o
                0x00003e74                print_set_sendchar
 .text.bitrev   0x00003e7e       0x2c obj_split_keyboard/common/util.o
                0x00003e7e                bitrev
 .text.bitrev16
                0x00003eaa       0x34 obj_split_keyboard/common/util.o
                0x00003eaa                bitrev16
 .text.suspend_power_down
                0x00003ede       0x52 obj_split_keyboard/common/avr/suspend.o
                0x00003ede                suspend_power_down
 .text.matrix_power_up
                0x00003f30        0x2 obj_split_keyboard/common/avr/suspend.o
                0x00003f30                matrix_power_up
 .text.matrix_power_down
                0x00003f32        0x2 obj_split_keyboard/common/avr/suspend.o
                0x00003f32                matrix_power_down
 .text.suspend_wakeup_condition
                0x00003f34       0x28 obj_split_keyboard/common/avr/suspend.o
                0x00003f34                suspend_wakeup_condition
 .text.suspend_wakeup_init
                0x00003f5c        0x4 obj_split_keyboard/common/avr/suspend.o
                0x00003f5c                suspend_wakeup_init
 .text.timer_init
                0x00003f60       0x12 obj_split_keyboard/common/avr/timer.o
                0x00003f60                timer_init
 .text.timer_read
                0x00003f72       0x18 obj_split_keyboard/common/avr/timer.o
                0x00003f72                timer_read
 .text.timer_elapsed
                0x00003f8a       0x54 obj_split_keyboard/common/avr/timer.o
                0x00003f8a                timer_elapsed
 .text.__vector_21
                0x00003fde       0x4a obj_split_keyboard/common/avr/timer.o
                0x00003fde                __vector_21
 .text.bootloader_jump
                0x00004028       0x44 obj_split_keyboard/common/avr/bootloader.o
                0x00004028                bootloader_jump
 .text.action_for_key
                0x0000406c       0x24 obj_split_keyboard/common/actionmap.o
                0x0000406c                action_for_key
 .text.action_get_macro
                0x00004090        0x6 obj_split_keyboard/common/actionmap.o
                0x00004090                action_get_macro
 .text.scan_key
                0x00004096       0x80 obj_split_keyboard/common/bootmagic.o
 .text.bootmagic_scan_key
                0x00004116       0x24 obj_split_keyboard/common/bootmagic.o
                0x00004116                bootmagic_scan_key
 .text.bootmagic
                0x0000413a      0x298 obj_split_keyboard/common/bootmagic.o
                0x0000413a                bootmagic
 .text.eeconfig_init
                0x000043d2       0x34 obj_split_keyboard/common/avr/eeconfig.o
                0x000043d2                eeconfig_init
 .text.eeconfig_is_enabled
                0x00004406       0x16 obj_split_keyboard/common/avr/eeconfig.o
                0x00004406                eeconfig_is_enabled
 .text.eeconfig_read_debug
                0x0000441c        0x8 obj_split_keyboard/common/avr/eeconfig.o
                0x0000441c                eeconfig_read_debug
 .text.eeconfig_write_debug
                0x00004424        0xa obj_split_keyboard/common/avr/eeconfig.o
                0x00004424                eeconfig_write_debug
 .text.eeconfig_read_default_layer
                0x0000442e        0x8 obj_split_keyboard/common/avr/eeconfig.o
                0x0000442e                eeconfig_read_default_layer
 .text.eeconfig_write_default_layer
                0x00004436        0xa obj_split_keyboard/common/avr/eeconfig.o
                0x00004436                eeconfig_write_default_layer
 .text.eeconfig_read_keymap
                0x00004440        0x8 obj_split_keyboard/common/avr/eeconfig.o
                0x00004440                eeconfig_read_keymap
 .text.eeconfig_write_keymap
                0x00004448        0xa obj_split_keyboard/common/avr/eeconfig.o
                0x00004448                eeconfig_write_keymap
 .text.move_unit
                0x00004452       0x92 obj_split_keyboard/common/mousekey.o
 .text.wheel_unit
                0x000044e4       0x72 obj_split_keyboard/common/mousekey.o
 .text.mousekey_on
                0x00004556       0xd0 obj_split_keyboard/common/mousekey.o
                0x00004556                mousekey_on
 .text.mousekey_off
                0x00004626      0x10a obj_split_keyboard/common/mousekey.o
                0x00004626                mousekey_off
 .text.mousekey_send
                0x00004730      0x11a obj_split_keyboard/common/mousekey.o
                0x00004730                mousekey_send
 .text.mousekey_task
                0x0000484a      0x14a obj_split_keyboard/common/mousekey.o
                0x0000484a                mousekey_task
 .text.mousekey_clear
                0x00004994       0x18 obj_split_keyboard/common/mousekey.o
                0x00004994                mousekey_clear
 .text.mousekey_console_help
                0x000049ac       0x2e obj_split_keyboard/common/command.o
 .text.mousekey_param_inc
                0x000049da      0x146 obj_split_keyboard/common/command.o
 .text.mousekey_param_dec
                0x00004b20       0xfc obj_split_keyboard/common/command.o
 .text.switch_default_layer
                0x00004c1c       0x40 obj_split_keyboard/common/command.o
 .text.command_common
                0x00004c5c      0x50a obj_split_keyboard/common/command.o
 .text.command_extra
                0x00005166        0x4 obj_split_keyboard/common/command.o
                0x00005166                command_extra
 .text.command_console_extra
                0x0000516a        0x4 obj_split_keyboard/common/command.o
                0x0000516a                command_console_extra
 .text.command_proc
                0x0000516e      0x2aa obj_split_keyboard/common/command.o
                0x0000516e                command_proc
 .text.sleep_led_init
                0x00005418       0x24 obj_split_keyboard/common/sleep_led.o
                0x00005418                sleep_led_init
 .text.sleep_led_enable
                0x0000543c        0xc obj_split_keyboard/common/sleep_led.o
                0x0000543c                sleep_led_enable
 .text.sleep_led_disable
                0x00005448        0xc obj_split_keyboard/common/sleep_led.o
                0x00005448                sleep_led_disable
 .text.sleep_led_toggle
                0x00005454        0xe obj_split_keyboard/common/sleep_led.o
                0x00005454                sleep_led_toggle
 .text.__vector_17
                0x00005462       0x7e obj_split_keyboard/common/sleep_led.o
                0x00005462                __vector_17
 .text.avr-libc.fplib
                0x000054e0        0xe c:/program files/avr8-gnu-toolchain/bin/../lib/gcc/avr/4.9.2/../../../../avr/lib/avr5\libm.a(fixsfsi.o)
                0x000054e0                __fixsfsi
 .text.avr-libc.fplib
                0x000054ee       0x5e c:/program files/avr8-gnu-toolchain/bin/../lib/gcc/avr/4.9.2/../../../../avr/lib/avr5\libm.a(fixunssfsi.o)
                0x000054ee                __fixunssfsi
 .text.avr-libc.fplib
                0x0000554c       0x7a c:/program files/avr8-gnu-toolchain/bin/../lib/gcc/avr/4.9.2/../../../../avr/lib/avr5\libm.a(floatsisf.o)
                0x0000554c                __floatunsisf
                0x00005550                __floatsisf
 .text.avr-libc.fplib
                0x000055c6       0x44 c:/program files/avr8-gnu-toolchain/bin/../lib/gcc/avr/4.9.2/../../../../avr/lib/avr5\libm.a(fp_split3.o)
                0x000055c6                __fp_split3
                0x000055d6                __fp_splitA
 .text.avr-libc.fplib
                0x0000560a        0xe c:/program files/avr8-gnu-toolchain/bin/../lib/gcc/avr/4.9.2/../../../../avr/lib/avr5\libm.a(fp_zero.o)
                0x0000560a                __fp_zero
                0x0000560c                __fp_szero
 .text.avr-libc.fplib
                0x00005618        0x8 c:/program files/avr8-gnu-toolchain/bin/../lib/gcc/avr/4.9.2/../../../../avr/lib/avr5\libm.a(mulsf3.o)
                0x00005618                __mulsf3
 .text.avr-libc.fplib
                0x00005620       0xd2 c:/program files/avr8-gnu-toolchain/bin/../lib/gcc/avr/4.9.2/../../../../avr/lib/avr5\libm.a(mulsf3x.o)
                0x0000563e                __mulsf3x
                0x00005644                __mulsf3_pse
 .text.avr-libc.fplib
                0x000056f2        0xc c:/program files/avr8-gnu-toolchain/bin/../lib/gcc/avr/4.9.2/../../../../avr/lib/avr5\libm.a(fp_inf.o)
                0x000056f2                __fp_inf
 .text.avr-libc.fplib
                0x000056fe        0x6 c:/program files/avr8-gnu-toolchain/bin/../lib/gcc/avr/4.9.2/../../../../avr/lib/avr5\libm.a(fp_nan.o)
                0x000056fe                __fp_nan
 .text.avr-libc.fplib
                0x00005704        0xe c:/program files/avr8-gnu-toolchain/bin/../lib/gcc/avr/4.9.2/../../../../avr/lib/avr5\libm.a(fp_pscA.o)
                0x00005704                __fp_pscA
 .text.avr-libc.fplib
                0x00005712        0xe c:/program files/avr8-gnu-toolchain/bin/../lib/gcc/avr/4.9.2/../../../../avr/lib/avr5\libm.a(fp_pscB.o)
                0x00005712                __fp_pscB
 .text.avr-libc.fplib
                0x00005720       0x22 c:/program files/avr8-gnu-toolchain/bin/../lib/gcc/avr/4.9.2/../../../../avr/lib/avr5\libm.a(fp_round.o)
                0x00005720                __fp_round
 .text.libgcc.div
                0x00005742       0x18 c:/program files/avr8-gnu-toolchain/bin/../lib/gcc/avr/4.9.2/avr5\libgcc.a(_udivmodqi4.o)
                0x00005742                __udivmodqi4
 .text.libgcc.div
                0x0000575a       0x28 c:/program files/avr8-gnu-toolchain/bin/../lib/gcc/avr/4.9.2/avr5\libgcc.a(_divmodhi4.o)
                0x0000575a                _div
                0x0000575a                __divmodhi4
 .text.libgcc   0x00005782        0xc c:/program files/avr8-gnu-toolchain/bin/../lib/gcc/avr/4.9.2/avr5\libgcc.a(_tablejump2.o)
                0x00005782                __tablejump2__
 .text.libgcc.div
                0x0000578e       0x28 c:/program files/avr8-gnu-toolchain/bin/../lib/gcc/avr/4.9.2/avr5\libgcc.a(_udivmodhi4.o)
                0x0000578e                __udivmodhi4
 .text.avr-libc
                0x000057b6       0x10 c:/program files/avr8-gnu-toolchain/bin/../lib/gcc/avr/4.9.2/../../../../avr/lib/avr5\libatmega32u4.a(eerd_byte.o)
                0x000057b6                eeprom_read_byte
 .text.avr-libc
                0x000057c6        0xc c:/program files/avr8-gnu-toolchain/bin/../lib/gcc/avr/4.9.2/../../../../avr/lib/avr5\libatmega32u4.a(eerd_word.o)
                0x000057c6                eeprom_read_word
 .text.avr-libc
                0x000057d2       0x1c c:/program files/avr8-gnu-toolchain/bin/../lib/gcc/avr/4.9.2/../../../../avr/lib/avr5\libatmega32u4.a(eewr_byte.o)
                0x000057d2                eeprom_write_byte
                0x000057d4                eeprom_write_r18
 .text.avr-libc
                0x000057ee        0xa c:/program files/avr8-gnu-toolchain/bin/../lib/gcc/avr/4.9.2/../../../../avr/lib/avr5\libatmega32u4.a(eewr_word.o)
                0x000057ee                eeprom_write_word
 .text.avr-libc
                0x000057f8       0x20 c:/program files/avr8-gnu-toolchain/bin/../lib/gcc/avr/4.9.2/../../../../avr/lib/avr5\libatmega32u4.a(eerd_block.o)
                0x000057f8                eeprom_read_block
                0x000057fc                eeprom_read_blraw
                0x00005818                . = ALIGN (0x2)
 *(.fini9)
 .fini9         0x00005818        0x0 c:/program files/avr8-gnu-toolchain/bin/../lib/gcc/avr/4.9.2/avr5\libgcc.a(_exit.o)
                0x00005818                _exit
                0x00005818                exit
 *(.fini9)
 *(.fini8)
 *(.fini8)
 *(.fini7)
 *(.fini7)
 *(.fini6)
 *(.fini6)
 *(.fini5)
 *(.fini5)
 *(.fini4)
 *(.fini4)
 *(.fini3)
 *(.fini3)
 *(.fini2)
 *(.fini2)
 *(.fini1)
 *(.fini1)
 *(.fini0)
 .fini0         0x00005818        0x4 c:/program files/avr8-gnu-toolchain/bin/../lib/gcc/avr/4.9.2/avr5\libgcc.a(_exit.o)
 *(.fini0)
                0x0000581c                _etext = .

.data           0x00800100       0x48 load address 0x0000581c
                0x00800100                PROVIDE (__data_start, .)
 *(.data)
 *(.data*)
 .data.debouncing
                0x00800100        0x1 obj_split_keyboard/matrix.o
 .data.isLeftHand
                0x00800101        0x1 obj_split_keyboard/split-util.o
                0x00800101                isLeftHand
 .data.lufa_driver
                0x00800102        0xa obj_split_keyboard/protocol/lufa/lufa.o
                0x00800102                lufa_driver
 .data.keyboard_protocol
                0x0080010c        0x1 obj_split_keyboard/protocol/lufa/lufa.o
                0x0080010c                keyboard_protocol
 .data.keyboard_nkro
                0x0080010d        0x1 obj_split_keyboard/common/host.o
                0x0080010d                keyboard_nkro
 .data.keyboard_report
                0x0080010e        0x2 obj_split_keyboard/common/action_util.o
                0x0080010e                keyboard_report
 .data.mk_wheel_time_to_max
                0x00800110        0x1 obj_split_keyboard/common/mousekey.o
                0x00800110                mk_wheel_time_to_max
 .data.mk_wheel_max_speed
                0x00800111        0x1 obj_split_keyboard/common/mousekey.o
                0x00800111                mk_wheel_max_speed
 .data.mk_time_to_max
                0x00800112        0x1 obj_split_keyboard/common/mousekey.o
                0x00800112                mk_time_to_max
 .data.mk_max_speed
                0x00800113        0x1 obj_split_keyboard/common/mousekey.o
                0x00800113                mk_max_speed
 .data.mk_interval
                0x00800114        0x1 obj_split_keyboard/common/mousekey.o
                0x00800114                mk_interval
 .data.mk_delay
                0x00800115        0x1 obj_split_keyboard/common/mousekey.o
                0x00800115                mk_delay
 *(.rodata)
 *(.rodata*)
 .rodata.col_pins
                0x00800116        0x6 obj_split_keyboard/matrix.o
 .rodata.row_pins
                0x0080011c        0x8 obj_split_keyboard/matrix.o
 .rodata.CSWTCH.3
                0x00800124        0x5 obj_split_keyboard/protocol/lufa/descriptor.o
 .rodata.CSWTCH.2
                0x00800129        0xa obj_split_keyboard/protocol/lufa/descriptor.o
 .rodata.CSWTCH.1
                0x00800133        0xa obj_split_keyboard/protocol/lufa/descriptor.o
 .rodata.CSWTCH.44
                0x0080013d        0xa obj_split_keyboard/common/command.o
 *(.gnu.linkonce.d*)
                0x00800148                . = ALIGN (0x2)
 *fill*         0x00800147        0x1 
                0x00800148                _edata = .
                0x00800148                PROVIDE (__data_end, .)

.bss            0x00800148       0xf5
                0x00800148                PROVIDE (__bss_start, .)
 *(.bss)
 .bss           0x00800148        0x2 obj_split_keyboard/common/avr/xprintf.o
                0x00800148                xfunc_out
 *(.bss*)
 .bss.matrix_debouncing
                0x0080014a        0x8 obj_split_keyboard/matrix.o
 .bss.matrix    0x00800152        0x8 obj_split_keyboard/matrix.o
 .bss.error_count
                0x0080015a        0x1 obj_split_keyboard/matrix.o
 .bss.slave_has_register_set
                0x0080015b        0x1 obj_split_keyboard/i2c.o
 .bss.slave_buffer_pos
                0x0080015c        0x1 obj_split_keyboard/i2c.o
 .bss.i2c_slave_buffer
                0x0080015d       0x40 obj_split_keyboard/i2c.o
 .bss.status    0x0080019d        0x1 obj_split_keyboard/serial.o
                0x0080019d                status
 .bss.serial_master_buffer
                0x0080019e        0x1 obj_split_keyboard/serial.o
                0x0080019e                serial_master_buffer
 .bss.serial_slave_buffer
                0x0080019f        0x4 obj_split_keyboard/serial.o
                0x0080019f                serial_slave_buffer
 .bss.timeouted.4812
                0x008001a3        0x1 obj_split_keyboard/protocol/lufa/lufa.o
 .bss.count.4742
                0x008001a4        0x1 obj_split_keyboard/protocol/lufa/lufa.o
 .bss.console_flush
                0x008001a5        0x1 obj_split_keyboard/protocol/lufa/lufa.o
 .bss.keyboard_report_sent
                0x008001a6       0x10 obj_split_keyboard/protocol/lufa/lufa.o
 .bss.keyboard_led_stats
                0x008001b6        0x1 obj_split_keyboard/protocol/lufa/lufa.o
 .bss.keyboard_idle
                0x008001b7        0x1 obj_split_keyboard/protocol/lufa/lufa.o
                0x008001b7                keyboard_idle
 .bss.last_consumer_report
                0x008001b8        0x2 obj_split_keyboard/common/host.o
 .bss.last_system_report
                0x008001ba        0x2 obj_split_keyboard/common/host.o
 .bss.driver    0x008001bc        0x2 obj_split_keyboard/common/host.o
 .bss.led_status.4787
                0x008001be        0x1 obj_split_keyboard/common/keyboard.o
 .bss.matrix_prev.4786
                0x008001bf        0x8 obj_split_keyboard/common/keyboard.o
 .bss.waiting_buffer_tail
                0x008001c7        0x1 obj_split_keyboard/common/action_tapping.o
 .bss.waiting_buffer_head
                0x008001c8        0x1 obj_split_keyboard/common/action_tapping.o
 .bss.waiting_buffer
                0x008001c9       0x30 obj_split_keyboard/common/action_tapping.o
 .bss.tapping_key
                0x008001f9        0x6 obj_split_keyboard/common/action_tapping.o
 .bss.layer_state
                0x008001ff        0x4 obj_split_keyboard/common/action_layer.o
                0x008001ff                layer_state
 .bss.default_layer_state
                0x00800203        0x4 obj_split_keyboard/common/action_layer.o
                0x00800203                default_layer_state
 .bss.oneshot_layer_data
                0x00800207        0x1 obj_split_keyboard/common/action_util.o
 .bss.oneshot_locked_mods
                0x00800208        0x1 obj_split_keyboard/common/action_util.o
 .bss.oneshot_mods
                0x00800209        0x1 obj_split_keyboard/common/action_util.o
 .bss.__compound_literal.0
                0x0080020a       0x10 obj_split_keyboard/common/action_util.o
 .bss.weak_mods
                0x0080021a        0x1 obj_split_keyboard/common/action_util.o
 .bss.real_mods
                0x0080021b        0x1 obj_split_keyboard/common/action_util.o
 .bss.debug_config
                0x0080021c        0x1 obj_split_keyboard/common/debug.o
                0x0080021c                debug_config
 .bss.wdt_timeout
                0x0080021d        0x1 obj_split_keyboard/common/avr/suspend.o
 .bss.timer_count
                0x0080021e        0x4 obj_split_keyboard/common/avr/timer.o
                0x0080021e                timer_count
 .bss.last_timer
                0x00800222        0x2 obj_split_keyboard/common/mousekey.o
 .bss.mousekey_accel
                0x00800224        0x1 obj_split_keyboard/common/mousekey.o
 .bss.mousekey_repeat
                0x00800225        0x1 obj_split_keyboard/common/mousekey.o
 .bss.mouse_report
                0x00800226        0x5 obj_split_keyboard/common/mousekey.o
 .bss.mousekey_param
                0x0080022b        0x1 obj_split_keyboard/common/command.o
 .bss.command_state
                0x0080022c        0x1 obj_split_keyboard/common/command.o
                0x0080022c                command_state
 .bss.timer.1678
                0x0080022d        0x2 obj_split_keyboard/common/sleep_led.o
 *(COMMON)
 COMMON         0x0080022f        0x3 obj_split_keyboard/protocol/lufa/LUFA-git/LUFA/Drivers/USB/Core/DeviceStandardReq.o
                0x0080022f                USB_Device_ConfigurationNumber
                0x00800230                USB_Device_CurrentlySelfPowered
                0x00800231                USB_Device_RemoteWakeupEnabled
 COMMON         0x00800232        0xa obj_split_keyboard/protocol/lufa/LUFA-git/LUFA/Drivers/USB/Core/USBTask.o
                0x00800232                USB_IsInitialized
                0x00800233                USB_DeviceState
                0x00800234                USB_ControlRequest
 COMMON         0x0080023c        0x1 obj_split_keyboard/common/keyboard.o
                0x0080023c                keymap_config
                0x0080023d                PROVIDE (__bss_end, .)
                0x0000581c                __data_load_start = LOADADDR (.data)
                0x00005864                __data_load_end = (__data_load_start + SIZEOF (.data))

.noinit         0x0080023d        0x4
                [!provide]                PROVIDE (__noinit_start, .)
 *(.noinit*)
 .noinit        0x0080023d        0x4 obj_split_keyboard/common/avr/bootloader.o
                0x0080023d                reset_key
                [!provide]                PROVIDE (__noinit_end, .)
                0x00800241                _end = .
                [!provide]                PROVIDE (__heap_start, .)

.eeprom         0x00810000        0x0
 *(.eeprom*)
                0x00810000                __eeprom_end = .

.fuse
 *(.fuse)
 *(.lfuse)
 *(.hfuse)
 *(.efuse)

.lock
 *(.lock*)

.signature
 *(.signature*)

.user_signatures
 *(.user_signatures*)

.stab           0x00000000      0x8b8
 *(.stab)
 .stab          0x00000000      0x8b8 obj_split_keyboard/common/avr/xprintf.o

.stabstr        0x00000000       0x7e
 *(.stabstr)
 .stabstr       0x00000000       0x7e obj_split_keyboard/common/avr/xprintf.o

.stab.excl
 *(.stab.excl)

.stab.exclstr
 *(.stab.exclstr)

.stab.index
 *(.stab.index)

.stab.indexstr
 *(.stab.indexstr)

.comment        0x00000000       0x30
 *(.comment)
 .comment       0x00000000       0x30 obj_split_keyboard/actionmap_plain.o
                                 0x31 (size before relaxing)
 .comment       0x00000030       0x31 obj_split_keyboard/matrix.o
 .comment       0x00000030       0x31 obj_split_keyboard/i2c.o
 .comment       0x00000030       0x31 obj_split_keyboard/serial.o
 .comment       0x00000030       0x31 obj_split_keyboard/split-util.o
 .comment       0x00000030       0x31 obj_split_keyboard/led.o
 .comment       0x00000030       0x31 obj_split_keyboard/protocol/lufa/lufa.o
 .comment       0x00000030       0x31 obj_split_keyboard/protocol/lufa/descriptor.o
 .comment       0x00000030       0x31 obj_split_keyboard/protocol/lufa/LUFA-git/LUFA/Drivers/USB/Core/AVR8/Device_AVR8.o
 .comment       0x00000030       0x31 obj_split_keyboard/protocol/lufa/LUFA-git/LUFA/Drivers/USB/Core/AVR8/EndpointStream_AVR8.o
 .comment       0x00000030       0x31 obj_split_keyboard/protocol/lufa/LUFA-git/LUFA/Drivers/USB/Core/AVR8/Endpoint_AVR8.o
 .comment       0x00000030       0x31 obj_split_keyboard/protocol/lufa/LUFA-git/LUFA/Drivers/USB/Core/AVR8/USBController_AVR8.o
 .comment       0x00000030       0x31 obj_split_keyboard/protocol/lufa/LUFA-git/LUFA/Drivers/USB/Core/AVR8/USBInterrupt_AVR8.o
 .comment       0x00000030       0x31 obj_split_keyboard/protocol/lufa/LUFA-git/LUFA/Drivers/USB/Core/DeviceStandardReq.o
 .comment       0x00000030       0x31 obj_split_keyboard/protocol/lufa/LUFA-git/LUFA/Drivers/USB/Core/USBTask.o
 .comment       0x00000030       0x31 obj_split_keyboard/common/host.o
 .comment       0x00000030       0x31 obj_split_keyboard/common/keyboard.o
 .comment       0x00000030       0x31 obj_split_keyboard/common/action.o
 .comment       0x00000030       0x31 obj_split_keyboard/common/action_tapping.o
 .comment       0x00000030       0x31 obj_split_keyboard/common/action_macro.o
 .comment       0x00000030       0x31 obj_split_keyboard/common/action_layer.o
 .comment       0x00000030       0x31 obj_split_keyboard/common/action_util.o
 .comment       0x00000030       0x31 obj_split_keyboard/common/print.o
 .comment       0x00000030       0x31 obj_split_keyboard/common/debug.o
 .comment       0x00000030       0x31 obj_split_keyboard/common/util.o
 .comment       0x00000030       0x31 obj_split_keyboard/common/avr/suspend.o
 .comment       0x00000030       0x31 obj_split_keyboard/common/avr/timer.o
 .comment       0x00000030       0x31 obj_split_keyboard/common/avr/bootloader.o
 .comment       0x00000030       0x31 obj_split_keyboard/common/actionmap.o
 .comment       0x00000030       0x31 obj_split_keyboard/common/bootmagic.o
 .comment       0x00000030       0x31 obj_split_keyboard/common/avr/eeconfig.o
 .comment       0x00000030       0x31 obj_split_keyboard/common/mousekey.o
 .comment       0x00000030       0x31 obj_split_keyboard/common/command.o
 .comment       0x00000030       0x31 obj_split_keyboard/common/sleep_led.o

.note.gnu.avr.deviceinfo
                0x00000000       0x40
 .note.gnu.avr.deviceinfo
                0x00000000       0x40 c:/program files/avr8-gnu-toolchain/bin/../lib/gcc/avr/4.9.2/../../../../avr/lib/avr5/crtatmega32u4.o

.note.gnu.build-id
 *(.note.gnu.build-id)

.debug
 *(.debug)

.line
 *(.line)

.debug_srcinfo
 *(.debug_srcinfo)

.debug_sfnames
 *(.debug_sfnames)

.debug_aranges  0x00000000      0xa80
 *(.debug_aranges)
 .debug_aranges
                0x00000000       0x38 obj_split_keyboard/actionmap_plain.o
 .debug_aranges
                0x00000038       0x88 obj_split_keyboard/matrix.o
 .debug_aranges
                0x000000c0       0x68 obj_split_keyboard/i2c.o
 .debug_aranges
                0x00000128       0x70 obj_split_keyboard/serial.o
 .debug_aranges
                0x00000198       0x38 obj_split_keyboard/split-util.o
 .debug_aranges
                0x000001d0       0x20 obj_split_keyboard/led.o
 .debug_aranges
                0x000001f0       0x90 obj_split_keyboard/protocol/lufa/lufa.o
 .debug_aranges
                0x00000280       0x20 obj_split_keyboard/protocol/lufa/descriptor.o
 .debug_aranges
                0x000002a0       0x20 obj_split_keyboard/protocol/lufa/LUFA-git/LUFA/Drivers/USB/Core/AVR8/Device_AVR8.o
 .debug_aranges
                0x000002c0       0xc8 obj_split_keyboard/protocol/lufa/LUFA-git/LUFA/Drivers/USB/Core/AVR8/EndpointStream_AVR8.o
 .debug_aranges
                0x00000388       0x40 obj_split_keyboard/protocol/lufa/LUFA-git/LUFA/Drivers/USB/Core/AVR8/Endpoint_AVR8.o
 .debug_aranges
                0x000003c8       0x30 obj_split_keyboard/protocol/lufa/LUFA-git/LUFA/Drivers/USB/Core/AVR8/USBController_AVR8.o
 .debug_aranges
                0x000003f8       0x38 obj_split_keyboard/protocol/lufa/LUFA-git/LUFA/Drivers/USB/Core/AVR8/USBInterrupt_AVR8.o
 .debug_aranges
                0x00000430       0x20 obj_split_keyboard/protocol/lufa/LUFA-git/LUFA/Drivers/USB/Core/DeviceStandardReq.o
 .debug_aranges
                0x00000450       0x20 obj_split_keyboard/protocol/lufa/LUFA-git/LUFA/Drivers/USB/Core/USBTask.o
 .debug_aranges
                0x00000470       0x60 obj_split_keyboard/common/host.o
 .debug_aranges
                0x000004d0       0x40 obj_split_keyboard/common/keyboard.o
 .debug_aranges
                0x00000510       0x78 obj_split_keyboard/common/action.o
 .debug_aranges
                0x00000588       0x40 obj_split_keyboard/common/action_tapping.o
 .debug_aranges
                0x000005c8       0x20 obj_split_keyboard/common/action_macro.o
 .debug_aranges
                0x000005e8       0x90 obj_split_keyboard/common/action_layer.o
 .debug_aranges
                0x00000678      0x100 obj_split_keyboard/common/action_util.o
 .debug_aranges
                0x00000778       0x20 obj_split_keyboard/common/print.o
 .debug_aranges
                0x00000798       0x18 obj_split_keyboard/common/debug.o
 .debug_aranges
                0x000007b0       0x60 obj_split_keyboard/common/util.o
 .debug_aranges
                0x00000810       0x48 obj_split_keyboard/common/avr/suspend.o
 .debug_aranges
                0x00000858       0x50 obj_split_keyboard/common/avr/timer.o
 .debug_aranges
                0x000008a8       0x28 obj_split_keyboard/common/avr/bootloader.o
 .debug_aranges
                0x000008d0       0x30 obj_split_keyboard/common/actionmap.o
 .debug_aranges
                0x00000900       0x30 obj_split_keyboard/common/bootmagic.o
 .debug_aranges
                0x00000930       0x68 obj_split_keyboard/common/avr/eeconfig.o
 .debug_aranges
                0x00000998       0x50 obj_split_keyboard/common/mousekey.o
 .debug_aranges
                0x000009e8       0x58 obj_split_keyboard/common/command.o
 .debug_aranges
                0x00000a40       0x40 obj_split_keyboard/common/sleep_led.o

.debug_pubnames
 *(.debug_pubnames)

.debug_info     0x00000000    0x10faf
 *(.debug_info .gnu.linkonce.wi.*)
 .debug_info    0x00000000      0x9f4 c:/program files/avr8-gnu-toolchain/bin/../lib/gcc/avr/4.9.2/../../../../avr/lib/avr5/crtatmega32u4.o
 .debug_info    0x000009f4      0xac6 obj_split_keyboard/actionmap_plain.o
 .debug_info    0x000014ba      0x8a4 obj_split_keyboard/matrix.o
 .debug_info    0x00001d5e      0x485 obj_split_keyboard/i2c.o
 .debug_info    0x000021e3      0x721 obj_split_keyboard/serial.o
 .debug_info    0x00002904      0x27b obj_split_keyboard/split-util.o
 .debug_info    0x00002b7f       0x91 obj_split_keyboard/led.o
 .debug_info    0x00002c10     0x15f3 obj_split_keyboard/protocol/lufa/lufa.o
 .debug_info    0x00004203      0x818 obj_split_keyboard/protocol/lufa/descriptor.o
 .debug_info    0x00004a1b       0xd2 obj_split_keyboard/protocol/lufa/LUFA-git/LUFA/Drivers/USB/Core/AVR8/Device_AVR8.o
 .debug_info    0x00004aed     0x17d6 obj_split_keyboard/protocol/lufa/LUFA-git/LUFA/Drivers/USB/Core/AVR8/EndpointStream_AVR8.o
 .debug_info    0x000062c3      0x614 obj_split_keyboard/protocol/lufa/LUFA-git/LUFA/Drivers/USB/Core/AVR8/Endpoint_AVR8.o
 .debug_info    0x000068d7      0x4cb obj_split_keyboard/protocol/lufa/LUFA-git/LUFA/Drivers/USB/Core/AVR8/USBController_AVR8.o
 .debug_info    0x00006da2      0x7c8 obj_split_keyboard/protocol/lufa/LUFA-git/LUFA/Drivers/USB/Core/AVR8/USBInterrupt_AVR8.o
 .debug_info    0x0000756a      0xa57 obj_split_keyboard/protocol/lufa/LUFA-git/LUFA/Drivers/USB/Core/DeviceStandardReq.o
 .debug_info    0x00007fc1      0x26b obj_split_keyboard/protocol/lufa/LUFA-git/LUFA/Drivers/USB/Core/USBTask.o
 .debug_info    0x0000822c      0x546 obj_split_keyboard/common/host.o
 .debug_info    0x00008772      0x544 obj_split_keyboard/common/keyboard.o
 .debug_info    0x00008cb6     0x1855 obj_split_keyboard/common/action.o
 .debug_info    0x0000a50b      0xe03 obj_split_keyboard/common/action_tapping.o
 .debug_info    0x0000b30e      0x83e obj_split_keyboard/common/action_macro.o
 .debug_info    0x0000bb4c      0x824 obj_split_keyboard/common/action_layer.o
 .debug_info    0x0000c370      0x922 obj_split_keyboard/common/action_util.o
 .debug_info    0x0000cc92       0xda obj_split_keyboard/common/print.o
 .debug_info    0x0000cd6c       0xfc obj_split_keyboard/common/debug.o
 .debug_info    0x0000ce68      0x29b obj_split_keyboard/common/util.o
 .debug_info    0x0000d103      0x282 obj_split_keyboard/common/avr/suspend.o
 .debug_info    0x0000d385      0x204 obj_split_keyboard/common/avr/timer.o
 .debug_info    0x0000d589      0x204 obj_split_keyboard/common/avr/bootloader.o
 .debug_info    0x0000d78d      0x56c obj_split_keyboard/common/actionmap.o
 .debug_info    0x0000dcf9      0xf6c obj_split_keyboard/common/bootmagic.o
 .debug_info    0x0000ec65      0x3cb obj_split_keyboard/common/avr/eeconfig.o
 .debug_info    0x0000f030      0x7c6 obj_split_keyboard/common/mousekey.o
 .debug_info    0x0000f7f6     0x15c5 obj_split_keyboard/common/command.o
 .debug_info    0x00010dbb      0x1f4 obj_split_keyboard/common/sleep_led.o

.debug_abbrev   0x00000000     0x4b2f
 *(.debug_abbrev)
 .debug_abbrev  0x00000000      0x96a c:/program files/avr8-gnu-toolchain/bin/../lib/gcc/avr/4.9.2/../../../../avr/lib/avr5/crtatmega32u4.o
 .debug_abbrev  0x0000096a      0x279 obj_split_keyboard/actionmap_plain.o
 .debug_abbrev  0x00000be3      0x387 obj_split_keyboard/matrix.o
 .debug_abbrev  0x00000f6a      0x1e1 obj_split_keyboard/i2c.o
 .debug_abbrev  0x0000114b      0x250 obj_split_keyboard/serial.o
 .debug_abbrev  0x0000139b      0x175 obj_split_keyboard/split-util.o
 .debug_abbrev  0x00001510       0x60 obj_split_keyboard/led.o
 .debug_abbrev  0x00001570      0x4b8 obj_split_keyboard/protocol/lufa/lufa.o
 .debug_abbrev  0x00001a28      0x177 obj_split_keyboard/protocol/lufa/descriptor.o
 .debug_abbrev  0x00001b9f       0x80 obj_split_keyboard/protocol/lufa/LUFA-git/LUFA/Drivers/USB/Core/AVR8/Device_AVR8.o
 .debug_abbrev  0x00001c1f      0x204 obj_split_keyboard/protocol/lufa/LUFA-git/LUFA/Drivers/USB/Core/AVR8/EndpointStream_AVR8.o
 .debug_abbrev  0x00001e23      0x213 obj_split_keyboard/protocol/lufa/LUFA-git/LUFA/Drivers/USB/Core/AVR8/Endpoint_AVR8.o
 .debug_abbrev  0x00002036      0x196 obj_split_keyboard/protocol/lufa/LUFA-git/LUFA/Drivers/USB/Core/AVR8/USBController_AVR8.o
 .debug_abbrev  0x000021cc      0x23e obj_split_keyboard/protocol/lufa/LUFA-git/LUFA/Drivers/USB/Core/AVR8/USBInterrupt_AVR8.o
 .debug_abbrev  0x0000240a      0x2c9 obj_split_keyboard/protocol/lufa/LUFA-git/LUFA/Drivers/USB/Core/DeviceStandardReq.o
 .debug_abbrev  0x000026d3      0x168 obj_split_keyboard/protocol/lufa/LUFA-git/LUFA/Drivers/USB/Core/USBTask.o
 .debug_abbrev  0x0000283b      0x229 obj_split_keyboard/common/host.o
 .debug_abbrev  0x00002a64      0x226 obj_split_keyboard/common/keyboard.o
 .debug_abbrev  0x00002c8a      0x2dd obj_split_keyboard/common/action.o
 .debug_abbrev  0x00002f67      0x2d7 obj_split_keyboard/common/action_tapping.o
 .debug_abbrev  0x0000323e      0x192 obj_split_keyboard/common/action_macro.o
 .debug_abbrev  0x000033d0      0x213 obj_split_keyboard/common/action_layer.o
 .debug_abbrev  0x000035e3      0x361 obj_split_keyboard/common/action_util.o
 .debug_abbrev  0x00003944       0x97 obj_split_keyboard/common/print.o
 .debug_abbrev  0x000039db       0x87 obj_split_keyboard/common/debug.o
 .debug_abbrev  0x00003a62       0xcb obj_split_keyboard/common/util.o
 .debug_abbrev  0x00003b2d      0x1c8 obj_split_keyboard/common/avr/suspend.o
 .debug_abbrev  0x00003cf5      0x11e obj_split_keyboard/common/avr/timer.o
 .debug_abbrev  0x00003e13      0x15c obj_split_keyboard/common/avr/bootloader.o
 .debug_abbrev  0x00003f6f      0x17c obj_split_keyboard/common/actionmap.o
 .debug_abbrev  0x000040eb      0x2ac obj_split_keyboard/common/bootmagic.o
 .debug_abbrev  0x00004397       0xef obj_split_keyboard/common/avr/eeconfig.o
 .debug_abbrev  0x00004486      0x204 obj_split_keyboard/common/mousekey.o
 .debug_abbrev  0x0000468a      0x366 obj_split_keyboard/common/command.o
 .debug_abbrev  0x000049f0      0x13f obj_split_keyboard/common/sleep_led.o

.debug_line     0x00000000     0x86e6
 *(.debug_line .debug_line.* .debug_line_end)
 .debug_line    0x00000000       0x1a c:/program files/avr8-gnu-toolchain/bin/../lib/gcc/avr/4.9.2/../../../../avr/lib/avr5/crtatmega32u4.o
 .debug_line    0x0000001a      0x3ce obj_split_keyboard/actionmap_plain.o
 .debug_line    0x000003e8      0x48f obj_split_keyboard/matrix.o
 .debug_line    0x00000877      0x35f obj_split_keyboard/i2c.o
 .debug_line    0x00000bd6      0x3c4 obj_split_keyboard/serial.o
 .debug_line    0x00000f9a      0x1cc obj_split_keyboard/split-util.o
 .debug_line    0x00001166       0x6f obj_split_keyboard/led.o
 .debug_line    0x000011d5      0xa9f obj_split_keyboard/protocol/lufa/lufa.o
 .debug_line    0x00001c74      0x252 obj_split_keyboard/protocol/lufa/descriptor.o
 .debug_line    0x00001ec6      0x15f obj_split_keyboard/protocol/lufa/LUFA-git/LUFA/Drivers/USB/Core/AVR8/Device_AVR8.o
 .debug_line    0x00002025     0x1492 obj_split_keyboard/protocol/lufa/LUFA-git/LUFA/Drivers/USB/Core/AVR8/EndpointStream_AVR8.o
 .debug_line    0x000034b7      0x54e obj_split_keyboard/protocol/lufa/LUFA-git/LUFA/Drivers/USB/Core/AVR8/Endpoint_AVR8.o
 .debug_line    0x00003a05      0x386 obj_split_keyboard/protocol/lufa/LUFA-git/LUFA/Drivers/USB/Core/AVR8/USBController_AVR8.o
 .debug_line    0x00003d8b      0x5f6 obj_split_keyboard/protocol/lufa/LUFA-git/LUFA/Drivers/USB/Core/AVR8/USBInterrupt_AVR8.o
 .debug_line    0x00004381      0x4ed obj_split_keyboard/protocol/lufa/LUFA-git/LUFA/Drivers/USB/Core/DeviceStandardReq.o
 .debug_line    0x0000486e      0x1cf obj_split_keyboard/protocol/lufa/LUFA-git/LUFA/Drivers/USB/Core/USBTask.o
 .debug_line    0x00004a3d      0x289 obj_split_keyboard/common/host.o
 .debug_line    0x00004cc6      0x2bf obj_split_keyboard/common/keyboard.o
 .debug_line    0x00004f85      0x8af obj_split_keyboard/common/action.o
 .debug_line    0x00005834      0x4f5 obj_split_keyboard/common/action_tapping.o
 .debug_line    0x00005d29      0x1f9 obj_split_keyboard/common/action_macro.o
 .debug_line    0x00005f22      0x2bd obj_split_keyboard/common/action_layer.o
 .debug_line    0x000061df      0x524 obj_split_keyboard/common/action_util.o
 .debug_line    0x00006703       0xb4 obj_split_keyboard/common/print.o
 .debug_line    0x000067b7       0x82 obj_split_keyboard/common/debug.o
 .debug_line    0x00006839      0x296 obj_split_keyboard/common/util.o
 .debug_line    0x00006acf      0x283 obj_split_keyboard/common/avr/suspend.o
 .debug_line    0x00006d52      0x1d9 obj_split_keyboard/common/avr/timer.o
 .debug_line    0x00006f2b      0x22b obj_split_keyboard/common/avr/bootloader.o
 .debug_line    0x00007156      0x152 obj_split_keyboard/common/actionmap.o
 .debug_line    0x000072a8      0x436 obj_split_keyboard/common/bootmagic.o
 .debug_line    0x000076de      0x1b6 obj_split_keyboard/common/avr/eeconfig.o
 .debug_line    0x00007894      0x631 obj_split_keyboard/common/mousekey.o
 .debug_line    0x00007ec5      0x6ec obj_split_keyboard/common/command.o
 .debug_line    0x000085b1      0x135 obj_split_keyboard/common/sleep_led.o

.debug_frame    0x00000000     0x1dc8
 *(.debug_frame)
 .debug_frame   0x00000000       0x6c obj_split_keyboard/actionmap_plain.o
 .debug_frame   0x0000006c      0x1b4 obj_split_keyboard/matrix.o
 .debug_frame   0x00000220      0x140 obj_split_keyboard/i2c.o
 .debug_frame   0x00000360      0x18c obj_split_keyboard/serial.o
 .debug_frame   0x000004ec       0x54 obj_split_keyboard/split-util.o
 .debug_frame   0x00000540       0x24 obj_split_keyboard/led.o
 .debug_frame   0x00000564      0x138 obj_split_keyboard/protocol/lufa/lufa.o
 .debug_frame   0x0000069c       0x24 obj_split_keyboard/protocol/lufa/descriptor.o
 .debug_frame   0x000006c0       0x24 obj_split_keyboard/protocol/lufa/LUFA-git/LUFA/Drivers/USB/Core/AVR8/Device_AVR8.o
 .debug_frame   0x000006e4      0x42c obj_split_keyboard/protocol/lufa/LUFA-git/LUFA/Drivers/USB/Core/AVR8/EndpointStream_AVR8.o
 .debug_frame   0x00000b10       0x88 obj_split_keyboard/protocol/lufa/LUFA-git/LUFA/Drivers/USB/Core/AVR8/Endpoint_AVR8.o
 .debug_frame   0x00000b98       0x5c obj_split_keyboard/protocol/lufa/LUFA-git/LUFA/Drivers/USB/Core/AVR8/USBController_AVR8.o
 .debug_frame   0x00000bf4      0x108 obj_split_keyboard/protocol/lufa/LUFA-git/LUFA/Drivers/USB/Core/AVR8/USBInterrupt_AVR8.o
 .debug_frame   0x00000cfc       0x3c obj_split_keyboard/protocol/lufa/LUFA-git/LUFA/Drivers/USB/Core/DeviceStandardReq.o
 .debug_frame   0x00000d38       0x2c obj_split_keyboard/protocol/lufa/LUFA-git/LUFA/Drivers/USB/Core/USBTask.o
 .debug_frame   0x00000d64       0xd8 obj_split_keyboard/common/host.o
 .debug_frame   0x00000e3c       0xb4 obj_split_keyboard/common/keyboard.o
 .debug_frame   0x00000ef0      0x180 obj_split_keyboard/common/action.o
 .debug_frame   0x00001070       0xc8 obj_split_keyboard/common/action_tapping.o
 .debug_frame   0x00001138       0x48 obj_split_keyboard/common/action_macro.o
 .debug_frame   0x00001180      0x17c obj_split_keyboard/common/action_layer.o
 .debug_frame   0x000012fc      0x210 obj_split_keyboard/common/action_util.o
 .debug_frame   0x0000150c       0x24 obj_split_keyboard/common/print.o
 .debug_frame   0x00001530      0x11c obj_split_keyboard/common/util.o
 .debug_frame   0x0000164c       0x7c obj_split_keyboard/common/avr/suspend.o
 .debug_frame   0x000016c8       0xf0 obj_split_keyboard/common/avr/timer.o
 .debug_frame   0x000017b8       0x34 obj_split_keyboard/common/avr/bootloader.o
 .debug_frame   0x000017ec       0x44 obj_split_keyboard/common/actionmap.o
 .debug_frame   0x00001830       0x84 obj_split_keyboard/common/bootmagic.o
 .debug_frame   0x000018b4       0xb4 obj_split_keyboard/common/avr/eeconfig.o
 .debug_frame   0x00001968       0xf0 obj_split_keyboard/common/mousekey.o
 .debug_frame   0x00001a58      0x2b8 obj_split_keyboard/common/command.o
 .debug_frame   0x00001d10       0xb8 obj_split_keyboard/common/sleep_led.o

.debug_str      0x00000000     0x46d3
 *(.debug_str)
 .debug_str     0x00000000      0x371 c:/program files/avr8-gnu-toolchain/bin/../lib/gcc/avr/4.9.2/../../../../avr/lib/avr5/crtatmega32u4.o
 .debug_str     0x00000371      0xb07 obj_split_keyboard/actionmap_plain.o
                                0xb72 (size before relaxing)
 .debug_str     0x00000e78      0x1cc obj_split_keyboard/matrix.o
                                0x40b (size before relaxing)
 .debug_str     0x00001044       0xe7 obj_split_keyboard/i2c.o
                                0x2b6 (size before relaxing)
 .debug_str     0x0000112b      0x101 obj_split_keyboard/serial.o
                                0x32d (size before relaxing)
 .debug_str     0x0000122c       0x98 obj_split_keyboard/split-util.o
                                0x2d4 (size before relaxing)
 .debug_str     0x000012c4       0x10 obj_split_keyboard/led.o
                                0x1b3 (size before relaxing)
 .debug_str     0x000012d4      0x830 obj_split_keyboard/protocol/lufa/lufa.o
                                0xaf4 (size before relaxing)
 .debug_str     0x00001b04      0x7d7 obj_split_keyboard/protocol/lufa/descriptor.o
                                0x9f6 (size before relaxing)
 .debug_str     0x000022db       0x7b obj_split_keyboard/protocol/lufa/LUFA-git/LUFA/Drivers/USB/Core/AVR8/Device_AVR8.o
                                0x243 (size before relaxing)
 .debug_str     0x00002356      0x4ec obj_split_keyboard/protocol/lufa/LUFA-git/LUFA/Drivers/USB/Core/AVR8/EndpointStream_AVR8.o
                                0x8a5 (size before relaxing)
 .debug_str     0x00002842      0x22a obj_split_keyboard/protocol/lufa/LUFA-git/LUFA/Drivers/USB/Core/AVR8/Endpoint_AVR8.o
                                0x665 (size before relaxing)
 .debug_str     0x00002a6c      0x1dd obj_split_keyboard/protocol/lufa/LUFA-git/LUFA/Drivers/USB/Core/AVR8/USBController_AVR8.o
                                0x5a4 (size before relaxing)
 .debug_str     0x00002c49      0x129 obj_split_keyboard/protocol/lufa/LUFA-git/LUFA/Drivers/USB/Core/AVR8/USBInterrupt_AVR8.o
                                0x623 (size before relaxing)
 .debug_str     0x00002d72      0x417 obj_split_keyboard/protocol/lufa/LUFA-git/LUFA/Drivers/USB/Core/DeviceStandardReq.o
                                0xa17 (size before relaxing)
 .debug_str     0x00003189       0x6e obj_split_keyboard/protocol/lufa/LUFA-git/LUFA/Drivers/USB/Core/USBTask.o
                                0x3ca (size before relaxing)
 .debug_str     0x000031f7       0xc4 obj_split_keyboard/common/host.o
                                0x3bd (size before relaxing)
 .debug_str     0x000032bb      0x142 obj_split_keyboard/common/keyboard.o
                                0x41d (size before relaxing)
 .debug_str     0x000033fd      0x76d obj_split_keyboard/common/action.o
                               0x1272 (size before relaxing)
 .debug_str     0x00003b6a       0xec obj_split_keyboard/common/action_tapping.o
                                0xb15 (size before relaxing)
 .debug_str     0x00003c56       0x5c obj_split_keyboard/common/action_macro.o
                                0x8b7 (size before relaxing)
 .debug_str     0x00003cb2       0x79 obj_split_keyboard/common/action_layer.o
                                0x429 (size before relaxing)
 .debug_str     0x00003d2b      0x128 obj_split_keyboard/common/action_util.o
                                0x5c5 (size before relaxing)
 .debug_str     0x00003e53       0x36 obj_split_keyboard/common/print.o
                                0x1ed (size before relaxing)
 .debug_str     0x00003e89       0x1e obj_split_keyboard/common/debug.o
                                0x203 (size before relaxing)
 .debug_str     0x00003ea7       0x4f obj_split_keyboard/common/util.o
                                0x219 (size before relaxing)
 .debug_str     0x00003ef6       0x64 obj_split_keyboard/common/avr/suspend.o
                                0x366 (size before relaxing)
 .debug_str     0x00003f5a       0x76 obj_split_keyboard/common/avr/timer.o
                                0x240 (size before relaxing)
 .debug_str     0x00003fd0       0x66 obj_split_keyboard/common/avr/bootloader.o
                                0x2ad (size before relaxing)
 .debug_str     0x00004036       0x22 obj_split_keyboard/common/actionmap.o
                                0x38a (size before relaxing)
 .debug_str     0x00004058       0xe4 obj_split_keyboard/common/bootmagic.o
                                0xbe9 (size before relaxing)
 .debug_str     0x0000413c       0x7b obj_split_keyboard/common/avr/eeconfig.o
                                0x2e7 (size before relaxing)
 .debug_str     0x000041b7       0xfd obj_split_keyboard/common/mousekey.o
                                0x6d5 (size before relaxing)
 .debug_str     0x000042b4      0x3c1 obj_split_keyboard/common/command.o
                                0xe04 (size before relaxing)
 .debug_str     0x00004675       0x5e obj_split_keyboard/common/sleep_led.o
                                0x26a (size before relaxing)

.debug_loc      0x00000000     0x876b
 *(.debug_loc)
 .debug_loc     0x00000000      0x4a3 obj_split_keyboard/actionmap_plain.o
 .debug_loc     0x000004a3      0x6b8 obj_split_keyboard/matrix.o
 .debug_loc     0x00000b5b      0x587 obj_split_keyboard/i2c.o