Archive member included because of file (symbol)

c:/program files (x86)/atmel/avr tools/avr toolchain/bin/../lib/gcc/avr/4.6.2/../../../../avr/lib/avr5\libm.a(fixsfsi.o)
                              obj_split_keyboard/common/mousekey.o (__fixsfsi)
c:/program files (x86)/atmel/avr tools/avr toolchain/bin/../lib/gcc/avr/4.6.2/../../../../avr/lib/avr5\libm.a(fixunssfsi.o)
                              c:/program files (x86)/atmel/avr tools/avr toolchain/bin/../lib/gcc/avr/4.6.2/../../../../avr/lib/avr5\libm.a(fixsfsi.o) (__fixunssfsi)
c:/program files (x86)/atmel/avr tools/avr toolchain/bin/../lib/gcc/avr/4.6.2/../../../../avr/lib/avr5\libm.a(floatsisf.o)
                              obj_split_keyboard/common/mousekey.o (__floatsisf)
c:/program files (x86)/atmel/avr tools/avr toolchain/bin/../lib/gcc/avr/4.6.2/../../../../avr/lib/avr5\libm.a(fp_split3.o)
                              c:/program files (x86)/atmel/avr tools/avr toolchain/bin/../lib/gcc/avr/4.6.2/../../../../avr/lib/avr5\libm.a(fixunssfsi.o) (__fp_splitA)
c:/program files (x86)/atmel/avr tools/avr toolchain/bin/../lib/gcc/avr/4.6.2/../../../../avr/lib/avr5\libm.a(fp_zero.o)
                              c:/program files (x86)/atmel/avr tools/avr toolchain/bin/../lib/gcc/avr/4.6.2/../../../../avr/lib/avr5\libm.a(fixunssfsi.o) (__fp_zero)
c:/program files (x86)/atmel/avr tools/avr toolchain/bin/../lib/gcc/avr/4.6.2/../../../../avr/lib/avr5\libm.a(mulsf3.o)
                              obj_split_keyboard/common/mousekey.o (__mulsf3)
c:/program files (x86)/atmel/avr tools/avr toolchain/bin/../lib/gcc/avr/4.6.2/../../../../avr/lib/avr5\libm.a(mulsf3x.o)
                              c:/program files (x86)/atmel/avr tools/avr toolchain/bin/../lib/gcc/avr/4.6.2/../../../../avr/lib/avr5\libm.a(mulsf3.o) (__mulsf3x)
c:/program files (x86)/atmel/avr tools/avr toolchain/bin/../lib/gcc/avr/4.6.2/../../../../avr/lib/avr5\libm.a(fp_inf.o)
                              c:/program files (x86)/atmel/avr tools/avr toolchain/bin/../lib/gcc/avr/4.6.2/../../../../avr/lib/avr5\libm.a(mulsf3x.o) (__fp_inf)
c:/program files (x86)/atmel/avr tools/avr toolchain/bin/../lib/gcc/avr/4.6.2/../../../../avr/lib/avr5\libm.a(fp_nan.o)
                              c:/program files (x86)/atmel/avr tools/avr toolchain/bin/../lib/gcc/avr/4.6.2/../../../../avr/lib/avr5\libm.a(mulsf3x.o) (__fp_nan)
c:/program files (x86)/atmel/avr tools/avr toolchain/bin/../lib/gcc/avr/4.6.2/../../../../avr/lib/avr5\libm.a(fp_pscA.o)
                              c:/program files (x86)/atmel/avr tools/avr toolchain/bin/../lib/gcc/avr/4.6.2/../../../../avr/lib/avr5\libm.a(mulsf3x.o) (__fp_pscA)
c:/program files (x86)/atmel/avr tools/avr toolchain/bin/../lib/gcc/avr/4.6.2/../../../../avr/lib/avr5\libm.a(fp_pscB.o)
                              c:/program files (x86)/atmel/avr tools/avr toolchain/bin/../lib/gcc/avr/4.6.2/../../../../avr/lib/avr5\libm.a(mulsf3x.o) (__fp_pscB)
c:/program files (x86)/atmel/avr tools/avr toolchain/bin/../lib/gcc/avr/4.6.2/../../../../avr/lib/avr5\libm.a(fp_round.o)
                              c:/program files (x86)/atmel/avr tools/avr toolchain/bin/../lib/gcc/avr/4.6.2/../../../../avr/lib/avr5\libm.a(mulsf3.o) (__fp_round)
c:/program files (x86)/atmel/avr tools/avr toolchain/bin/../lib/gcc/avr/4.6.2/avr5\libgcc.a(_udivmodqi4.o)
                              obj_split_keyboard/protocol/lufa/lufa.o (__udivmodqi4)
c:/program files (x86)/atmel/avr tools/avr toolchain/bin/../lib/gcc/avr/4.6.2/avr5\libgcc.a(_divmodhi4.o)
                              obj_split_keyboard/common/mousekey.o (__divmodhi4)
c:/program files (x86)/atmel/avr tools/avr toolchain/bin/../lib/gcc/avr/4.6.2/avr5\libgcc.a(_exit.o)
                              c:/program files (x86)/atmel/avr tools/avr toolchain/bin/../lib/gcc/avr/4.6.2/../../../../avr/lib/avr5/crtm32u4.o (exit)
c:/program files (x86)/atmel/avr tools/avr toolchain/bin/../lib/gcc/avr/4.6.2/avr5\libgcc.a(_copy_data.o)
                              obj_split_keyboard/actionmap_plain.o (__do_copy_data)
c:/program files (x86)/atmel/avr tools/avr toolchain/bin/../lib/gcc/avr/4.6.2/avr5\libgcc.a(_clear_bss.o)
                              obj_split_keyboard/actionmap_plain.o (__do_clear_bss)
c:/program files (x86)/atmel/avr tools/avr toolchain/bin/../lib/gcc/avr/4.6.2/avr5\libgcc.a(_udivmodhi4.o)
                              c:/program files (x86)/atmel/avr tools/avr toolchain/bin/../lib/gcc/avr/4.6.2/avr5\libgcc.a(_divmodhi4.o) (__udivmodhi4)
c:/program files (x86)/atmel/avr tools/avr toolchain/bin/../lib/gcc/avr/4.6.2/../../../../avr/lib/avr5\libc.a(eerd_byte_atmega32u4.o)
                              obj_split_keyboard/split-util.o (__eerd_byte_m32u4)
c:/program files (x86)/atmel/avr tools/avr toolchain/bin/../lib/gcc/avr/4.6.2/../../../../avr/lib/avr5\libc.a(eerd_word_atmega32u4.o)
                              obj_split_keyboard/common/avr/eeconfig.o (__eerd_word_m32u4)
[...]
Memory Configuration

Name             Origin             Length             Attributes
text             0x00000000         0x00020000         xr
data             0x00800060         0x0000ffa0         rw !x
eeprom           0x00810000         0x00010000         rw !x
fuse             0x00820000         0x00000400         rw !x
lock             0x00830000         0x00000400         rw !x
signature        0x00840000         0x00000400         rw !x
*default*        0x00000000         0xffffffff

Linker script and memory map

Address of section .data set to 0x800100
LOAD c:/program files (x86)/atmel/avr tools/avr toolchain/bin/../lib/gcc/avr/4.6.2/../../../../avr/lib/avr5/crtm32u4.o
LOAD obj_split_keyboard/actionmap_plain.o
LOAD obj_split_keyboard/matrix.o
LOAD obj_split_keyboard/i2c.o
LOAD obj_split_keyboard/serial.o
LOAD obj_split_keyboard/split-util.o
LOAD obj_split_keyboard/led.o
LOAD obj_split_keyboard/protocol/lufa/lufa.o
LOAD obj_split_keyboard/protocol/lufa/descriptor.o
LOAD obj_split_keyboard/protocol/lufa/LUFA-git/LUFA/Drivers/USB/Class/Common/HIDParser.o
LOAD obj_split_keyboard/protocol/lufa/LUFA-git/LUFA/Drivers/USB/Core/AVR8/Device_AVR8.o
LOAD obj_split_keyboard/protocol/lufa/LUFA-git/LUFA/Drivers/USB/Core/AVR8/EndpointStream_AVR8.o
LOAD obj_split_keyboard/protocol/lufa/LUFA-git/LUFA/Drivers/USB/Core/AVR8/Endpoint_AVR8.o
LOAD obj_split_keyboard/protocol/lufa/LUFA-git/LUFA/Drivers/USB/Core/AVR8/Host_AVR8.o
LOAD obj_split_keyboard/protocol/lufa/LUFA-git/LUFA/Drivers/USB/Core/AVR8/PipeStream_AVR8.o
LOAD obj_split_keyboard/protocol/lufa/LUFA-git/LUFA/Drivers/USB/Core/AVR8/Pipe_AVR8.o
LOAD obj_split_keyboard/protocol/lufa/LUFA-git/LUFA/Drivers/USB/Core/AVR8/USBController_AVR8.o
LOAD obj_split_keyboard/protocol/lufa/LUFA-git/LUFA/Drivers/USB/Core/AVR8/USBInterrupt_AVR8.o
LOAD obj_split_keyboard/protocol/lufa/LUFA-git/LUFA/Drivers/USB/Core/ConfigDescriptors.o
LOAD obj_split_keyboard/protocol/lufa/LUFA-git/LUFA/Drivers/USB/Core/DeviceStandardReq.o
LOAD obj_split_keyboard/protocol/lufa/LUFA-git/LUFA/Drivers/USB/Core/Events.o
LOAD obj_split_keyboard/protocol/lufa/LUFA-git/LUFA/Drivers/USB/Core/HostStandardReq.o
LOAD obj_split_keyboard/protocol/lufa/LUFA-git/LUFA/Drivers/USB/Core/USBTask.o
LOAD obj_split_keyboard/common/host.o
LOAD obj_split_keyboard/common/keyboard.o
LOAD obj_split_keyboard/common/action.o
LOAD obj_split_keyboard/common/action_tapping.o
LOAD obj_split_keyboard/common/action_macro.o
LOAD obj_split_keyboard/common/action_layer.o
LOAD obj_split_keyboard/common/action_util.o
LOAD obj_split_keyboard/common/print.o
LOAD obj_split_keyboard/common/debug.o
LOAD obj_split_keyboard/common/util.o
LOAD obj_split_keyboard/common/avr/suspend.o
LOAD obj_split_keyboard/common/avr/xprintf.o
LOAD obj_split_keyboard/common/avr/timer.o
LOAD obj_split_keyboard/common/avr/bootloader.o
LOAD obj_split_keyboard/common/actionmap.o
LOAD obj_split_keyboard/common/bootmagic.o
LOAD obj_split_keyboard/common/avr/eeconfig.o
LOAD obj_split_keyboard/common/mousekey.o
LOAD obj_split_keyboard/common/command.o
LOAD obj_split_keyboard/common/sleep_led.o
LOAD c:/program files (x86)/atmel/avr tools/avr toolchain/bin/../lib/gcc/avr/4.6.2/../../../../avr/lib/avr5\libm.a
LOAD c:/program files (x86)/atmel/avr tools/avr toolchain/bin/../lib/gcc/avr/4.6.2/avr5\libgcc.a
LOAD c:/program files (x86)/atmel/avr tools/avr toolchain/bin/../lib/gcc/avr/4.6.2/../../../../avr/lib/avr5\libc.a
LOAD c:/program files (x86)/atmel/avr tools/avr toolchain/bin/../lib/gcc/avr/4.6.2/avr5\libgcc.a

.hash
 *(.hash)

.dynsym
 *(.dynsym)

.dynstr
 *(.dynstr)

.gnu.version
 *(.gnu.version)

.gnu.version_d
 *(.gnu.version_d)

.gnu.version_r
 *(.gnu.version_r)

.rel.init
 *(.rel.init)

.rela.init
 *(.rela.init)

.rel.text
 *(.rel.text)
 *(.rel.text.*)
 *(.rel.gnu.linkonce.t*)

.rela.text
 *(.rela.text)
 *(.rela.text.*)
 *(.rela.gnu.linkonce.t*)

.rel.fini
 *(.rel.fini)

.rela.fini
 *(.rela.fini)

.rel.rodata
 *(.rel.rodata)
 *(.rel.rodata.*)
 *(.rel.gnu.linkonce.r*)

.rela.rodata
 *(.rela.rodata)
 *(.rela.rodata.*)
 *(.rela.gnu.linkonce.r*)

.rel.data
 *(.rel.data)
 *(.rel.data.*)
 *(.rel.gnu.linkonce.d*)

.rela.data
 *(.rela.data)
 *(.rela.data.*)
 *(.rela.gnu.linkonce.d*)

.rel.ctors
 *(.rel.ctors)

.rela.ctors
 *(.rela.ctors)

.rel.dtors
 *(.rel.dtors)

.rela.dtors
 *(.rela.dtors)

.rel.got
 *(.rel.got)

.rela.got
 *(.rela.got)

.rel.bss
 *(.rel.bss)

.rela.bss
 *(.rela.bss)

.rel.plt
 *(.rel.plt)

.rela.plt
 *(.rela.plt)

.text           0x00000000     0x5bcc
 *(.vectors)
 .vectors       0x00000000       0xac c:/program files (x86)/atmel/avr tools/avr toolchain/bin/../lib/gcc/avr/4.6.2/../../../../avr/lib/avr5/crtm32u4.o
                0x00000000                __vector_default
                0x00000000                __vectors
 *(.vectors)
 *(.progmem.gcc*)
 *(.progmem*)
 .progmem.data  0x000000ac       0x78 obj_split_keyboard/actionmap_plain.o
                0x000000ac                actionmaps
 .progmem.data  0x00000124       0x27 obj_split_keyboard/matrix.o
 .progmem.data  0x0000014b       0x3a obj_split_keyboard/protocol/lufa/lufa.o
 .progmem.data  0x00000185      0x1ec obj_split_keyboard/protocol/lufa/descriptor.o
                0x00000185                ProductString
                0x000001a5                ManufacturerString
                0x000001b3                LanguageString
                0x000001b7                ConfigurationDescriptor
                0x00000244                DeviceDescriptor
                0x00000256                NKROReport
                0x0000028f                ConsoleReport
                0x000002af                ExtrakeyReport
                0x000002e5                MouseReport
                0x00000332                KeyboardReport
 .progmem.data  0x00000371       0x1a obj_split_keyboard/common/host.o
 .progmem.data  0x0000038b       0x1a obj_split_keyboard/common/keyboard.o
 .progmem.data  0x000003a5       0x3c obj_split_keyboard/common/action_util.o
 .progmem.data  0x000003e1       0x1c obj_split_keyboard/common/bootmagic.o
 .progmem.data  0x000003fd       0x4a obj_split_keyboard/common/mousekey.o
 .progmem.data  0x00000447      0x762 obj_split_keyboard/common/command.o
 .progmem.data  0x00000ba9       0x40 obj_split_keyboard/common/sleep_led.o
                0x00000bea                . = ALIGN (0x2)
 *fill*         0x00000be9        0x1 00
                0x00000bea                __trampolines_start = .
 *(.trampolines)
 .trampolines   0x00000bea        0x0 linker stubs
 *(.trampolines*)
                0x00000bea                __trampolines_end = .
 *(.jumptables)
 *(.jumptables*)
 *(.lowtext)
 *(.lowtext*)
                0x00000bea                __ctors_start = .
 *(.ctors)
                0x00000bea                __ctors_end = .
                0x00000bea                __dtors_start = .
 *(.dtors)
                0x00000bea                __dtors_end = .
 SORT(*)(.ctors)
 SORT(*)(.dtors)
 *(.init0)
 .init0         0x00000bea        0x0 c:/program files (x86)/atmel/avr tools/avr toolchain/bin/../lib/gcc/avr/4.6.2/../../../../avr/lib/avr5/crtm32u4.o
                0x00000bea                __init
 *(.init0)
 *(.init1)
 *(.init1)
 *(.init2)
 .init2         0x00000bea        0xc c:/program files (x86)/atmel/avr tools/avr toolchain/bin/../lib/gcc/avr/4.6.2/../../../../avr/lib/avr5/crtm32u4.o
 *(.init2)
 *(.init3)
 .init3         0x00000bf6       0x54 obj_split_keyboard/common/avr/bootloader.o
                0x00000bf6                bootloader_jump_after_watchdog_reset
 *(.init3)
 *(.init4)
 .init4         0x00000c4a       0x16 c:/program files (x86)/atmel/avr tools/avr toolchain/bin/../lib/gcc/avr/4.6.2/avr5\libgcc.a(_copy_data.o)
                0x00000c4a                __do_copy_data
 .init4         0x00000c60       0x10 c:/program files (x86)/atmel/avr tools/avr toolchain/bin/../lib/gcc/avr/4.6.2/avr5\libgcc.a(_clear_bss.o)
                0x00000c60                __do_clear_bss
 *(.init4)
 *(.init5)
 *(.init5)
 *(.init6)
 *(.init6)
 *(.init7)
 *(.init7)
 *(.init8)
 *(.init8)
 *(.init9)
 .init9         0x00000c70        0x8 c:/program files (x86)/atmel/avr tools/avr toolchain/bin/../lib/gcc/avr/4.6.2/../../../../avr/lib/avr5/crtm32u4.o
 *(.init9)
 *(.text)
 .text          0x00000c78        0x4 c:/program files (x86)/atmel/avr tools/avr toolchain/bin/../lib/gcc/avr/4.6.2/../../../../avr/lib/avr5/crtm32u4.o
                0x00000c78                __vector_38
                0x00000c78                __vector_22
                0x00000c78                __vector_28
                0x00000c78                __vector_32
                0x00000c78                __vector_34
                0x00000c78                __vector_24
                0x00000c78                __vector_12
                0x00000c78                __bad_interrupt
                0x00000c78                __vector_6
                0x00000c78                __vector_31
                0x00000c78                __vector_35
                0x00000c78                __vector_39
                0x00000c78                __vector_3
                0x00000c78                __vector_23
                0x00000c78                __vector_30
                0x00000c78                __vector_25
                0x00000c78                __vector_13
                0x00000c78                __vector_19
                0x00000c78                __vector_7
                0x00000c78                __vector_41
                0x00000c78                __vector_27
                0x00000c78                __vector_5
                0x00000c78                __vector_33
                0x00000c78                __vector_37
                0x00000c78                __vector_4
                0x00000c78                __vector_9
                0x00000c78                __vector_2
                0x00000c78                __vector_15
                0x00000c78                __vector_29
                0x00000c78                __vector_40
                0x00000c78                __vector_8
                0x00000c78                __vector_26
                0x00000c78                __vector_14
                0x00000c78                __vector_16
                0x00000c78                __vector_18
                0x00000c78                __vector_20
                0x00000c78                __vector_42
 .text          0x00000c7c      0x15c obj_split_keyboard/common/avr/xprintf.o
                0x00000c7c                xputc
                0x00000c94                xputs
                0x00000ca2                xitoa
                0x00000dc6                __xprintf
                0x00000dd8                . = ALIGN (0x2)
 *(.text.*)
 .text.promicro_bootloader_jmp
                0x00000dd8       0x2e obj_split_keyboard/actionmap_plain.o
                0x00000dd8                promicro_bootloader_jmp
 .text.action_function
                0x00000e06       0x72 obj_split_keyboard/actionmap_plain.o
                0x00000e06                action_function
 .text.unselect_rows
                0x00000e78       0x48 obj_split_keyboard/matrix.o
 .text.matrix_init
                0x00000ec0       0x6a obj_split_keyboard/matrix.o
                0x00000ec0                matrix_init
 .text._matrix_scan
                0x00000f2a      0x154 obj_split_keyboard/matrix.o
                0x00000f2a                _matrix_scan
 .text.serial_transaction
                0x0000107e       0x4e obj_split_keyboard/matrix.o
                0x0000107e                serial_transaction
 .text.matrix_scan
                0x000010cc       0x4a obj_split_keyboard/matrix.o
                0x000010cc                matrix_scan
 .text.matrix_slave_scan
                0x00001116       0x38 obj_split_keyboard/matrix.o
                0x00001116                matrix_slave_scan
 .text.matrix_get_row
                0x0000114e        0xc obj_split_keyboard/matrix.o
                0x0000114e                matrix_get_row
 .text.matrix_print
                0x0000115a       0x9e obj_split_keyboard/matrix.o
                0x0000115a                matrix_print
 .text.__vector_36
                0x000011f8       0xd2 obj_split_keyboard/i2c.o
                0x000011f8                __vector_36
 .text.serial_output
                0x000012ca        0x4 obj_split_keyboard/serial.o
 .text.serial_input
                0x000012ce        0x6 obj_split_keyboard/serial.o
 .text.serial_high
                0x000012d4        0x4 obj_split_keyboard/serial.o
 .text.sync_recv
                0x000012d8       0x12 obj_split_keyboard/serial.o
 .text.sync_send
                0x000012ea       0x12 obj_split_keyboard/serial.o
 .text.serial_read_byte
                0x000012fc       0x24 obj_split_keyboard/serial.o
 .text.serial_write_byte
                0x00001320       0x3e obj_split_keyboard/serial.o
 .text.serial_master_init
                0x0000135e        0xa obj_split_keyboard/serial.o
                0x0000135e                serial_master_init
 .text.serial_slave_init
                0x00001368       0x12 obj_split_keyboard/serial.o
                0x00001368                serial_slave_init
 .text.__vector_1
                0x0000137a       0xe6 obj_split_keyboard/serial.o
                0x0000137a                __vector_1
 .text.serial_update_buffers
                0x00001460       0xb8 obj_split_keyboard/serial.o
                0x00001460                serial_update_buffers
 .text.has_usb  0x00001518       0x1a obj_split_keyboard/split-util.o
                0x00001518                has_usb
 .text.split_keyboard_setup
                0x00001532       0x2a obj_split_keyboard/split-util.o
                0x00001532                split_keyboard_setup
 .text.keyboard_slave_loop
                0x0000155c        0xa obj_split_keyboard/split-util.o
                0x0000155c                keyboard_slave_loop
 .text.matrix_setup
                0x00001566       0x12 obj_split_keyboard/split-util.o
                0x00001566                matrix_setup
 .text.led_set  0x00001578        0x2 obj_split_keyboard/led.o
                0x00001578                led_set
 .text.keyboard_leds
                0x0000157a        0x6 obj_split_keyboard/protocol/lufa/lufa.o
 .text.sendchar
                0x00001580       0xcc obj_split_keyboard/protocol/lufa/lufa.o
                0x00001580                sendchar
 .text.send_consumer
                0x0000164c       0x68 obj_split_keyboard/protocol/lufa/lufa.o
 .text.send_system
                0x000016b4       0x6a obj_split_keyboard/protocol/lufa/lufa.o
 .text.send_mouse
                0x0000171e       0x48 obj_split_keyboard/protocol/lufa/lufa.o
 .text.send_keyboard
                0x00001766       0xae obj_split_keyboard/protocol/lufa/lufa.o
 .text.EVENT_USB_Device_Connect
                0x00001814       0x24 obj_split_keyboard/protocol/lufa/lufa.o
                0x00001814                EVENT_USB_Device_Connect
 .text.EVENT_USB_Device_Disconnect
                0x00001838        0xe obj_split_keyboard/protocol/lufa/lufa.o
                0x00001838                EVENT_USB_Device_Disconnect
 .text.EVENT_USB_Device_Reset
                0x00001846        0xa obj_split_keyboard/protocol/lufa/lufa.o
                0x00001846                EVENT_USB_Device_Reset
 .text.EVENT_USB_Device_Suspend
                0x00001850        0xe obj_split_keyboard/protocol/lufa/lufa.o
                0x00001850                EVENT_USB_Device_Suspend
 .text.EVENT_USB_Device_WakeUp
                0x0000185e       0x1a obj_split_keyboard/protocol/lufa/lufa.o
                0x0000185e                EVENT_USB_Device_WakeUp
 .text.EVENT_USB_Device_StartOfFrame
                0x00001878       0x80 obj_split_keyboard/protocol/lufa/lufa.o
                0x00001878                EVENT_USB_Device_StartOfFrame
 .text.EVENT_USB_Device_ConfigurationChanged
                0x000018f8       0x34 obj_split_keyboard/protocol/lufa/lufa.o
                0x000018f8                EVENT_USB_Device_ConfigurationChanged
 .text.EVENT_USB_Device_ControlRequest
                0x0000192c      0x17e obj_split_keyboard/protocol/lufa/lufa.o
                0x0000192c                EVENT_USB_Device_ControlRequest
 .text.startup.main
                0x00001aaa       0xa0 obj_split_keyboard/protocol/lufa/lufa.o
                0x00001aaa                main
 .text.CALLBACK_USB_GetDescriptor
                0x00001b4a       0xa6 obj_split_keyboard/protocol/lufa/descriptor.o
                0x00001b4a                CALLBACK_USB_GetDescriptor
 .text.USB_Device_SendRemoteWakeup
                0x00001bf0       0x2c obj_split_keyboard/protocol/lufa/LUFA-git/LUFA/Drivers/USB/Core/AVR8/Device_AVR8.o
                0x00001bf0                USB_Device_SendRemoteWakeup
 .text.Endpoint_Write_Stream_LE
                0x00001c1c       0xa2 obj_split_keyboard/protocol/lufa/LUFA-git/LUFA/Drivers/USB/Core/AVR8/EndpointStream_AVR8.o
                0x00001c1c                Endpoint_Write_Stream_LE
 .text.Endpoint_Write_Control_Stream_LE
                0x00001cbe       0xcc obj_split_keyboard/protocol/lufa/LUFA-git/LUFA/Drivers/USB/Core/AVR8/EndpointStream_AVR8.o
                0x00001cbe                Endpoint_Write_Control_Stream_LE
 .text.Endpoint_Write_Control_PStream_LE
                0x00001d8a       0xce obj_split_keyboard/protocol/lufa/LUFA-git/LUFA/Drivers/USB/Core/AVR8/EndpointStream_AVR8.o
                0x00001d8a                Endpoint_Write_Control_PStream_LE
 .text.Endpoint_ConfigureEndpoint_Prv
                0x00001e58       0x6a obj_split_keyboard/protocol/lufa/LUFA-git/LUFA/Drivers/USB/Core/AVR8/Endpoint_AVR8.o
                0x00001e58                Endpoint_ConfigureEndpoint_Prv
 .text.Endpoint_ClearStatusStage
                0x00001ec2       0x42 obj_split_keyboard/protocol/lufa/LUFA-git/LUFA/Drivers/USB/Core/AVR8/Endpoint_AVR8.o
                0x00001ec2                Endpoint_ClearStatusStage
 .text.Endpoint_WaitUntilReady
                0x00001f04       0x66 obj_split_keyboard/protocol/lufa/LUFA-git/LUFA/Drivers/USB/Core/AVR8/Endpoint_AVR8.o
                0x00001f04                Endpoint_WaitUntilReady
 .text.USB_Disable
                0x00001f6a       0x34 obj_split_keyboard/protocol/lufa/LUFA-git/LUFA/Drivers/USB/Core/AVR8/USBController_AVR8.o
                0x00001f6a                USB_Disable
 .text.USB_ResetInterface
                0x00001f9e       0x86 obj_split_keyboard/protocol/lufa/LUFA-git/LUFA/Drivers/USB/Core/AVR8/USBController_AVR8.o
                0x00001f9e                USB_ResetInterface
 .text.USB_Init
                0x00002024       0x24 obj_split_keyboard/protocol/lufa/LUFA-git/LUFA/Drivers/USB/Core/AVR8/USBController_AVR8.o
                0x00002024                USB_Init
 .text.USB_INT_DisableAllInterrupts
                0x00002048       0x10 obj_split_keyboard/protocol/lufa/LUFA-git/LUFA/Drivers/USB/Core/AVR8/USBInterrupt_AVR8.o
                0x00002048                USB_INT_DisableAllInterrupts
 .text.USB_INT_ClearAllInterrupts
                0x00002058        0xa obj_split_keyboard/protocol/lufa/LUFA-git/LUFA/Drivers/USB/Core/AVR8/USBInterrupt_AVR8.o
                0x00002058                USB_INT_ClearAllInterrupts
 .text.__vector_10
                0x00002062      0x1a4 obj_split_keyboard/protocol/lufa/LUFA-git/LUFA/Drivers/USB/Core/AVR8/USBInterrupt_AVR8.o
                0x00002062                __vector_10
 .text.__vector_11
                0x00002206       0x78 obj_split_keyboard/protocol/lufa/LUFA-git/LUFA/Drivers/USB/Core/AVR8/USBInterrupt_AVR8.o
                0x00002206                __vector_11
 .text.USB_Device_ProcessControlRequest
                0x0000227e      0x2dc obj_split_keyboard/protocol/lufa/LUFA-git/LUFA/Drivers/USB/Core/DeviceStandardReq.o
                0x0000227e                USB_Device_ProcessControlRequest
 .text.host_set_driver
                0x0000255a        0xa obj_split_keyboard/common/host.o
                0x0000255a                host_set_driver
 .text.host_keyboard_leds
                0x00002564       0x1a obj_split_keyboard/common/host.o
                0x00002564                host_keyboard_leds
 .text.host_keyboard_send
                0x0000257e       0x96 obj_split_keyboard/common/host.o
                0x0000257e                host_keyboard_send
 .text.host_mouse_send
                0x00002614       0x16 obj_split_keyboard/common/host.o
                0x00002614                host_mouse_send
 .text.host_system_send
                0x0000262a       0x2c obj_split_keyboard/common/host.o
                0x0000262a                host_system_send
 .text.host_consumer_send
                0x00002656       0x2c obj_split_keyboard/common/host.o
                0x00002656                host_consumer_send
 .text.keyboard_setup
                0x00002682        0x6 obj_split_keyboard/common/keyboard.o
                0x00002682                keyboard_setup
 .text.keyboard_init
                0x00002688        0xe obj_split_keyboard/common/keyboard.o
                0x00002688                keyboard_init
 .text.keyboard_set_leds
                0x00002696       0x64 obj_split_keyboard/common/keyboard.o
                0x00002696                keyboard_set_leds
 .text.keyboard_task
                0x000026fa      0x128 obj_split_keyboard/common/keyboard.o
                0x000026fa                keyboard_task
 .text.action_exec
                0x00002822       0x64 obj_split_keyboard/common/action.o
                0x00002822                action_exec
 .text.register_code
                0x00002886      0x1a6 obj_split_keyboard/common/action.o
                0x00002886                register_code
 .text.unregister_code
                0x00002a2c       0xa4 obj_split_keyboard/common/action.o
                0x00002a2c                unregister_code
 .text.register_mods
                0x00002ad0        0xe obj_split_keyboard/common/action.o
                0x00002ad0                register_mods
 .text.unregister_mods
                0x00002ade        0xe obj_split_keyboard/common/action.o
                0x00002ade                unregister_mods
 .text.process_action
                0x00002aec      0x50c obj_split_keyboard/common/action.o
                0x00002aec                process_action
 .text.clear_keyboard_but_mods
                0x00002ff8       0x26 obj_split_keyboard/common/action.o
                0x00002ff8                clear_keyboard_but_mods
 .text.clear_keyboard
                0x0000301e        0xa obj_split_keyboard/common/action.o
                0x0000301e                clear_keyboard
 .text.is_tap_key
                0x00003028       0x58 obj_split_keyboard/common/action.o
                0x00003028                is_tap_key
 .text.debug_event
                0x00003080       0x1e obj_split_keyboard/common/action.o
                0x00003080                debug_event
 .text.debug_record
                0x0000309e       0x20 obj_split_keyboard/common/action.o
                0x0000309e                debug_record
 .text.debug_waiting_buffer
                0x000030be       0x40 obj_split_keyboard/common/action_tapping.o
 .text.debug_tapping_key
                0x000030fe       0x1e obj_split_keyboard/common/action_tapping.o
 .text.IS_NOEVENT.isra.0
                0x0000311c       0x26 obj_split_keyboard/common/action_tapping.o
 .text.waiting_buffer_scan_tap
                0x00003142       0xe6 obj_split_keyboard/common/action_tapping.o
 .text.process_tapping
                0x00003228      0x3f8 obj_split_keyboard/common/action_tapping.o
 .text.action_tapping_process
                0x00003620      0x17a obj_split_keyboard/common/action_tapping.o
                0x00003620                action_tapping_process
 .text.action_macro_play
                0x0000379a      0x104 obj_split_keyboard/common/action_macro.o
                0x0000379a                action_macro_play
 .text.default_layer_state_set
                0x0000389e       0x1a obj_split_keyboard/common/action_layer.o
 .text.layer_state_set
                0x000038b8       0x1a obj_split_keyboard/common/action_layer.o
 .text.default_layer_debug
                0x000038d2        0x2 obj_split_keyboard/common/action_layer.o
                0x000038d2                default_layer_debug
 .text.default_layer_set
                0x000038d4        0x6 obj_split_keyboard/common/action_layer.o
                0x000038d4                default_layer_set
 .text.default_layer_or
                0x000038da       0x26 obj_split_keyboard/common/action_layer.o
                0x000038da                default_layer_or
 .text.default_layer_and
                0x00003900       0x26 obj_split_keyboard/common/action_layer.o
                0x00003900                default_layer_and
 .text.default_layer_xor
                0x00003926       0x26 obj_split_keyboard/common/action_layer.o
                0x00003926                default_layer_xor
 .text.layer_clear
                0x0000394c        0xc obj_split_keyboard/common/action_layer.o
                0x0000394c                layer_clear
 .text.layer_move
                0x00003958       0x20 obj_split_keyboard/common/action_layer.o
                0x00003958                layer_move
 .text.layer_on
                0x00003978       0x38 obj_split_keyboard/common/action_layer.o
                0x00003978                layer_on
 .text.layer_off
                0x000039b0       0x40 obj_split_keyboard/common/action_layer.o
                0x000039b0                layer_off
 .text.layer_invert
                0x000039f0       0x38 obj_split_keyboard/common/action_layer.o
                0x000039f0                layer_invert
 .text.layer_or
                0x00003a28       0x26 obj_split_keyboard/common/action_layer.o
                0x00003a28                layer_or
 .text.layer_and
                0x00003a4e       0x26 obj_split_keyboard/common/action_layer.o
                0x00003a4e                layer_and
 .text.layer_xor
                0x00003a74       0x26 obj_split_keyboard/common/action_layer.o
                0x00003a74                layer_xor
 .text.layer_debug
                0x00003a9a        0x2 obj_split_keyboard/common/action_layer.o
                0x00003a9a                layer_debug
 .text.layer_switch_get_action
                0x00003a9c       0x8c obj_split_keyboard/common/action_layer.o
                0x00003a9c                layer_switch_get_action
 .text.get_oneshot_locked_mods
                0x00003b28        0x6 obj_split_keyboard/common/action_util.o
                0x00003b28                get_oneshot_locked_mods
 .text.set_oneshot_locked_mods
                0x00003b2e        0x6 obj_split_keyboard/common/action_util.o
                0x00003b2e                set_oneshot_locked_mods
 .text.clear_oneshot_locked_mods
                0x00003b34        0x6 obj_split_keyboard/common/action_util.o
                0x00003b34                clear_oneshot_locked_mods
 .text.get_oneshot_layer
                0x00003b3a        0xc obj_split_keyboard/common/action_util.o
                0x00003b3a                get_oneshot_layer
 .text.get_oneshot_layer_state
                0x00003b46        0x8 obj_split_keyboard/common/action_util.o
                0x00003b46                get_oneshot_layer_state
 .text.set_oneshot_layer
                0x00003b4e       0x14 obj_split_keyboard/common/action_util.o
                0x00003b4e                set_oneshot_layer
 .text.reset_oneshot_layer
                0x00003b62        0x6 obj_split_keyboard/common/action_util.o
                0x00003b62                reset_oneshot_layer
 .text.clear_oneshot_layer_state
                0x00003b68       0x2e obj_split_keyboard/common/action_util.o
                0x00003b68                clear_oneshot_layer_state
 .text.is_oneshot_layer_active
                0x00003b96        0xe obj_split_keyboard/common/action_util.o
                0x00003b96                is_oneshot_layer_active
 .text.add_key  0x00003ba4       0xbc obj_split_keyboard/common/action_util.o
                0x00003ba4                add_key
 .text.del_key  0x00003c60       0x96 obj_split_keyboard/common/action_util.o
                0x00003c60                del_key
 .text.clear_keys
                0x00003cf6       0x1c obj_split_keyboard/common/action_util.o
                0x00003cf6                clear_keys
 .text.get_mods
                0x00003d12        0x6 obj_split_keyboard/common/action_util.o
                0x00003d12                get_mods
 .text.add_mods
                0x00003d18        0xc obj_split_keyboard/common/action_util.o
                0x00003d18                add_mods
 .text.del_mods
                0x00003d24        0xe obj_split_keyboard/common/action_util.o
                0x00003d24                del_mods
 .text.clear_mods
                0x00003d32        0x6 obj_split_keyboard/common/action_util.o
                0x00003d32                clear_mods
 .text.add_weak_mods
                0x00003d38        0xc obj_split_keyboard/common/action_util.o
                0x00003d38                add_weak_mods
 .text.del_weak_mods
                0x00003d44        0xe obj_split_keyboard/common/action_util.o
                0x00003d44                del_weak_mods
 .text.clear_weak_mods
                0x00003d52        0x6 obj_split_keyboard/common/action_util.o
                0x00003d52                clear_weak_mods
 .text.set_oneshot_mods
                0x00003d58        0x6 obj_split_keyboard/common/action_util.o
                0x00003d58                set_oneshot_mods
 .text.clear_oneshot_mods
                0x00003d5e        0x6 obj_split_keyboard/common/action_util.o
                0x00003d5e                clear_oneshot_mods
 .text.has_anykey
                0x00003d64       0x26 obj_split_keyboard/common/action_util.o
                0x00003d64                has_anykey
 .text.send_keyboard_report
                0x00003d8a       0x50 obj_split_keyboard/common/action_util.o
                0x00003d8a                send_keyboard_report
 .text.print_set_sendchar
                0x00003dda        0xa obj_split_keyboard/common/print.o
                0x00003dda                print_set_sendchar
 .text.bitrev   0x00003de4       0x38 obj_split_keyboard/common/util.o
                0x00003de4                bitrev
 .text.bitrev16
                0x00003e1c       0x30 obj_split_keyboard/common/util.o
                0x00003e1c                bitrev16
 .text.suspend_power_down
                0x00003e4c       0x4c obj_split_keyboard/common/avr/suspend.o
                0x00003e4c                suspend_power_down
 .text.matrix_power_up
                0x00003e98        0x2 obj_split_keyboard/common/avr/suspend.o
                0x00003e98                matrix_power_up
 .text.matrix_power_down
                0x00003e9a        0x2 obj_split_keyboard/common/avr/suspend.o
                0x00003e9a                matrix_power_down
 .text.suspend_wakeup_condition
                0x00003e9c       0x28 obj_split_keyboard/common/avr/suspend.o
                0x00003e9c                suspend_wakeup_condition
 .text.suspend_wakeup_init
                0x00003ec4        0x6 obj_split_keyboard/common/avr/suspend.o
                0x00003ec4                suspend_wakeup_init
 .text.timer_init
                0x00003eca       0x12 obj_split_keyboard/common/avr/timer.o
                0x00003eca                timer_init
 .text.timer_read
                0x00003edc       0x1a obj_split_keyboard/common/avr/timer.o
                0x00003edc                timer_read
 .text.timer_elapsed
                0x00003ef6       0x4c obj_split_keyboard/common/avr/timer.o
                0x00003ef6                timer_elapsed
 .text.__vector_21
                0x00003f42       0x4a obj_split_keyboard/common/avr/timer.o
                0x00003f42                __vector_21
 .text.bootloader_jump
                0x00003f8c       0x46 obj_split_keyboard/common/avr/bootloader.o
                0x00003f8c                bootloader_jump
 .text.action_for_key
                0x00003fd2       0x38 obj_split_keyboard/common/actionmap.o
                0x00003fd2                action_for_key
 .text.action_get_macro
                0x0000400a        0x6 obj_split_keyboard/common/actionmap.o
                0x0000400a                action_get_macro
 .text.scan_key
                0x00004010       0x8a obj_split_keyboard/common/bootmagic.o
 .text.bootmagic_scan_key
                0x0000409a       0x22 obj_split_keyboard/common/bootmagic.o
                0x0000409a                bootmagic_scan_key
 .text.bootmagic
                0x000040bc      0x280 obj_split_keyboard/common/bootmagic.o
                0x000040bc                bootmagic
 .text.eeconfig_init
                0x0000433c       0x36 obj_split_keyboard/common/avr/eeconfig.o
                0x0000433c                eeconfig_init
 .text.eeconfig_is_enabled
                0x00004372       0x18 obj_split_keyboard/common/avr/eeconfig.o
                0x00004372                eeconfig_is_enabled
 .text.eeconfig_read_debug
                0x0000438a        0xa obj_split_keyboard/common/avr/eeconfig.o
                0x0000438a                eeconfig_read_debug
 .text.eeconfig_write_debug
                0x00004394        0xc obj_split_keyboard/common/avr/eeconfig.o
                0x00004394                eeconfig_write_debug
 .text.eeconfig_read_default_layer
                0x000043a0        0xa obj_split_keyboard/common/avr/eeconfig.o
                0x000043a0                eeconfig_read_default_layer
 .text.eeconfig_write_default_layer
                0x000043aa        0xc obj_split_keyboard/common/avr/eeconfig.o
                0x000043aa                eeconfig_write_default_layer
 .text.eeconfig_read_keymap
                0x000043b6        0xa obj_split_keyboard/common/avr/eeconfig.o
                0x000043b6                eeconfig_read_keymap
 .text.eeconfig_write_keymap
                0x000043c0        0xc obj_split_keyboard/common/avr/eeconfig.o
                0x000043c0                eeconfig_write_keymap
 .text.move_unit
                0x000043cc       0xb8 obj_split_keyboard/common/mousekey.o
 .text.wheel_unit
                0x00004484       0x76 obj_split_keyboard/common/mousekey.o
 .text.mousekey_on
                0x000044fa       0xd4 obj_split_keyboard/common/mousekey.o
                0x000044fa                mousekey_on
 .text.mousekey_off
                0x000045ce      0x10c obj_split_keyboard/common/mousekey.o
                0x000045ce                mousekey_off
 .text.mousekey_send
                0x000046da      0x1a0 obj_split_keyboard/common/mousekey.o
                0x000046da                mousekey_send
 .text.mousekey_task
                0x0000487a      0x14e obj_split_keyboard/common/mousekey.o
                0x0000487a                mousekey_task
 .text.mousekey_clear
                0x000049c8       0x18 obj_split_keyboard/common/mousekey.o
                0x000049c8                mousekey_clear
 .text.command_console_help
                0x000049e0        0xa obj_split_keyboard/common/command.o
 .text.mousekey_console_help
                0x000049ea       0x4a obj_split_keyboard/common/command.o
 .text.mousekey_param_inc
                0x00004a34      0x1ca obj_split_keyboard/common/command.o
 .text.mousekey_param_dec
                0x00004bfe      0x182 obj_split_keyboard/common/command.o
 .text.switch_default_layer
                0x00004d80       0x62 obj_split_keyboard/common/command.o
 .text.command_common
                0x00004de2      0x6ba obj_split_keyboard/common/command.o
 .text.command_extra
                0x0000549c        0x4 obj_split_keyboard/common/command.o
                0x0000549c                command_extra
 .text.command_console_extra
                0x000054a0        0x4 obj_split_keyboard/common/command.o
                0x000054a0                command_console_extra
 .text.command_proc
                0x000054a4      0x350 obj_split_keyboard/common/command.o
                0x000054a4                command_proc
 .text.sleep_led_init
                0x000057f4       0x24 obj_split_keyboard/common/sleep_led.o
                0x000057f4                sleep_led_init
 .text.sleep_led_enable
                0x00005818        0xc obj_split_keyboard/common/sleep_led.o
                0x00005818                sleep_led_enable
 .text.sleep_led_disable
                0x00005824        0xc obj_split_keyboard/common/sleep_led.o
                0x00005824                sleep_led_disable
 .text.sleep_led_toggle
                0x00005830        0xe obj_split_keyboard/common/sleep_led.o
                0x00005830                sleep_led_toggle
 .text.__vector_17
                0x0000583e       0x7e obj_split_keyboard/common/sleep_led.o
                0x0000583e                __vector_17
 .text.avr-libc.fplib
                0x000058bc        0xa c:/program files (x86)/atmel/avr tools/avr toolchain/bin/../lib/gcc/avr/4.6.2/../../../../avr/lib/avr5\libm.a(fixsfsi.o)
                0x000058bc                __fixsfsi
 .text.avr-libc.fplib
                0x000058c6       0x58 c:/program files (x86)/atmel/avr tools/avr toolchain/bin/../lib/gcc/avr/4.6.2/../../../../avr/lib/avr5\libm.a(fixunssfsi.o)
                0x000058c6                __fixunssfsi
 .text.avr-libc.fplib
                0x0000591e       0x7a c:/program files (x86)/atmel/avr tools/avr toolchain/bin/../lib/gcc/avr/4.6.2/../../../../avr/lib/avr5\libm.a(floatsisf.o)
                0x0000591e                __floatunsisf
                0x00005922                __floatsisf
 .text.avr-libc.fplib
                0x00005998       0x44 c:/program files (x86)/atmel/avr tools/avr toolchain/bin/../lib/gcc/avr/4.6.2/../../../../avr/lib/avr5\libm.a(fp_split3.o)
                0x00005998                __fp_split3
                0x000059a8                __fp_splitA
 .text.avr-libc.fplib
                0x000059dc        0xe c:/program files (x86)/atmel/avr tools/avr toolchain/bin/../lib/gcc/avr/4.6.2/../../../../avr/lib/avr5\libm.a(fp_zero.o)
                0x000059dc                __fp_zero
                0x000059de                __fp_szero
 .text.avr-libc.fplib
                0x000059ea        0x4 c:/program files (x86)/atmel/avr tools/avr toolchain/bin/../lib/gcc/avr/4.6.2/../../../../avr/lib/avr5\libm.a(mulsf3.o)
                0x000059ea                __mulsf3
 .text.avr-libc.fplib
                0x000059ee       0xc2 c:/program files (x86)/atmel/avr tools/avr toolchain/bin/../lib/gcc/avr/4.6.2/../../../../avr/lib/avr5\libm.a(mulsf3x.o)
                0x00005a02                __mulsf3x
                0x00005a06                __mulsf3_pse
 .text.avr-libc.fplib
                0x00005ab0        0xc c:/program files (x86)/atmel/avr tools/avr toolchain/bin/../lib/gcc/avr/4.6.2/../../../../avr/lib/avr5\libm.a(fp_inf.o)
                0x00005ab0                __fp_inf
 .text.avr-libc.fplib
                0x00005abc        0x6 c:/program files (x86)/atmel/avr tools/avr toolchain/bin/../lib/gcc/avr/4.6.2/../../../../avr/lib/avr5\libm.a(fp_nan.o)
                0x00005abc                __fp_nan
 .text.avr-libc.fplib
                0x00005ac2        0xe c:/program files (x86)/atmel/avr tools/avr toolchain/bin/../lib/gcc/avr/4.6.2/../../../../avr/lib/avr5\libm.a(fp_pscA.o)
                0x00005ac2                __fp_pscA
 .text.avr-libc.fplib
                0x00005ad0        0xe c:/program files (x86)/atmel/avr tools/avr toolchain/bin/../lib/gcc/avr/4.6.2/../../../../avr/lib/avr5\libm.a(fp_pscB.o)
                0x00005ad0                __fp_pscB
 .text.avr-libc.fplib
                0x00005ade       0x22 c:/program files (x86)/atmel/avr tools/avr toolchain/bin/../lib/gcc/avr/4.6.2/../../../../avr/lib/avr5\libm.a(fp_round.o)
                0x00005ade                __fp_round
 .text.libgcc   0x00005b00       0x18 c:/program files (x86)/atmel/avr tools/avr toolchain/bin/../lib/gcc/avr/4.6.2/avr5\libgcc.a(_udivmodqi4.o)
                0x00005b00                __udivmodqi4
 .text.libgcc   0x00005b18       0x26 c:/program files (x86)/atmel/avr tools/avr toolchain/bin/../lib/gcc/avr/4.6.2/avr5\libgcc.a(_divmodhi4.o)
                0x00005b18                _div
                0x00005b18                __divmodhi4
 .text.libgcc   0x00005b3e       0x28 c:/program files (x86)/atmel/avr tools/avr toolchain/bin/../lib/gcc/avr/4.6.2/avr5\libgcc.a(_udivmodhi4.o)
                0x00005b3e                __udivmodhi4
 .text.avr-libc
                0x00005b66       0x10 c:/program files (x86)/atmel/avr tools/avr toolchain/bin/../lib/gcc/avr/4.6.2/../../../../avr/lib/avr5\libc.a(eerd_byte_atmega32u4.o)
                0x00005b66                __eerd_byte_m32u4
 .text.avr-libc
                0x00005b76        0xc c:/program files (x86)/atmel/avr tools/avr toolchain/bin/../lib/gcc/avr/4.6.2/../../../../avr/lib/avr5\libc.a(eerd_word_atmega32u4.o)
                0x00005b76                __eerd_word_m32u4
 .text.avr-libc
                0x00005b82       0x1c c:/program files (x86)/atmel/avr tools/avr toolchain/bin/../lib/gcc/avr/4.6.2/../../../../avr/lib/avr5\libc.a(eewr_byte_atmega32u4.o)
                0x00005b82                __eewr_byte_m32u4
                0x00005b84                __eewr_r18_m32u4
 .text.avr-libc
                0x00005b9e        0xa c:/program files (x86)/atmel/avr tools/avr toolchain/bin/../lib/gcc/avr/4.6.2/../../../../avr/lib/avr5\libc.a(eewr_word_atmega32u4.o)
                0x00005b9e                __eewr_word_m32u4
 .text.avr-libc
                0x00005ba8       0x20 c:/program files (x86)/atmel/avr tools/avr toolchain/bin/../lib/gcc/avr/4.6.2/../../../../avr/lib/avr5\libc.a(eerd_block_atmega32u4.o)
                0x00005ba8                __eerd_block_m32u4
                0x00005bac                __eerd_blraw_m32u4
                0x00005bc8                . = ALIGN (0x2)
 *(.fini9)
 .fini9         0x00005bc8        0x0 c:/program files (x86)/atmel/avr tools/avr toolchain/bin/../lib/gcc/avr/4.6.2/avr5\libgcc.a(_exit.o)
                0x00005bc8                _exit
                0x00005bc8                exit
 *(.fini9)
 *(.fini8)
 *(.fini8)
 *(.fini7)
 *(.fini7)
 *(.fini6)
 *(.fini6)
 *(.fini5)
 *(.fini5)
 *(.fini4)
 *(.fini4)
 *(.fini3)
 *(.fini3)
 *(.fini2)
 *(.fini2)
 *(.fini1)
 *(.fini1)
 *(.fini0)
 .fini0         0x00005bc8        0x4 c:/program files (x86)/atmel/avr tools/avr toolchain/bin/../lib/gcc/avr/4.6.2/avr5\libgcc.a(_exit.o)
 *(.fini0)
                0x00005bcc                _etext = .

.data           0x00800100       0x4a load address 0x00005bcc
                0x00800100                PROVIDE (__data_start, .)
 *(.data)
 .data          0x00800100        0x0 c:/program files (x86)/atmel/avr tools/avr toolchain/bin/../lib/gcc/avr/4.6.2/../../../../avr/lib/avr5/crtm32u4.o
 .data          0x00800100        0x0 obj_split_keyboard/actionmap_plain.o
 .data          0x00800100        0x0 obj_split_keyboard/matrix.o
 .data          0x00800100        0x0 obj_split_keyboard/i2c.o
 .data          0x00800100        0x0 obj_split_keyboard/serial.o
 .data          0x00800100        0x0 obj_split_keyboard/split-util.o
 .data          0x00800100        0x0 obj_split_keyboard/led.o
 .data          0x00800100        0x0 obj_split_keyboard/protocol/lufa/lufa.o
 .data          0x00800100        0x0 obj_split_keyboard/protocol/lufa/descriptor.o
 .data          0x00800100        0x0 obj_split_keyboard/protocol/lufa/LUFA-git/LUFA/Drivers/USB/Class/Common/HIDParser.o
 .data          0x00800100        0x0 obj_split_keyboard/protocol/lufa/LUFA-git/LUFA/Drivers/USB/Core/AVR8/Device_AVR8.o
 .data          0x00800100        0x0 obj_split_keyboard/protocol/lufa/LUFA-git/LUFA/Drivers/USB/Core/AVR8/EndpointStream_AVR8.o
 .data          0x00800100        0x0 obj_split_keyboard/protocol/lufa/LUFA-git/LUFA/Drivers/USB/Core/AVR8/Endpoint_AVR8.o
 .data          0x00800100        0x0 obj_split_keyboard/protocol/lufa/LUFA-git/LUFA/Drivers/USB/Core/AVR8/Host_AVR8.o
 .data          0x00800100        0x0 obj_split_keyboard/protocol/lufa/LUFA-git/LUFA/Drivers/USB/Core/AVR8/PipeStream_AVR8.o
 .data          0x00800100        0x0 obj_split_keyboard/protocol/lufa/LUFA-git/LUFA/Drivers/USB/Core/AVR8/Pipe_AVR8.o
 .data          0x00800100        0x0 obj_split_keyboard/protocol/lufa/LUFA-git/LUFA/Drivers/USB/Core/AVR8/USBController_AVR8.o
 .data          0x00800100        0x0 obj_split_keyboard/protocol/lufa/LUFA-git/LUFA/Drivers/USB/Core/AVR8/USBInterrupt_AVR8.o
 .data          0x00800100        0x0 obj_split_keyboard/protocol/lufa/LUFA-git/LUFA/Drivers/USB/Core/ConfigDescriptors.o
 .data          0x00800100        0x0 obj_split_keyboard/protocol/lufa/LUFA-git/LUFA/Drivers/USB/Core/DeviceStandardReq.o
 .data          0x00800100        0x0 obj_split_keyboard/protocol/lufa/LUFA-git/LUFA/Drivers/USB/Core/Events.o
 .data          0x00800100        0x0 obj_split_keyboard/protocol/lufa/LUFA-git/LUFA/Drivers/USB/Core/HostStandardReq.o
 .data          0x00800100        0x0 obj_split_keyboard/protocol/lufa/LUFA-git/LUFA/Drivers/USB/Core/USBTask.o
 .data          0x00800100        0x0 obj_split_keyboard/common/host.o
 .data          0x00800100        0x0 obj_split_keyboard/common/keyboard.o
 .data          0x00800100        0x0 obj_split_keyboard/common/action.o
 .data          0x00800100        0x0 obj_split_keyboard/common/action_tapping.o
 .data          0x00800100        0x0 obj_split_keyboard/common/action_macro.o
 .data          0x00800100        0x0 obj_split_keyboard/common/action_layer.o
 .data          0x00800100        0x0 obj_split_keyboard/common/action_util.o
 .data          0x00800100        0x0 obj_split_keyboard/common/print.o
 .data          0x00800100        0x0 obj_split_keyboard/common/debug.o
 .data          0x00800100        0x0 obj_split_keyboard/common/util.o
 .data          0x00800100        0x0 obj_split_keyboard/common/avr/suspend.o
 .data          0x00800100        0x0 obj_split_keyboard/common/avr/xprintf.o
 .data          0x00800100        0x0 obj_split_keyboard/common/avr/timer.o
 .data          0x00800100        0x0 obj_split_keyboard/common/avr/bootloader.o
 .data          0x00800100        0x0 obj_split_keyboard/common/actionmap.o
 .data          0x00800100        0x0 obj_split_keyboard/common/bootmagic.o
 .data          0x00800100        0x0 obj_split_keyboard/common/avr/eeconfig.o
 .data          0x00800100        0x0 obj_split_keyboard/common/mousekey.o
 .data          0x00800100        0x0 obj_split_keyboard/common/command.o
 .data          0x00800100        0x0 obj_split_keyboard/common/sleep_led.o
 .data          0x00800100        0x0 c:/program files (x86)/atmel/avr tools/avr toolchain/bin/../lib/gcc/avr/4.6.2/../../../../avr/lib/avr5\libm.a(fixsfsi.o)
 .data          0x00800100        0x0 c:/program files (x86)/atmel/avr tools/avr toolchain/bin/../lib/gcc/avr/4.6.2/../../../../avr/lib/avr5\libm.a(fixunssfsi.o)
 .data          0x00800100        0x0 c:/program files (x86)/atmel/avr tools/avr toolchain/bin/../lib/gcc/avr/4.6.2/../../../../avr/lib/avr5\libm.a(floatsisf.o)
 .data          0x00800100        0x0 c:/program files (x86)/atmel/avr tools/avr toolchain/bin/../lib/gcc/avr/4.6.2/../../../../avr/lib/avr5\libm.a(fp_split3.o)
 .data          0x00800100        0x0 c:/program files (x86)/atmel/avr tools/avr toolchain/bin/../lib/gcc/avr/4.6.2/../../../../avr/lib/avr5\libm.a(fp_zero.o)
 .data          0x00800100        0x0 c:/program files (x86)/atmel/avr tools/avr toolchain/bin/../lib/gcc/avr/4.6.2/../../../../avr/lib/avr5\libm.a(mulsf3.o)
 .data          0x00800100        0x0 c:/program files (x86)/atmel/avr tools/avr toolchain/bin/../lib/gcc/avr/4.6.2/../../../../avr/lib/avr5\libm.a(mulsf3x.o)
 .data          0x00800100        0x0 c:/program files (x86)/atmel/avr tools/avr toolchain/bin/../lib/gcc/avr/4.6.2/../../../../avr/lib/avr5\libm.a(fp_inf.o)
 .data          0x00800100        0x0 c:/program files (x86)/atmel/avr tools/avr toolchain/bin/../lib/gcc/avr/4.6.2/../../../../avr/lib/avr5\libm.a(fp_nan.o)
 .data          0x00800100        0x0 c:/program files (x86)/atmel/avr tools/avr toolchain/bin/../lib/gcc/avr/4.6.2/../../../../avr/lib/avr5\libm.a(fp_pscA.o)
 .data          0x00800100        0x0 c:/program files (x86)/atmel/avr tools/avr toolchain/bin/../lib/gcc/avr/4.6.2/../../../../avr/lib/avr5\libm.a(fp_pscB.o)
 .data          0x00800100        0x0 c:/program files (x86)/atmel/avr tools/avr toolchain/bin/../lib/gcc/avr/4.6.2/../../../../avr/lib/avr5\libm.a(fp_round.o)
 .data          0x00800100        0x0 c:/program files (x86)/atmel/avr tools/avr toolchain/bin/../lib/gcc/avr/4.6.2/avr5\libgcc.a(_udivmodqi4.o)
 .data          0x00800100        0x0 c:/program files (x86)/atmel/avr tools/avr toolchain/bin/../lib/gcc/avr/4.6.2/avr5\libgcc.a(_divmodhi4.o)
 .data          0x00800100        0x0 c:/program files (x86)/atmel/avr tools/avr toolchain/bin/../lib/gcc/avr/4.6.2/avr5\libgcc.a(_exit.o)
 .data          0x00800100        0x0 c:/program files (x86)/atmel/avr tools/avr toolchain/bin/../lib/gcc/avr/4.6.2/avr5\libgcc.a(_copy_data.o)
 .data          0x00800100        0x0 c:/program files (x86)/atmel/avr tools/avr toolchain/bin/../lib/gcc/avr/4.6.2/avr5\libgcc.a(_clear_bss.o)
 .data          0x00800100        0x0 c:/program files (x86)/atmel/avr tools/avr toolchain/bin/../lib/gcc/avr/4.6.2/avr5\libgcc.a(_udivmodhi4.o)
 .data          0x00800100        0x0 c:/program files (x86)/atmel/avr tools/avr toolchain/bin/../lib/gcc/avr/4.6.2/../../../../avr/lib/avr5\libc.a(eerd_byte_atmega32u4.o)
 .data          0x00800100        0x0 c:/program files (x86)/atmel/avr tools/avr toolchain/bin/../lib/gcc/avr/4.6.2/../../../../avr/lib/avr5\libc.a(eerd_word_atmega32u4.o)
 .data          0x00800100        0x0 c:/program files (x86)/atmel/avr tools/avr toolchain/bin/../lib/gcc/avr/4.6.2/../../../../avr/lib/avr5\libc.a(eeupd_byte_atmega32u4.o)
 .data          0x00800100        0x0 c:/program files (x86)/atmel/avr tools/avr toolchain/bin/../lib/gcc/avr/4.6.2/../../../../avr/lib/avr5\libc.a(eewr_byte_atmega32u4.o)
 .data          0x00800100        0x0 c:/program files (x86)/atmel/avr tools/avr toolchain/bin/../lib/gcc/avr/4.6.2/../../../../avr/lib/avr5\libc.a(eewr_word_atmega32u4.o)
 .data          0x00800100        0x0 c:/program files (x86)/atmel/avr tools/avr toolchain/bin/../lib/gcc/avr/4.6.2/../../../../avr/lib/avr5\libc.a(eerd_block_atmega32u4.o)
 *(.data*)
 .data.debouncing
                0x00800100        0x1 obj_split_keyboard/matrix.o
 .data.isLeftHand
                0x00800101        0x1 obj_split_keyboard/split-util.o
                0x00800101                isLeftHand
 .data.lufa_driver
                0x00800102        0xa obj_split_keyboard/protocol/lufa/lufa.o
                0x00800102                lufa_driver
 .data.keyboard_protocol
                0x0080010c        0x1 obj_split_keyboard/protocol/lufa/lufa.o
                0x0080010c                keyboard_protocol
 .data.keyboard_nkro
                0x0080010d        0x1 obj_split_keyboard/common/host.o
                0x0080010d                keyboard_nkro
 .data.keyboard_report
                0x0080010e        0x2 obj_split_keyboard/common/action_util.o
                0x0080010e                keyboard_report
 .data.mk_wheel_time_to_max
                0x00800110        0x1 obj_split_keyboard/common/mousekey.o
                0x00800110                mk_wheel_time_to_max
 .data.mk_wheel_max_speed
                0x00800111        0x1 obj_split_keyboard/common/mousekey.o
                0x00800111                mk_wheel_max_speed
 .data.mk_time_to_max
                0x00800112        0x1 obj_split_keyboard/common/mousekey.o
                0x00800112                mk_time_to_max
 .data.mk_max_speed
                0x00800113        0x1 obj_split_keyboard/common/mousekey.o
                0x00800113                mk_max_speed
 .data.mk_interval
                0x00800114        0x1 obj_split_keyboard/common/mousekey.o
                0x00800114                mk_interval
 .data.mk_delay
                0x00800115        0x1 obj_split_keyboard/common/mousekey.o
                0x00800115                mk_delay
 *(.rodata)
 *(.rodata*)
 .rodata.row_pins
                0x00800116        0xa obj_split_keyboard/matrix.o
 .rodata.col_pins
                0x00800120        0x6 obj_split_keyboard/matrix.o
 .rodata.CSWTCH.1
                0x00800126        0xa obj_split_keyboard/protocol/lufa/descriptor.o
 .rodata.CSWTCH.3
                0x00800130        0xa obj_split_keyboard/protocol/lufa/descriptor.o
 .rodata.CSWTCH.4
                0x0080013a        0x5 obj_split_keyboard/protocol/lufa/descriptor.o
 .rodata.CSWTCH.43
                0x0080013f        0xa obj_split_keyboard/common/command.o
 *(.gnu.linkonce.d*)
                0x0080014a                . = ALIGN (0x2)
 *fill*         0x00800149        0x1 00
                0x0080014a                _edata = .
                0x0080014a                PROVIDE (__data_end, .)

.bss            0x0080014a       0xfc
                0x0080014a                PROVIDE (__bss_start, .)
 *(.bss)
 .bss           0x0080014a        0x2 obj_split_keyboard/common/avr/xprintf.o
                0x0080014a                xfunc_out
 *(.bss*)
 .bss.matrix    0x0080014c        0xa obj_split_keyboard/matrix.o
 .bss.matrix_debouncing
                0x00800156        0xa obj_split_keyboard/matrix.o
 .bss.error_count
                0x00800160        0x1 obj_split_keyboard/matrix.o
 .bss.slave_has_register_set
                0x00800161        0x1 obj_split_keyboard/i2c.o
 .bss.slave_buffer_pos
                0x00800162        0x1 obj_split_keyboard/i2c.o
 .bss.i2c_slave_buffer
                0x00800163       0x40 obj_split_keyboard/i2c.o
 .bss.status    0x008001a3        0x1 obj_split_keyboard/serial.o
                0x008001a3                status
 .bss.serial_master_buffer
                0x008001a4        0x1 obj_split_keyboard/serial.o
                0x008001a4                serial_master_buffer
 .bss.serial_slave_buffer
                0x008001a5        0x5 obj_split_keyboard/serial.o
                0x008001a5                serial_slave_buffer
 .bss.keyboard_idle
                0x008001aa        0x1 obj_split_keyboard/protocol/lufa/lufa.o
                0x008001aa                keyboard_idle
 .bss.keyboard_report_sent
                0x008001ab       0x10 obj_split_keyboard/protocol/lufa/lufa.o
 .bss.keyboard_led_stats
                0x008001bb        0x1 obj_split_keyboard/protocol/lufa/lufa.o
 .bss.count.4446
                0x008001bc        0x1 obj_split_keyboard/protocol/lufa/lufa.o
 .bss.console_flush
                0x008001bd        0x1 obj_split_keyboard/protocol/lufa/lufa.o
 .bss.timeouted.4516
                0x008001be        0x1 obj_split_keyboard/protocol/lufa/lufa.o
 .bss.driver    0x008001bf        0x2 obj_split_keyboard/common/host.o
 .bss.last_system_report
                0x008001c1        0x2 obj_split_keyboard/common/host.o
 .bss.last_consumer_report
                0x008001c3        0x2 obj_split_keyboard/common/host.o
 .bss.matrix_prev.4500
                0x008001c5        0xa obj_split_keyboard/common/keyboard.o
 .bss.led_status.4501
                0x008001cf        0x1 obj_split_keyboard/common/keyboard.o
 .bss.tapping_key
                0x008001d0        0x6 obj_split_keyboard/common/action_tapping.o
 .bss.waiting_buffer_tail
                0x008001d6        0x1 obj_split_keyboard/common/action_tapping.o
 .bss.waiting_buffer
                0x008001d7       0x30 obj_split_keyboard/common/action_tapping.o
 .bss.waiting_buffer_head
                0x00800207        0x1 obj_split_keyboard/common/action_tapping.o
 .bss.layer_state
                0x00800208        0x4 obj_split_keyboard/common/action_layer.o
                0x00800208                layer_state
 .bss.default_layer_state
                0x0080020c        0x4 obj_split_keyboard/common/action_layer.o
                0x0080020c                default_layer_state
 .bss.oneshot_locked_mods
                0x00800210        0x1 obj_split_keyboard/common/action_util.o
 .bss.oneshot_layer_data
                0x00800211        0x1 obj_split_keyboard/common/action_util.o
 .bss.real_mods
                0x00800212        0x1 obj_split_keyboard/common/action_util.o
 .bss.weak_mods
                0x00800213        0x1 obj_split_keyboard/common/action_util.o
 .bss.oneshot_mods
                0x00800214        0x1 obj_split_keyboard/common/action_util.o
 .bss.__compound_literal.0
                0x00800215       0x10 obj_split_keyboard/common/action_util.o
 .bss.debug_config
                0x00800225        0x1 obj_split_keyboard/common/debug.o
                0x00800225                debug_config
 .bss.wdt_timeout
                0x00800226        0x1 obj_split_keyboard/common/avr/suspend.o
 .bss.timer_count
                0x00800227        0x4 obj_split_keyboard/common/avr/timer.o
                0x00800227                timer_count
 .bss.last_timer
                0x0080022b        0x2 obj_split_keyboard/common/mousekey.o
 .bss.mousekey_repeat
                0x0080022d        0x1 obj_split_keyboard/common/mousekey.o
 .bss.mouse_report
                0x0080022e        0x5 obj_split_keyboard/common/mousekey.o
 .bss.mousekey_accel
                0x00800233        0x1 obj_split_keyboard/common/mousekey.o
 .bss.command_state
                0x00800234        0x1 obj_split_keyboard/common/command.o
                0x00800234                command_state
 .bss.mousekey_param
                0x00800235        0x1 obj_split_keyboard/common/command.o
 .bss.timer.1463
                0x00800236        0x2 obj_split_keyboard/common/sleep_led.o
 *(COMMON)
 COMMON         0x00800238        0x3 obj_split_keyboard/protocol/lufa/LUFA-git/LUFA/Drivers/USB/Core/DeviceStandardReq.o
                0x00800238                USB_Device_ConfigurationNumber
                0x00800239                USB_Device_CurrentlySelfPowered
                0x0080023a                USB_Device_RemoteWakeupEnabled
 COMMON         0x0080023b        0xa obj_split_keyboard/protocol/lufa/LUFA-git/LUFA/Drivers/USB/Core/USBTask.o
                0x0080023b                USB_IsInitialized
                0x0080023c                USB_DeviceState
                0x0080023d                USB_ControlRequest
 COMMON         0x00800245        0x1 obj_split_keyboard/common/keyboard.o
                0x00800245                keymap_config
                0x00800246                PROVIDE (__bss_end, .)
                0x00005bcc                __data_load_start = LOADADDR (.data)
                0x00005c16                __data_load_end = (__data_load_start + SIZEOF (.data))

.noinit         0x00800246        0x4
                0x00800246                PROVIDE (__noinit_start, .)
 *(.noinit*)
 .noinit        0x00800246        0x4 obj_split_keyboard/common/avr/bootloader.o
                0x00800246                reset_key
                0x0080024a                PROVIDE (__noinit_end, .)
                0x0080024a                _end = .
                0x0080024a                PROVIDE (__heap_start, .)

.eeprom         0x00810000        0x0
 *(.eeprom*)
                0x00810000                __eeprom_end = .

.fuse
 *(.fuse)
 *(.lfuse)
 *(.hfuse)
 *(.efuse)

.lock
 *(.lock*)

.signature
 *(.signature*)

.stab           0x00000000     0x23dc
 *(.stab)
 .stab          0x00000000      0x6cc c:/program files (x86)/atmel/avr tools/avr toolchain/bin/../lib/gcc/avr/4.6.2/../../../../avr/lib/avr5/crtm32u4.o
 .stab          0x000006cc      0x8ac obj_split_keyboard/common/avr/xprintf.o
                                0x8b8 (size before relaxing)
 .stab          0x00000f78       0x6c c:/program files (x86)/atmel/avr tools/avr toolchain/bin/../lib/gcc/avr/4.6.2/../../../../avr/lib/avr5\libm.a(fixsfsi.o)
                                 0x78 (size before relaxing)
 .stab          0x00000fe4      0x240 c:/program files (x86)/atmel/avr tools/avr toolchain/bin/../lib/gcc/avr/4.6.2/../../../../avr/lib/avr5\libm.a(fixunssfsi.o)
                                0x24c (size before relaxing)
 .stab          0x00001224      0x318 c:/program files (x86)/atmel/avr tools/avr toolchain/bin/../lib/gcc/avr/4.6.2/../../../../avr/lib/avr5\libm.a(floatsisf.o)
                                0x324 (size before relaxing)
 .stab          0x0000153c      0x1d4 c:/program files (x86)/atmel/avr tools/avr toolchain/bin/../lib/gcc/avr/4.6.2/../../../../avr/lib/avr5\libm.a(fp_split3.o)
                                0x1e0 (size before relaxing)
 .stab          0x00001710       0x90 c:/program files (x86)/atmel/avr tools/avr toolchain/bin/../lib/gcc/avr/4.6.2/../../../../avr/lib/avr5\libm.a(fp_zero.o)
                                 0x9c (size before relaxing)
 .stab          0x000017a0       0x48 c:/program files (x86)/atmel/avr tools/avr toolchain/bin/../lib/gcc/avr/4.6.2/../../../../avr/lib/avr5\libm.a(mulsf3.o)
                                 0x54 (size before relaxing)
 .stab          0x000017e8      0x4d4 c:/program files (x86)/atmel/avr tools/avr toolchain/bin/../lib/gcc/avr/4.6.2/../../../../avr/lib/avr5\libm.a(mulsf3x.o)
                                0x4e0 (size before relaxing)
 .stab          0x00001cbc       0x78 c:/program files (x86)/atmel/avr tools/avr toolchain/bin/../lib/gcc/avr/4.6.2/../../../../avr/lib/avr5\libm.a(fp_inf.o)
                                 0x84 (size before relaxing)
 .stab          0x00001d34       0x54 c:/program files (x86)/atmel/avr tools/avr toolchain/bin/../lib/gcc/avr/4.6.2/../../../../avr/lib/avr5\libm.a(fp_nan.o)
                                 0x60 (size before relaxing)
 .stab          0x00001d88       0x84 c:/program files (x86)/atmel/avr tools/avr toolchain/bin/../lib/gcc/avr/4.6.2/../../../../avr/lib/avr5\libm.a(fp_pscA.o)
                                 0x90 (size before relaxing)
 .stab          0x00001e0c       0x84 c:/program files (x86)/atmel/avr tools/avr toolchain/bin/../lib/gcc/avr/4.6.2/../../../../avr/lib/avr5\libm.a(fp_pscB.o)
                                 0x90 (size before relaxing)
 .stab          0x00001e90       0xfc c:/program files (x86)/atmel/avr tools/avr toolchain/bin/../lib/gcc/avr/4.6.2/../../../../avr/lib/avr5\libm.a(fp_round.o)
                                0x108 (size before relaxing)
 .stab          0x00001f8c       0x90 c:/program files (x86)/atmel/avr tools/avr toolchain/bin/../lib/gcc/avr/4.6.2/../../../../avr/lib/avr5\libc.a(eerd_byte_atmega32u4.o)
                                 0x9c (size before relaxing)
 .stab          0x0000201c       0x6c c:/program files (x86)/atmel/avr tools/avr toolchain/bin/../lib/gcc/avr/4.6.2/../../../../avr/lib/avr5\libc.a(eerd_word_atmega32u4.o)
                                 0x78 (size before relaxing)
 .stab          0x00002088      0x114 c:/program files (x86)/atmel/avr tools/avr toolchain/bin/../lib/gcc/avr/4.6.2/../../../../avr/lib/avr5\libc.a(eeupd_byte_atmega32u4.o)
                                0x120 (size before relaxing)
 .stab          0x0000219c       0xe4 c:/program files (x86)/atmel/avr tools/avr toolchain/bin/../lib/gcc/avr/4.6.2/../../../../avr/lib/avr5\libc.a(eewr_byte_atmega32u4.o)
                                 0xf0 (size before relaxing)
 .stab          0x00002280       0x54 c:/program files (x86)/atmel/avr tools/avr toolchain/bin/../lib/gcc/avr/4.6.2/../../../../avr/lib/avr5\libc.a(eewr_word_atmega32u4.o)
                                 0x60 (size before relaxing)
 .stab          0x000022d4      0x108 c:/program files (x86)/atmel/avr tools/avr toolchain/bin/../lib/gcc/avr/4.6.2/../../../../avr/lib/avr5\libc.a(eerd_block_atmega32u4.o)
                                0x114 (size before relaxing)

.stabstr        0x00000000      0x7fb
 *(.stabstr)
 .stabstr       0x00000000      0x7fb c:/program files (x86)/atmel/avr tools/avr toolchain/bin/../lib/gcc/avr/4.6.2/../../../../avr/lib/avr5/crtm32u4.o

.stab.excl
 *(.stab.excl)

.stab.exclstr
 *(.stab.exclstr)

.stab.index
 *(.stab.index)

.stab.indexstr
 *(.stab.indexstr)

.comment
 *(.comment)

.debug
 *(.debug)

.line
 *(.line)

.debug_srcinfo
 *(.debug_srcinfo)

.debug_sfnames
 *(.debug_sfnames)

.debug_aranges  0x00000000      0xbe8
 *(.debug_aranges)
 .debug_aranges
                0x00000000       0x38 obj_split_keyboard/actionmap_plain.o
 .debug_aranges
                0x00000038       0x88 obj_split_keyboard/matrix.o
 .debug_aranges
                0x000000c0       0x78 obj_split_keyboard/i2c.o
 .debug_aranges
                0x00000138       0x70 obj_split_keyboard/serial.o
 .debug_aranges
                0x000001a8       0x38 obj_split_keyboard/split-util.o
 .debug_aranges
                0x000001e0       0x20 obj_split_keyboard/led.o
 .debug_aranges
                0x00000200       0x90 obj_split_keyboard/protocol/lufa/lufa.o
 .debug_aranges
                0x00000290       0x20 obj_split_keyboard/protocol/lufa/descriptor.o
 .debug_aranges
                0x000002b0       0x38 obj_split_keyboard/protocol/lufa/LUFA-git/LUFA/Drivers/USB/Class/Common/HIDParser.o
 .debug_aranges
                0x000002e8       0x20 obj_split_keyboard/protocol/lufa/LUFA-git/LUFA/Drivers/USB/Core/AVR8/Device_AVR8.o
 .debug_aranges
                0x00000308       0xc8 obj_split_keyboard/protocol/lufa/LUFA-git/LUFA/Drivers/USB/Core/AVR8/EndpointStream_AVR8.o
 .debug_aranges
                0x000003d0       0x40 obj_split_keyboard/protocol/lufa/LUFA-git/LUFA/Drivers/USB/Core/AVR8/Endpoint_AVR8.o
 .debug_aranges
                0x00000410       0x30 obj_split_keyboard/protocol/lufa/LUFA-git/LUFA/Drivers/USB/Core/AVR8/USBController_AVR8.o
 .debug_aranges
                0x00000440       0x38 obj_split_keyboard/protocol/lufa/LUFA-git/LUFA/Drivers/USB/Core/AVR8/USBInterrupt_AVR8.o
 .debug_aranges
                0x00000478       0x38 obj_split_keyboard/protocol/lufa/LUFA-git/LUFA/Drivers/USB/Core/ConfigDescriptors.o
 .debug_aranges
                0x000004b0       0x20 obj_split_keyboard/protocol/lufa/LUFA-git/LUFA/Drivers/USB/Core/DeviceStandardReq.o
 .debug_aranges
                0x000004d0       0x20 obj_split_keyboard/protocol/lufa/LUFA-git/LUFA/Drivers/USB/Core/Events.o
 .debug_aranges
                0x000004f0       0x20 obj_split_keyboard/protocol/lufa/LUFA-git/LUFA/Drivers/USB/Core/USBTask.o
 .debug_aranges
                0x00000510       0x60 obj_split_keyboard/common/host.o
 .debug_aranges
                0x00000570       0x40 obj_split_keyboard/common/keyboard.o
 .debug_aranges
                0x000005b0       0x78 obj_split_keyboard/common/action.o
 .debug_aranges
                0x00000628       0x48 obj_split_keyboard/common/action_tapping.o
 .debug_aranges
                0x00000670       0x20 obj_split_keyboard/common/action_macro.o
 .debug_aranges
                0x00000690       0xa0 obj_split_keyboard/common/action_layer.o
 .debug_aranges
                0x00000730      0x100 obj_split_keyboard/common/action_util.o
 .debug_aranges
                0x00000830       0x20 obj_split_keyboard/common/print.o
 .debug_aranges
                0x00000850       0x60 obj_split_keyboard/common/util.o
 .debug_aranges
                0x000008b0       0x48 obj_split_keyboard/common/avr/suspend.o
 .debug_aranges
                0x000008f8       0x50 obj_split_keyboard/common/avr/timer.o
 .debug_aranges
                0x00000948       0x28 obj_split_keyboard/common/avr/bootloader.o
 .debug_aranges
                0x00000970       0x30 obj_split_keyboard/common/actionmap.o
 .debug_aranges
                0x000009a0       0x30 obj_split_keyboard/common/bootmagic.o
 .debug_aranges
                0x000009d0       0x68 obj_split_keyboard/common/avr/eeconfig.o
 .debug_aranges
                0x00000a38       0x50 obj_split_keyboard/common/mousekey.o
 .debug_aranges
                0x00000a88       0x60 obj_split_keyboard/common/command.o
 .debug_aranges
                0x00000ae8       0x40 obj_split_keyboard/common/sleep_led.o
 .debug_aranges
                0x00000b28       0x20 c:/program files (x86)/atmel/avr tools/avr toolchain/bin/../lib/gcc/avr/4.6.2/avr5\libgcc.a(_udivmodqi4.o)
 .debug_aranges
                0x00000b48       0x20 c:/program files (x86)/atmel/avr tools/avr toolchain/bin/../lib/gcc/avr/4.6.2/avr5\libgcc.a(_divmodhi4.o)
 .debug_aranges
                0x00000b68       0x20 c:/program files (x86)/atmel/avr tools/avr toolchain/bin/../lib/gcc/avr/4.6.2/avr5\libgcc.a(_exit.o)
 .debug_aranges
                0x00000b88       0x20 c:/program files (x86)/atmel/avr tools/avr toolchain/bin/../lib/gcc/avr/4.6.2/avr5\libgcc.a(_copy_data.o)
 .debug_aranges
                0x00000ba8       0x20 c:/program files (x86)/atmel/avr tools/avr toolchain/bin/../lib/gcc/avr/4.6.2/avr5\libgcc.a(_clear_bss.o)
 .debug_aranges
                0x00000bc8       0x20 c:/program files (x86)/atmel/avr tools/avr toolchain/bin/../lib/gcc/avr/4.6.2/avr5\libgcc.a(_udivmodhi4.o)

.debug_pubnames
 *(.debug_pubnames)

.debug_info     0x00000000     0xf158
 *(.debug_info)
 .debug_info    0x00000000      0x926 obj_split_keyboard/actionmap_plain.o
 .debug_info    0x00000926      0x80d obj_split_keyboard/matrix.o
 .debug_info    0x00001133      0x36b obj_split_keyboard/i2c.o
 .debug_info    0x0000149e      0x649 obj_split_keyboard/serial.o
 .debug_info    0x00001ae7      0x1d7 obj_split_keyboard/split-util.o
 .debug_info    0x00001cbe       0x90 obj_split_keyboard/led.o
 .debug_info    0x00001d4e     0x11ec obj_split_keyboard/protocol/lufa/lufa.o
 .debug_info    0x00002f3a      0x8bd obj_split_keyboard/protocol/lufa/descriptor.o
 .debug_info    0x000037f7      0x6fc obj_split_keyboard/protocol/lufa/LUFA-git/LUFA/Drivers/USB/Class/Common/HIDParser.o
 .debug_info    0x00003ef3       0xca obj_split_keyboard/protocol/lufa/LUFA-git/LUFA/Drivers/USB/Core/AVR8/Device_AVR8.o
 .debug_info    0x00003fbd     0x15d4 obj_split_keyboard/protocol/lufa/LUFA-git/LUFA/Drivers/USB/Core/AVR8/EndpointStream_AVR8.o
 .debug_info    0x00005591      0x618 obj_split_keyboard/protocol/lufa/LUFA-git/LUFA/Drivers/USB/Core/AVR8/Endpoint_AVR8.o
 .debug_info    0x00005ba9       0x5e obj_split_keyboard/protocol/lufa/LUFA-git/LUFA/Drivers/USB/Core/AVR8/Host_AVR8.o
 .debug_info    0x00005c07       0x5e obj_split_keyboard/protocol/lufa/LUFA-git/LUFA/Drivers/USB/Core/AVR8/PipeStream_AVR8.o
 .debug_info    0x00005c65       0x5e obj_split_keyboard/protocol/lufa/LUFA-git/LUFA/Drivers/USB/Core/AVR8/Pipe_AVR8.o
 .debug_info    0x00005cc3      0x487 obj_split_keyboard/protocol/lufa/LUFA-git/LUFA/Drivers/USB/Core/AVR8/USBController_AVR8.o
 .debug_info    0x0000614a      0x707 obj_split_keyboard/protocol/lufa/LUFA-git/LUFA/Drivers/USB/Core/AVR8/USBInterrupt_AVR8.o
 .debug_info    0x00006851      0x382 obj_split_keyboard/protocol/lufa/LUFA-git/LUFA/Drivers/USB/Core/ConfigDescriptors.o
 .debug_info    0x00006bd3      0x98c obj_split_keyboard/protocol/lufa/LUFA-git/LUFA/Drivers/USB/Core/DeviceStandardReq.o
 .debug_info    0x0000755f       0x77 obj_split_keyboard/protocol/lufa/LUFA-git/LUFA/Drivers/USB/Core/Events.o
 .debug_info    0x000075d6       0x5e obj_split_keyboard/protocol/lufa/LUFA-git/LUFA/Drivers/USB/Core/HostStandardReq.o
 .debug_info    0x00007634      0x25b obj_split_keyboard/protocol/lufa/LUFA-git/LUFA/Drivers/USB/Core/USBTask.o
 .debug_info    0x0000788f      0x491 obj_split_keyboard/common/host.o
 .debug_info    0x00007d20      0x388 obj_split_keyboard/common/keyboard.o
 .debug_info    0x000080a8      0xf2d obj_split_keyboard/common/action.o
 .debug_info    0x00008fd5      0xb62 obj_split_keyboard/common/action_tapping.o
 .debug_info    0x00009b37      0x797 obj_split_keyboard/common/action_macro.o
 .debug_info    0x0000a2ce      0x64b obj_split_keyboard/common/action_layer.o
 .debug_info    0x0000a919      0x844 obj_split_keyboard/common/action_util.o
 .debug_info    0x0000b15d       0xe6 obj_split_keyboard/common/print.o
 .debug_info    0x0000b243      0x104 obj_split_keyboard/common/debug.o
 .debug_info    0x0000b347      0x262 obj_split_keyboard/common/util.o
 .debug_info    0x0000b5a9      0x1d7 obj_split_keyboard/common/avr/suspend.o
 .debug_info    0x0000b780      0x207 obj_split_keyboard/common/avr/timer.o
 .debug_info    0x0000b987      0x18b obj_split_keyboard/common/avr/bootloader.o
 .debug_info    0x0000bb12      0x582 obj_split_keyboard/common/actionmap.o
 .debug_info    0x0000c094      0xb68 obj_split_keyboard/common/bootmagic.o
 .debug_info    0x0000cbfc      0x199 obj_split_keyboard/common/avr/eeconfig.o
 .debug_info    0x0000cd95      0x764 obj_split_keyboard/common/mousekey.o
 .debug_info    0x0000d4f9     0x1583 obj_split_keyboard/common/command.o
 .debug_info    0x0000ea7c      0x1ae obj_split_keyboard/common/sleep_led.o
 .debug_info    0x0000ec2a       0xdd c:/program files (x86)/atmel/avr tools/avr toolchain/bin/../lib/gcc/avr/4.6.2/avr5\libgcc.a(_udivmodqi4.o)
 .debug_info    0x0000ed07       0xdd c:/program files (x86)/atmel/avr tools/avr toolchain/bin/../lib/gcc/avr/4.6.2/avr5\libgcc.a(_divmodhi4.o)
 .debug_info    0x0000ede4       0xdd c:/program files (x86)/atmel/avr tools/avr toolchain/bin/../lib/gcc/avr/4.6.2/avr5\libgcc.a(_exit.o)
 .debug_info    0x0000eec1       0xdd c:/program files (x86)/atmel/avr tools/avr toolchain/bin/../lib/gcc/avr/4.6.2/avr5\libgcc.a(_copy_data.o)
 .debug_info    0x0000ef9e       0xdd c:/program files (x86)/atmel/avr tools/avr toolchain/bin/../lib/gcc/avr/4.6.2/avr5\libgcc.a(_clear_bss.o)
 .debug_info    0x0000f07b       0xdd c:/program files (x86)/atmel/avr tools/avr toolchain/bin/../lib/gcc/avr/4.6.2/avr5\libgcc.a(_udivmodhi4.o)
 *(.gnu.linkonce.wi.*)

.debug_abbrev   0x00000000     0x3b5a
 *(.debug_abbrev)
 .debug_abbrev  0x00000000      0x1ba obj_split_keyboard/actionmap_plain.o
 .debug_abbrev  0x000001ba      0x311 obj_split_keyboard/matrix.o
 .debug_abbrev  0x000004cb      0x17b obj_split_keyboard/i2c.o
 .debug_abbrev  0x00000646      0x21a obj_split_keyboard/serial.o
 .debug_abbrev  0x00000860      0x142 obj_split_keyboard/split-util.o
 .debug_abbrev  0x000009a2       0x5d obj_split_keyboard/led.o
 .debug_abbrev  0x000009ff      0x3d4 obj_split_keyboard/protocol/lufa/lufa.o
 .debug_abbrev  0x00000dd3      0x185 obj_split_keyboard/protocol/lufa/descriptor.o
 .debug_abbrev  0x00000f58      0x1ec obj_split_keyboard/protocol/lufa/LUFA-git/LUFA/Drivers/USB/Class/Common/HIDParser.o
 .debug_abbrev  0x00001144       0x7d obj_split_keyboard/protocol/lufa/LUFA-git/LUFA/Drivers/USB/Core/AVR8/Device_AVR8.o
 .debug_abbrev  0x000011c1      0x1c9 obj_split_keyboard/protocol/lufa/LUFA-git/LUFA/Drivers/USB/Core/AVR8/EndpointStream_AVR8.o
 .debug_abbrev  0x0000138a      0x20e obj_split_keyboard/protocol/lufa/LUFA-git/LUFA/Drivers/USB/Core/AVR8/Endpoint_AVR8.o
 .debug_abbrev  0x00001598       0x2a obj_split_keyboard/protocol/lufa/LUFA-git/LUFA/Drivers/USB/Core/AVR8/Host_AVR8.o
 .debug_abbrev  0x000015c2       0x2a obj_split_keyboard/protocol/lufa/LUFA-git/LUFA/Drivers/USB/Core/AVR8/PipeStream_AVR8.o
 .debug_abbrev  0x000015ec       0x2a obj_split_keyboard/protocol/lufa/LUFA-git/LUFA/Drivers/USB/Core/AVR8/Pipe_AVR8.o
 .debug_abbrev  0x00001616      0x135 obj_split_keyboard/protocol/lufa/LUFA-git/LUFA/Drivers/USB/Core/AVR8/USBController_AVR8.o
 .debug_abbrev  0x0000174b      0x1e9 obj_split_keyboard/protocol/lufa/LUFA-git/LUFA/Drivers/USB/Core/AVR8/USBInterrupt_AVR8.o
 .debug_abbrev  0x00001934      0x155 obj_split_keyboard/protocol/lufa/LUFA-git/LUFA/Drivers/USB/Core/ConfigDescriptors.o
 .debug_abbrev  0x00001a89      0x234 obj_split_keyboard/protocol/lufa/LUFA-git/LUFA/Drivers/USB/Core/DeviceStandardReq.o
 .debug_abbrev  0x00001cbd       0x41 obj_split_keyboard/protocol/lufa/LUFA-git/LUFA/Drivers/USB/Core/Events.o
 .debug_abbrev  0x00001cfe       0x2a obj_split_keyboard/protocol/lufa/LUFA-git/LUFA/Drivers/USB/Core/HostStandardReq.o
 .debug_abbrev  0x00001d28      0x15c obj_split_keyboard/protocol/lufa/LUFA-git/LUFA/Drivers/USB/Core/USBTask.o
 .debug_abbrev  0x00001e84      0x18e obj_split_keyboard/common/host.o
 .debug_abbrev  0x00002012      0x15a obj_split_keyboard/common/keyboard.o
 .debug_abbrev  0x0000216c      0x254 obj_split_keyboard/common/action.o
 .debug_abbrev  0x000023c0      0x251 obj_split_keyboard/common/action_tapping.o
 .debug_abbrev  0x00002611      0x145 obj_split_keyboard/common/action_macro.o
 .debug_abbrev  0x00002756      0x18d obj_split_keyboard/common/action_layer.o
 .debug_abbrev  0x000028e3      0x2ce obj_split_keyboard/common/action_util.o
 .debug_abbrev  0x00002bb1       0x94 obj_split_keyboard/common/print.o
 .debug_abbrev  0x00002c45       0x8b obj_split_keyboard/common/debug.o
 .debug_abbrev  0x00002cd0       0xa0 obj_split_keyboard/common/util.o
 .debug_abbrev  0x00002d70      0x11a obj_split_keyboard/common/avr/suspend.o
 .debug_abbrev  0x00002e8a      0x120 obj_split_keyboard/common/avr/timer.o
 .debug_abbrev  0x00002faa      0x10b obj_split_keyboard/common/avr/bootloader.o
 .debug_abbrev  0x000030b5      0x194 obj_split_keyboard/common/actionmap.o
 .debug_abbrev  0x00003249      0x1ec obj_split_keyboard/common/bootmagic.o
 .debug_abbrev  0x00003435       0xa0 obj_split_keyboard/common/avr/eeconfig.o
 .debug_abbrev  0x000034d5      0x1da obj_split_keyboard/common/mousekey.o
 .debug_abbrev  0x000036af      0x32e obj_split_keyboard/common/command.o
 .debug_abbrev  0x000039dd      0x105 obj_split_keyboard/common/sleep_led.o
 .debug_abbrev  0x00003ae2       0x14 c:/program files (x86)/atmel/avr tools/avr toolchain/bin/../lib/gcc/avr/4.6.2/avr5\libgcc.a(_udivmodqi4.o)
 .debug_abbrev  0x00003af6       0x14 c:/program files (x86)/atmel/avr tools/avr toolchain/bin/../lib/gcc/avr/4.6.2/avr5\libgcc.a(_divmodhi4.o)
 .debug_abbrev  0x00003b0a       0x14 c:/program files (x86)/atmel/avr tools/avr toolchain/bin/../lib/gcc/avr/4.6.2/avr5\libgcc.a(_exit.o)
 .debug_abbrev  0x00003b1e       0x14 c:/program files (x86)/atmel/avr tools/avr toolchain/bin/../lib/gcc/avr/4.6.2/avr5\libgcc.a(_copy_data.o)
 .debug_abbrev  0x00003b32       0x14 c:/program files (x86)/atmel/avr tools/avr toolchain/bin/../lib/gcc/avr/4.6.2/avr5\libgcc.a(_clear_bss.o)
 .debug_abbrev  0x00003b46       0x14 c:/program files (x86)/atmel/avr tools/avr toolchain/bin/../lib/gcc/avr/4.6.2/avr5\libgcc.a(_udivmodhi4.o)

.debug_line     0x00000000     0x67b8
 *(.debug_line)
 .debug_line    0x00000000      0x266 obj_split_keyboard/actionmap_plain.o
 .debug_line    0x00000266      0x370 obj_split_keyboard/matrix.o
 .debug_line    0x000005d6      0x1f3 obj_split_keyboard/i2c.o
 .debug_line    0x000007c9      0x2e8 obj_split_keyboard/serial.o
 .debug_line    0x00000ab1      0x183 obj_split_keyboard/split-util.o
 .debug_line    0x00000c34       0xa5 obj_split_keyboard/led.o
 .debug_line    0x00000cd9      0x7a2 obj_split_keyboard/protocol/lufa/lufa.o
 .debug_line    0x0000147b      0x256 obj_split_keyboard/protocol/lufa/descriptor.o
 .debug_line    0x000016d1      0x2b9 obj_split_keyboard/protocol/lufa/LUFA-git/LUFA/Drivers/USB/Class/Common/HIDParser.o
 .debug_line    0x0000198a      0x179 obj_split_keyboard/protocol/lufa/LUFA-git/LUFA/Drivers/USB/Core/AVR8/Device_AVR8.o
 .debug_line    0x00001b03      0xd17 obj_split_keyboard/protocol/lufa/LUFA-git/LUFA/Drivers/USB/Core/AVR8/EndpointStream_AVR8.o
 .debug_line    0x0000281a      0x43f obj_split_keyboard/protocol/lufa/LUFA-git/LUFA/Drivers/USB/Core/AVR8/Endpoint_AVR8.o
 .debug_line    0x00002c59       0x1a obj_split_keyboard/protocol/lufa/LUFA-git/LUFA/Drivers/USB/Core/AVR8/Host_AVR8.o
 .debug_line    0x00002c73       0x1a obj_split_keyboard/protocol/lufa/LUFA-git/LUFA/Drivers/USB/Core/AVR8/PipeStream_AVR8.o
 .debug_line    0x00002c8d       0x1a obj_split_keyboard/protocol/lufa/LUFA-git/LUFA/Drivers/USB/Core/AVR8/Pipe_AVR8.o
 .debug_line    0x00002ca7      0x345 obj_split_keyboard/protocol/lufa/LUFA-git/LUFA/Drivers/USB/Core/AVR8/USBController_AVR8.o
 .debug_line    0x00002fec      0x4c2 obj_split_keyboard/protocol/lufa/LUFA-git/LUFA/Drivers/USB/Core/AVR8/USBInterrupt_AVR8.o
 .debug_line    0x000034ae      0x1e1 obj_split_keyboard/protocol/lufa/LUFA-git/LUFA/Drivers/USB/Core/ConfigDescriptors.o
 .debug_line    0x0000368f      0x3be obj_split_keyboard/protocol/lufa/LUFA-git/LUFA/Drivers/USB/Core/DeviceStandardReq.o
 .debug_line    0x00003a4d       0x72 obj_split_keyboard/protocol/lufa/LUFA-git/LUFA/Drivers/USB/Core/Events.o
 .debug_line    0x00003abf       0x1a obj_split_keyboard/protocol/lufa/LUFA-git/LUFA/Drivers/USB/Core/HostStandardReq.o
 .debug_line    0x00003ad9      0x1da obj_split_keyboard/protocol/lufa/LUFA-git/LUFA/Drivers/USB/Core/USBTask.o
 .debug_line    0x00003cb3      0x1e5 obj_split_keyboard/common/host.o
 .debug_line    0x00003e98      0x1cf obj_split_keyboard/common/keyboard.o
 .debug_line    0x00004067      0x3c5 obj_split_keyboard/common/action.o
 .debug_line    0x0000442c      0x29a obj_split_keyboard/common/action_tapping.o
 .debug_line    0x000046c6      0x1db obj_split_keyboard/common/action_macro.o
 .debug_line    0x000048a1      0x21c obj_split_keyboard/common/action_layer.o
 .debug_line    0x00004abd      0x3a5 obj_split_keyboard/common/action_util.o
 .debug_line    0x00004e62       0xe5 obj_split_keyboard/common/print.o
 .debug_line    0x00004f47       0xb8 obj_split_keyboard/common/debug.o
 .debug_line    0x00004fff      0x1ca obj_split_keyboard/common/util.o
 .debug_line    0x000051c9      0x1c9 obj_split_keyboard/common/avr/suspend.o
 .debug_line    0x00005392      0x184 obj_split_keyboard/common/avr/timer.o
 .debug_line    0x00005516      0x1b1 obj_split_keyboard/common/avr/bootloader.o
 .debug_line    0x000056c7      0x178 obj_split_keyboard/common/actionmap.o
 .debug_line    0x0000583f      0x2a3 obj_split_keyboard/common/bootmagic.o
 .debug_line    0x00005ae2      0x15a obj_split_keyboard/common/avr/eeconfig.o
 .debug_line    0x00005c3c      0x363 obj_split_keyboard/common/mousekey.o
 .debug_line    0x00005f9f      0x39b obj_split_keyboard/common/command.o
 .debug_line    0x0000633a      0x112 obj_split_keyboard/common/sleep_led.o
 .debug_line    0x0000644c       0x92 c:/program files (x86)/atmel/avr tools/avr toolchain/bin/../lib/gcc/avr/4.6.2/avr5\libgcc.a(_udivmodqi4.o)
 .debug_line    0x000064de       0x99 c:/program files (x86)/atmel/avr tools/avr toolchain/bin/../lib/gcc/avr/4.6.2/avr5\libgcc.a(_divmodhi4.o)
 .debug_line    0x00006577       0x88 c:/program files (x86)/atmel/avr tools/avr toolchain/bin/../lib/gcc/avr/4.6.2/avr5\libgcc.a(_exit.o)
 .debug_line    0x000065ff       0x91 c:/program files (x86)/atmel/avr tools/avr toolchain/bin/../lib/gcc/avr/4.6.2/avr5\libgcc.a(_copy_data.o)
 .debug_line    0x00006690       0x8e c:/program files (x86)/atmel/avr tools/avr toolchain/bin/../lib/gcc/avr/4.6.2/avr5\libgcc.a(_clear_bss.o)
 .debug_line    0x0000671e       0x9a c:/program files (x86)/atmel/avr tools/avr toolchain/bin/../lib/gcc/avr/4.6.2/avr5\libgcc.a(_udivmodhi4.o)

.debug_frame    0x00000000     0x2034
 *(.debug_frame)
 .debug_frame   0x00000000       0x6c obj_split_keyboard/actionmap_plain.o
 .debug_frame   0x0000006c      0x1c8 obj_split_keyboard/matrix.o
 .debug_frame   0x00000234      0x178 obj_split_keyboard/i2c.o
 .debug_frame   0x000003ac      0x18c obj_split_keyboard/serial.o
 .debug_frame   0x00000538       0x54 obj_split_keyboard/split-util.o
 .debug_frame   0x0000058c       0x24 obj_split_keyboard/led.o
 .debug_frame   0x000005b0      0x138 obj_split_keyboard/protocol/lufa/lufa.o
 .debug_frame   0x000006e8       0x24 obj_split_keyboard/protocol/lufa/descriptor.o
 .debug_frame   0x0000070c      0x134 obj_split_keyboard/protocol/lufa/LUFA-git/LUFA/Drivers/USB/Class/Common/HIDParser.o
 .debug_frame   0x00000840       0x24 obj_split_keyboard/protocol/lufa/LUFA-git/LUFA/Drivers/USB/Core/AVR8/Device_AVR8.o
 .debug_frame   0x00000864      0x4a4 obj_split_keyboard/protocol/lufa/LUFA-git/LUFA/Drivers/USB/Core/AVR8/EndpointStream_AVR8.o
 .debug_frame   0x00000d08       0x7c obj_split_keyboard/protocol/lufa/LUFA-git/LUFA/Drivers/USB/Core/AVR8/Endpoint_AVR8.o
 .debug_frame   0x00000d84       0x5c obj_split_keyboard/protocol/lufa/LUFA-git/LUFA/Drivers/USB/Core/AVR8/USBController_AVR8.o
 .debug_frame   0x00000de0      0x104 obj_split_keyboard/protocol/lufa/LUFA-git/LUFA/Drivers/USB/Core/AVR8/USBInterrupt_AVR8.o
 .debug_frame   0x00000ee4       0xc8 obj_split_keyboard/protocol/lufa/LUFA-git/LUFA/Drivers/USB/Core/ConfigDescriptors.o
 .debug_frame   0x00000fac       0x3c obj_split_keyboard/protocol/lufa/LUFA-git/LUFA/Drivers/USB/Core/DeviceStandardReq.o
 .debug_frame   0x00000fe8       0x24 obj_split_keyboard/protocol/lufa/LUFA-git/LUFA/Drivers/USB/Core/Events.o
 .debug_frame   0x0000100c       0x2c obj_split_keyboard/protocol/lufa/LUFA-git/LUFA/Drivers/USB/Core/USBTask.o
 .debug_frame   0x00001038       0xd0 obj_split_keyboard/common/host.o
 .debug_frame   0x00001108       0xb4 obj_split_keyboard/common/keyboard.o
 .debug_frame   0x000011bc      0x15c obj_split_keyboard/common/action.o
 .debug_frame   0x00001318      0x12c obj_split_keyboard/common/action_tapping.o
 .debug_frame   0x00001444       0x50 obj_split_keyboard/common/action_macro.o
 .debug_frame   0x00001494      0x19c obj_split_keyboard/common/action_layer.o
 .debug_frame   0x00001630      0x208 obj_split_keyboard/common/action_util.o
 .debug_frame   0x00001838       0x24 obj_split_keyboard/common/print.o
 .debug_frame   0x0000185c      0x104 obj_split_keyboard/common/util.o
 .debug_frame   0x00001960       0x7c obj_split_keyboard/common/avr/suspend.o
 .debug_frame   0x000019dc       0xcc obj_split_keyboard/common/avr/timer.o
 .debug_frame   0x00001aa8       0x34 obj_split_keyboard/common/avr/bootloader.o
 .debug_frame   0x00001adc       0x44 obj_split_keyboard/common/actionmap.o
 .debug_frame   0x00001b20       0x84 obj_split_keyboard/common/bootmagic.o
 .debug_frame   0x00001ba4       0xb4 obj_split_keyboard/common/avr/eeconfig.o
 .debug_frame   0x00001c58       0xe0 obj_split_keyboard/common/mousekey.o
 .debug_frame   0x00001d38      0x244 obj_split_keyboard/common/command.o
 .debug_frame   0x00001f7c       0xb8 obj_split_keyboard/common/sleep_led.o

.debug_str      0x00000000     0x4a25
 *(.debug_str)
 .debug_str     0x00000000      0x95c obj_split_keyboard/actionmap_plain.o
                                0x9b2 (size before relaxing)
 .debug_str     0x0000095c      0x19d obj_split_keyboard/matrix.o
                                0x2fe (size before relaxing)
 .debug_str     0x00000af9       0xf7 obj_split_keyboard/i2c.o
                                0x1d0 (size before relaxing)
 .debug_str     0x00000bf0      0x117 obj_split_keyboard/serial.o
                                0x24f (size before relaxing)
 .debug_str     0x00000d07       0x87 obj_split_keyboard/split-util.o
                                0x1ab (size before relaxing)
 .debug_str     0x00000d8e       0x10 obj_split_keyboard/led.o
                                 0xd6 (size before relaxing)
 .debug_str     0x00000d9e      0x6a2 obj_split_keyboard/protocol/lufa/lufa.o
                                0x86d (size before relaxing)
 .debug_str     0x00001440      0x7d7 obj_split_keyboard/protocol/lufa/descriptor.o
                                0x910 (size before relaxing)
 .debug_str     0x00001c17      0x49b obj_split_keyboard/protocol/lufa/LUFA-git/LUFA/Drivers/USB/Class/Common/HIDParser.o
                                0x5fa (size before relaxing)
 .debug_str     0x000020b2       0x97 obj_split_keyboard/protocol/lufa/LUFA-git/LUFA/Drivers/USB/Core/AVR8/Device_AVR8.o
                                0x15d (size before relaxing)
 .debug_str     0x00002149      0x4fb obj_split_keyboard/protocol/lufa/LUFA-git/LUFA/Drivers/USB/Core/AVR8/EndpointStream_AVR8.o
                                0x783 (size before relaxing)
 .debug_str     0x00002644      0x27b obj_split_keyboard/protocol/lufa/LUFA-git/LUFA/Drivers/USB/Core/AVR8/Endpoint_AVR8.o
                                0x57f (size before relaxing)
 .debug_str     0x000028bf       0x4d obj_split_keyboard/protocol/lufa/LUFA-git/LUFA/Drivers/USB/Core/AVR8/Host_AVR8.o
                                0x105 (size before relaxing)
 .debug_str     0x0000290c       0x53 obj_split_keyboard/protocol/lufa/LUFA-git/LUFA/Drivers/USB/Core/AVR8/PipeStream_AVR8.o
                                0x10b (size before relaxing)
 .debug_str     0x0000295f       0x4d obj_split_keyboard/protocol/lufa/LUFA-git/LUFA/Drivers/USB/Core/AVR8/Pipe_AVR8.o
                                0x105 (size before relaxing)
 .debug_str     0x000029ac      0x1ba obj_split_keyboard/protocol/lufa/LUFA-git/LUFA/Drivers/USB/Core/AVR8/USBController_AVR8.o
                                0x467 (size before relaxing)
 .debug_str     0x00002b66      0x140 obj_split_keyboard/protocol/lufa/LUFA-git/LUFA/Drivers/USB/Core/AVR8/USBInterrupt_AVR8.o
                                0x462 (size before relaxing)
 .debug_str     0x00002ca6      0x247 obj_split_keyboard/protocol/lufa/LUFA-git/LUFA/Drivers/USB/Core/ConfigDescriptors.o
                                0x345 (size before relaxing)
 .debug_str     0x00002eed      0x429 obj_split_keyboard/protocol/lufa/LUFA-git/LUFA/Drivers/USB/Core/DeviceStandardReq.o
                                0x873 (size before relaxing)
 .debug_str     0x00003316       0x54 obj_split_keyboard/protocol/lufa/LUFA-git/LUFA/Drivers/USB/Core/Events.o
                                0x10c (size before relaxing)
 .debug_str     0x0000336a       0x4e obj_split_keyboard/protocol/lufa/LUFA-git/LUFA/Drivers/USB/Core/HostStandardReq.o
                                0x106 (size before relaxing)
 .debug_str     0x000033b8       0x6e obj_split_keyboard/protocol/lufa/LUFA-git/LUFA/Drivers/USB/Core/USBTask.o
                                0x2c3 (size before relaxing)
 .debug_str     0x00003426       0xdd obj_split_keyboard/common/host.o
                                0x2c7 (size before relaxing)
 .debug_str     0x00003503      0x124 obj_split_keyboard/common/keyboard.o
                                0x29e (size before relaxing)
 .debug_str     0x00003627      0x5a1 obj_split_keyboard/common/action.o
                                0xe7f (size before relaxing)
 .debug_str     0x00003bc8      0x103 obj_split_keyboard/common/action_tapping.o
                                0x9d5 (size before relaxing)
 .debug_str     0x00003ccb       0x76 obj_split_keyboard/common/action_macro.o
                                0x78a (size before relaxing)
 .debug_str     0x00003d41      0x102 obj_split_keyboard/common/action_layer.o
                                0x325 (size before relaxing)
 .debug_str     0x00003e43      0x292 obj_split_keyboard/common/action_util.o
                                0x4a2 (size before relaxing)
 .debug_str     0x000040d5       0x49 obj_split_keyboard/common/print.o
                                0x110 (size before relaxing)
 .debug_str     0x0000411e       0x1e obj_split_keyboard/common/debug.o
                                0x126 (size before relaxing)
 .debug_str     0x0000413c       0x65 obj_split_keyboard/common/util.o
                                0x13c (size before relaxing)
 .debug_str     0x000041a1       0xa4 obj_split_keyboard/common/avr/suspend.o
                                0x234 (size before relaxing)
 .debug_str     0x00004245       0x8c obj_split_keyboard/common/avr/timer.o
                                0x163 (size before relaxing)
 .debug_str     0x000042d1       0x66 obj_split_keyboard/common/avr/bootloader.o
                                0x19d (size before relaxing)
 .debug_str     0x00004337       0x42 obj_split_keyboard/common/actionmap.o
                                0x2a4 (size before relaxing)
 .debug_str     0x00004379       0x3f obj_split_keyboard/common/bootmagic.o
                                0xa0a (size before relaxing)
 .debug_str     0x000043b8       0xf5 obj_split_keyboard/common/avr/eeconfig.o
                                0x1c4 (size before relaxing)
 .debug_str     0x000044ad      0x141 obj_split_keyboard/common/mousekey.o
                                0x5e1 (size before relaxing)
 .debug_str     0x000045ee      0x3a7 obj_split_keyboard/common/command.o
                                0xcce (size before relaxing)
 .debug_str     0x00004995       0x90 obj_split_keyboard/common/sleep_led.o
                                0x17c (size before relaxing)

.debug_loc      0x00000000     0x78d4
 *(.debug_loc)
 .debug_loc     0x00000000      0x394 obj_split_keyboard/actionmap_plain.o
 .debug_loc     0x00000394      0x57d obj_split_keyboard/matrix.o
 .debug_loc     0x00000911      0x436 obj_split_keyboard/i2c.o
 .debug_loc     0x00000d47      0x3ac obj_split_keyboard/serial.o
 .debug_loc     0x000010f3      0x55f obj_split_keyboard/protocol/lufa/lufa.o
 .debug_loc     0x00001652      0x1ac obj_split_keyboard/protocol/lufa/descriptor.o
 .debug_loc     0x000017fe      0xb47 obj_split_keyboard/protocol/lufa/LUFA-git/LUFA/Drivers/USB/Class/Common/HIDParser.o